Component: ARM Compiler 5.06 update 4 (build 422) Tool: armlink [4d35d2]

==============================================================================

Section Cross References

    stm32f4xx_hal_msp.o(i.HAL_ADC_MspDeInit) refers to stm32f4xx_hal_gpio.o(i.HAL_GPIO_DeInit) for HAL_GPIO_DeInit
    stm32f4xx_hal_msp.o(i.HAL_ADC_MspInit) refers to stm32f4xx_hal_gpio.o(i.HAL_GPIO_Init) for HAL_GPIO_Init
    stm32f4xx_hal_msp.o(i.HAL_MspInit) refers to stm32f4xx_hal_cortex.o(i.HAL_NVIC_SetPriorityGrouping) for HAL_NVIC_SetPriorityGrouping
    stm32f4xx_hal_msp.o(i.HAL_MspInit) refers to stm32f4xx_hal_cortex.o(i.HAL_NVIC_SetPriority) for HAL_NVIC_SetPriority
    stm32f4xx_hal_msp.o(i.HAL_SPI_MspDeInit) refers to stm32f4xx_hal_gpio.o(i.HAL_GPIO_DeInit) for HAL_GPIO_DeInit
    stm32f4xx_hal_msp.o(i.HAL_SPI_MspInit) refers to stm32f4xx_hal_gpio.o(i.HAL_GPIO_Init) for HAL_GPIO_Init
    stm32f4xx_hal_msp.o(i.HAL_UART_MspDeInit) refers to stm32f4xx_hal_gpio.o(i.HAL_GPIO_DeInit) for HAL_GPIO_DeInit
    stm32f4xx_hal_msp.o(i.HAL_UART_MspInit) refers to stm32f4xx_hal_gpio.o(i.HAL_GPIO_Init) for HAL_GPIO_Init
    stm32f4xx_it.o(i.NMI_Handler) refers to stm32f4xx_hal_rcc.o(i.HAL_RCC_NMI_IRQHandler) for HAL_RCC_NMI_IRQHandler
    stm32f4xx_it.o(i.OTG_FS_IRQHandler) refers to stm32f4xx_hal_hcd.o(i.HAL_HCD_IRQHandler) for HAL_HCD_IRQHandler
    stm32f4xx_it.o(i.OTG_FS_IRQHandler) refers to usbh_conf.o(.bss) for hhcd_USB_OTG_FS
    stm32f4xx_it.o(i.SysTick_Handler) refers to stm32f4xx_hal.o(i.HAL_IncTick) for HAL_IncTick
    stm32f4xx_it.o(i.SysTick_Handler) refers to stm32f4xx_hal_cortex.o(i.HAL_SYSTICK_IRQHandler) for HAL_SYSTICK_IRQHandler
    main.o(i.MX_ADC1_Init) refers to stm32f4xx_hal_adc.o(i.HAL_ADC_Init) for HAL_ADC_Init
    main.o(i.MX_ADC1_Init) refers to stm32f4xx_hal_adc.o(i.HAL_ADC_ConfigChannel) for HAL_ADC_ConfigChannel
    main.o(i.MX_ADC1_Init) refers to main.o(.bss) for .bss
    main.o(i.MX_GPIO_Init) refers to stm32f4xx_hal_gpio.o(i.HAL_GPIO_WritePin) for HAL_GPIO_WritePin
    main.o(i.MX_GPIO_Init) refers to stm32f4xx_hal_gpio.o(i.HAL_GPIO_Init) for HAL_GPIO_Init
    main.o(i.MX_SPI1_Init) refers to stm32f4xx_hal_spi.o(i.HAL_SPI_Init) for HAL_SPI_Init
    main.o(i.MX_SPI1_Init) refers to main.o(.bss) for .bss
    main.o(i.MX_SPI2_Init) refers to stm32f4xx_hal_spi.o(i.HAL_SPI_Init) for HAL_SPI_Init
    main.o(i.MX_SPI2_Init) refers to main.o(.bss) for .bss
    main.o(i.SystemClock_Config) refers to stm32f4xx_hal_rcc.o(i.HAL_RCC_OscConfig) for HAL_RCC_OscConfig
    main.o(i.SystemClock_Config) refers to stm32f4xx_hal_rcc.o(i.HAL_RCC_ClockConfig) for HAL_RCC_ClockConfig
    main.o(i.SystemClock_Config) refers to stm32f4xx_hal_rcc.o(i.HAL_RCC_EnableCSS) for HAL_RCC_EnableCSS
    main.o(i.SystemClock_Config) refers to stm32f4xx_hal_rcc.o(i.HAL_RCC_GetHCLKFreq) for HAL_RCC_GetHCLKFreq
    main.o(i.SystemClock_Config) refers to stm32f4xx_hal_cortex.o(i.HAL_SYSTICK_Config) for HAL_SYSTICK_Config
    main.o(i.SystemClock_Config) refers to stm32f4xx_hal_cortex.o(i.HAL_SYSTICK_CLKSourceConfig) for HAL_SYSTICK_CLKSourceConfig
    main.o(i.SystemClock_Config) refers to stm32f4xx_hal_cortex.o(i.HAL_NVIC_SetPriority) for HAL_NVIC_SetPriority
    main.o(i.commandFromESP) refers to stm32f4xx_hal_gpio.o(i.HAL_GPIO_WritePin) for HAL_GPIO_WritePin
    main.o(i.commandFromESP) refers to stm32f4xx_hal_spi.o(i.HAL_SPI_TransmitReceive) for HAL_SPI_TransmitReceive
    main.o(i.commandFromESP) refers to stm32f4xx_hal_gpio.o(i.HAL_GPIO_TogglePin) for HAL_GPIO_TogglePin
    main.o(i.commandFromESP) refers to stm32f4xx_hal.o(i.HAL_Delay) for HAL_Delay
    main.o(i.float2ESP) refers to stm32f4xx_hal_gpio.o(i.HAL_GPIO_WritePin) for HAL_GPIO_WritePin
    main.o(i.float2ESP) refers to stm32f4xx_hal_spi.o(i.HAL_SPI_Transmit) for HAL_SPI_Transmit
    main.o(i.float2ESP) refers to stm32f4xx_hal_gpio.o(i.HAL_GPIO_TogglePin) for HAL_GPIO_TogglePin
    main.o(i.float2ESP) refers to stm32f4xx_hal.o(i.HAL_Delay) for HAL_Delay
    main.o(i.floatArray2ESP) refers to stm32f4xx_hal_gpio.o(i.HAL_GPIO_WritePin) for HAL_GPIO_WritePin
    main.o(i.floatArray2ESP) refers to stm32f4xx_hal_spi.o(i.HAL_SPI_Transmit) for HAL_SPI_Transmit
    main.o(i.floatArray2ESP) refers to stm32f4xx_hal_gpio.o(i.HAL_GPIO_TogglePin) for HAL_GPIO_TogglePin
    main.o(i.main) refers to stm32f4xx_hal.o(i.HAL_Init) for HAL_Init
    main.o(i.main) refers to main.o(i.SystemClock_Config) for SystemClock_Config
    main.o(i.main) refers to main.o(i.MX_GPIO_Init) for MX_GPIO_Init
    main.o(i.main) refers to main.o(i.MX_SPI1_Init) for MX_SPI1_Init
    main.o(i.main) refers to main.o(i.MX_SPI2_Init) for MX_SPI2_Init
    main.o(i.main) refers to main.o(i.MX_ADC1_Init) for MX_ADC1_Init
    main.o(i.main) refers to stm32f4xx_hal_uart.o(i.HAL_UART_Init) for HAL_UART_Init
    main.o(i.main) refers to usb_host.o(i.MX_USB_HOST_Init) for MX_USB_HOST_Init
    main.o(i.main) refers to stm32f4xx_hal_gpio.o(i.HAL_GPIO_WritePin) for HAL_GPIO_WritePin
[...]
    i.USBH_MSC_BOT_Init                      0x08004aa0   Section        0  usbh_msc_bot.o(i.USBH_MSC_BOT_Init)
    i.USBH_MSC_BOT_Process                   0x08004ac4   Section        0  usbh_msc_bot.o(i.USBH_MSC_BOT_Process)
    i.USBH_MSC_BOT_REQ_GetMaxLUN             0x08004ca0   Section        0  usbh_msc_bot.o(i.USBH_MSC_BOT_REQ_GetMaxLUN)
    i.USBH_MSC_BOT_REQ_Reset                 0x08004cb6   Section        0  usbh_msc_bot.o(i.USBH_MSC_BOT_REQ_Reset)
    i.USBH_MSC_ClassRequest                  0x08004ccc   Section        0  usbh_msc.o(i.USBH_MSC_ClassRequest)
    USBH_MSC_ClassRequest                    0x08004ccd   Thumb Code   108  usbh_msc.o(i.USBH_MSC_ClassRequest)
    i.USBH_MSC_InterfaceDeInit               0x08004d38   Section        0  usbh_msc.o(i.USBH_MSC_InterfaceDeInit)
    USBH_MSC_InterfaceDeInit                 0x08004d39   Thumb Code    74  usbh_msc.o(i.USBH_MSC_InterfaceDeInit)
    i.USBH_MSC_InterfaceInit                 0x08004d82   Section        0  usbh_msc.o(i.USBH_MSC_InterfaceInit)
    USBH_MSC_InterfaceInit                   0x08004d83   Thumb Code   332  usbh_msc.o(i.USBH_MSC_InterfaceInit)
    i.USBH_MSC_Process                       0x08004ece   Section        0  usbh_msc.o(i.USBH_MSC_Process)
    USBH_MSC_Process                         0x08004ecf   Thumb Code   656  usbh_msc.o(i.USBH_MSC_Process)
    i.USBH_MSC_SCSI_Inquiry                  0x0800515e   Section        0  usbh_msc_scsi.o(i.USBH_MSC_SCSI_Inquiry)
    i.USBH_MSC_SCSI_ReadCapacity             0x0800521e   Section        0  usbh_msc_scsi.o(i.USBH_MSC_SCSI_ReadCapacity)
    i.USBH_MSC_SCSI_RequestSense             0x08005298   Section        0  usbh_msc_scsi.o(i.USBH_MSC_SCSI_RequestSense)
    i.USBH_MSC_SCSI_TestUnitReady            0x0800532a   Section        0  usbh_msc_scsi.o(i.USBH_MSC_SCSI_TestUnitReady)
    i.USBH_MSC_SOFProcess                    0x08005376   Section        0  usbh_msc.o(i.USBH_MSC_SOFProcess)
    USBH_MSC_SOFProcess                      0x08005377   Thumb Code     4  usbh_msc.o(i.USBH_MSC_SOFProcess)
    i.USBH_MTP_ClassRequest                  0x0800537a   Section        0  usbh_mtp.o(i.USBH_MTP_ClassRequest)
    USBH_MTP_ClassRequest                    0x0800537b   Thumb Code     4  usbh_mtp.o(i.USBH_MTP_ClassRequest)
    i.USBH_MTP_Events                        0x0800537e   Section        0  usbh_mtp.o(i.USBH_MTP_Events)
    USBH_MTP_Events                          0x0800537f   Thumb Code   164  usbh_mtp.o(i.USBH_MTP_Events)
    i.USBH_MTP_EventsCallback                0x08005422   Section        0  usbh_mtp.o(i.USBH_MTP_EventsCallback)
    i.USBH_MTP_InterfaceDeInit               0x08005424   Section        0  usbh_mtp.o(i.USBH_MTP_InterfaceDeInit)
    USBH_MTP_InterfaceDeInit                 0x08005425   Thumb Code   116  usbh_mtp.o(i.USBH_MTP_InterfaceDeInit)
    i.USBH_MTP_InterfaceInit                 0x08005498   Section        0  usbh_mtp.o(i.USBH_MTP_InterfaceInit)
    USBH_MTP_InterfaceInit                   0x08005499   Thumb Code   540  usbh_mtp.o(i.USBH_MTP_InterfaceInit)
    i.USBH_MTP_Process                       0x080056b4   Section        0  usbh_mtp.o(i.USBH_MTP_Process)
    USBH_MTP_Process                         0x080056b5   Thumb Code   216  usbh_mtp.o(i.USBH_MTP_Process)
    i.USBH_MTP_SOFProcess                    0x0800578c   Section        0  usbh_mtp.o(i.USBH_MTP_SOFProcess)
    USBH_MTP_SOFProcess                      0x0800578d   Thumb Code     4  usbh_mtp.o(i.USBH_MTP_SOFProcess)
    i.USBH_OpenPipe                          0x08005790   Section        0  usbh_pipes.o(i.USBH_OpenPipe)
    i.USBH_PTP_GetDeviceInfo                 0x080057a4   Section        0  usbh_mtp_ptp.o(i.USBH_PTP_GetDeviceInfo)
    i.USBH_PTP_GetResponse                   0x08005832   Section        0  usbh_mtp_ptp.o(i.USBH_PTP_GetResponse)
    i.USBH_PTP_GetStorageIds                 0x08005868   Section        0  usbh_mtp_ptp.o(i.USBH_PTP_GetStorageIds)
    i.USBH_PTP_GetStorageInfo                0x08005904   Section        0  usbh_mtp_ptp.o(i.USBH_PTP_GetStorageInfo)
    i.USBH_PTP_Init                          0x0800599e   Section        0  usbh_mtp_ptp.o(i.USBH_PTP_Init)
    i.USBH_PTP_OpenSession                   0x080059b8   Section        0  usbh_mtp_ptp.o(i.USBH_PTP_OpenSession)
    i.USBH_PTP_Process                       0x08005a20   Section        0  usbh_mtp_ptp.o(i.USBH_PTP_Process)
    i.USBH_PTP_SendRequest                   0x08005c56   Section        0  usbh_mtp_ptp.o(i.USBH_PTP_SendRequest)
    i.USBH_ParseCfgDesc                      0x08005cac   Section        0  usbh_ctlreq.o(i.USBH_ParseCfgDesc)
    USBH_ParseCfgDesc                        0x08005cad   Thumb Code   232  usbh_ctlreq.o(i.USBH_ParseCfgDesc)
    i.USBH_Process                           0x08005d94   Section        0  usbh_core.o(i.USBH_Process)
    i.USBH_RegisterClass                     0x08005efc   Section        0  usbh_core.o(i.USBH_RegisterClass)
    i.USBH_SelectInterface                   0x08005f20   Section        0  usbh_core.o(i.USBH_SelectInterface)
    i.USBH_SetAddress                        0x08005f36   Section        0  usbh_ctlreq.o(i.USBH_SetAddress)
    i.USBH_SetCfg                            0x08005f52   Section        0  usbh_ctlreq.o(i.USBH_SetCfg)
    i.USBH_SetInterface                      0x08005f6e   Section        0  usbh_ctlreq.o(i.USBH_SetInterface)
    i.USBH_Start                             0x08005f8a   Section        0  usbh_core.o(i.USBH_Start)
    i.USBH_UserProcess                       0x08005fa0   Section        0  usb_host.o(i.USBH_UserProcess)
    USBH_UserProcess                         0x08005fa1   Thumb Code    28  usb_host.o(i.USBH_UserProcess)
    i.USB_CoreInit                           0x08005fc0   Section        0  stm32f4xx_ll_usb.o(i.USB_CoreInit)
    i.USB_CoreReset                          0x0800602c   Section        0  stm32f4xx_ll_usb.o(i.USB_CoreReset)
    USB_CoreReset                            0x0800602d   Thumb Code    50  stm32f4xx_ll_usb.o(i.USB_CoreReset)
    i.USB_DisableGlobalInt                   0x08006064   Section        0  stm32f4xx_ll_usb.o(i.USB_DisableGlobalInt)
    i.USB_DoPing                             0x08006070   Section        0  stm32f4xx_ll_usb.o(i.USB_DoPing)
    i.USB_DriveVbus                          0x080060b0   Section        0  stm32f4xx_ll_usb.o(i.USB_DriveVbus)
    i.USB_EnableGlobalInt                    0x080060dc   Section        0  stm32f4xx_ll_usb.o(i.USB_EnableGlobalInt)
    i.USB_FlushRxFifo                        0x080060e8   Section        0  stm32f4xx_ll_usb.o(i.USB_FlushRxFifo)
    i.USB_FlushTxFifo                        0x08006108   Section        0  stm32f4xx_ll_usb.o(i.USB_FlushTxFifo)
    i.USB_GetCurrentFrame                    0x0800612c   Section        0  stm32f4xx_ll_usb.o(i.USB_GetCurrentFrame)
    i.USB_GetHostSpeed                       0x08006134   Section        0  stm32f4xx_ll_usb.o(i.USB_GetHostSpeed)
    i.USB_GetMode                            0x08006142   Section        0  stm32f4xx_ll_usb.o(i.USB_GetMode)
    i.USB_HC_Halt                            0x0800614a   Section        0  stm32f4xx_ll_usb.o(i.USB_HC_Halt)
    i.USB_HC_Init                            0x08006294   Section        0  stm32f4xx_ll_usb.o(i.USB_HC_Init)
    i.USB_HC_ReadInterrupt                   0x0800637e   Section        0  stm32f4xx_ll_usb.o(i.USB_HC_ReadInterrupt)
    i.USB_HC_StartXfer                       0x0800638c   Section        0  stm32f4xx_ll_usb.o(i.USB_HC_StartXfer)
    i.USB_HostInit                           0x08006514   Section        0  stm32f4xx_ll_usb.o(i.USB_HostInit)
    i.USB_InitFSLSPClkSel                    0x080065e8   Section        0  stm32f4xx_ll_usb.o(i.USB_InitFSLSPClkSel)
    i.USB_ReadInterrupts                     0x0800661e   Section        0  stm32f4xx_ll_usb.o(i.USB_ReadInterrupts)
    i.USB_ReadPacket                         0x08006626   Section        0  stm32f4xx_ll_usb.o(i.USB_ReadPacket)
    i.USB_ResetPort                          0x08006646   Section        0  stm32f4xx_ll_usb.o(i.USB_ResetPort)
    i.USB_SetCurrentMode                     0x08006672   Section        0  stm32f4xx_ll_usb.o(i.USB_SetCurrentMode)
    i.USB_StopHost                           0x0800669e   Section        0  stm32f4xx_ll_usb.o(i.USB_StopHost)
    i.USB_WritePacket                        0x08006750   Section        0  stm32f4xx_ll_usb.o(i.USB_WritePacket)
    i.UsageFault_Handler                     0x08006778   Section        0  stm32f4xx_it.o(i.UsageFault_Handler)
    i._Error_Handler                         0x0800677a   Section        0  main.o(i._Error_Handler)
    i.__0sprintf                             0x0800677c   Section        0  printfa.o(i.__0sprintf)
    i.__scatterload_copy                     0x080067a4   Section       14  handlers.o(i.__scatterload_copy)
    i.__scatterload_null                     0x080067b2   Section        2  handlers.o(i.__scatterload_null)
    i.__scatterload_zeroinit                 0x080067b4   Section       14  handlers.o(i.__scatterload_zeroinit)
    i._fp_digits                             0x080067c4   Section        0  printfa.o(i._fp_digits)
    _fp_digits                               0x080067c5   Thumb Code   366  printfa.o(i._fp_digits)
    i._printf_core                           0x08006948   Section        0  printfa.o(i._printf_core)
    _printf_core                             0x08006949   Thumb Code  1744  printfa.o(i._printf_core)
    i._printf_post_padding                   0x08007024   Section        0  printfa.o(i._printf_post_padding)
    _printf_post_padding                     0x08007025   Thumb Code    36  printfa.o(i._printf_post_padding)
    i._printf_pre_padding                    0x08007048   Section        0  printfa.o(i._printf_pre_padding)
    _printf_pre_padding                      0x08007049   Thumb Code    46  printfa.o(i._printf_pre_padding)
    i._sputc                                 0x08007076   Section        0  printfa.o(i._sputc)
    _sputc                                   0x08007077   Thumb Code    10  printfa.o(i._sputc)
    i.adc_send_command                       0x08007080   Section        0  ads1299.o(i.adc_send_command)
    i.adc_wreg                               0x080070c4   Section        0  ads1299.o(i.adc_wreg)
    i.adquire_array_data                     0x08007134   Section        0  ads1299.o(i.adquire_array_data)
    i.adquire_single_data                    0x080071e4   Section        0  ads1299.o(i.adquire_single_data)
    i.byte2float                             0x08007244   Section        0  ads1299.o(i.byte2float)
    i.commandFromESP                         0x08007294   Section        0  main.o(i.commandFromESP)
    i.configADS                              0x080072e0   Section        0  ads1299.o(i.configADS)
    i.fifo_init                              0x080073a8   Section        0  usbh_hid.o(i.fifo_init)
    i.fifo_write                             0x080073b6   Section        0  usbh_hid.o(i.fifo_write)
    i.float2ESP                              0x08007408   Section        0  main.o(i.float2ESP)
    i.floatArray2ESP                         0x08007448   Section        0  main.o(i.floatArray2ESP)
    i.frame_loff_statn                       0x080074ac   Section        0  ads1299.o(i.frame_loff_statn)
    i.free                                   0x080074bc   Section        0  malloc.o(i.free)
    i.main                                   0x0800750c   Section        0  main.o(i.main)
    i.malloc                                 0x08007774   Section        0  malloc.o(i.malloc)
    i.read_data_frame                        0x080077e0   Section        0  ads1299.o(i.read_data_frame)
    i.update_bias_ref                        0x0800780c   Section        0  ads1299.o(i.update_bias_ref)
    .constdata                               0x0800787c   Section       16  system_stm32f4xx.o(.constdata)
    .constdata                               0x0800788c   Section        8  system_stm32f4xx.o(.constdata)
    .conststring                             0x08007894   Section        6  usbh_audio.o(.conststring)
    .conststring                             0x0800789c   Section        4  usbh_mtp.o(.conststring)
    .conststring                             0x080078a0   Section        4  usbh_hid.o(.conststring)
    .conststring                             0x080078a4   Section        4  usbh_msc.o(.conststring)
    .conststring                             0x080078a8   Section        4  usbh_cdc.o(.conststring)
    .data                                    0x20000000   Section        8  main.o(.data)
    .data                                    0x20000008   Section        1  usb_host.o(.data)
    .data                                    0x2000000c   Section        8  ads1299.o(.data)
    last_loff_statp                          0x2000000c   Data           1  ads1299.o(.data)
    last_loff_statn                          0x2000000d   Data           1  ads1299.o(.data)
    samples_since_last_bias_change           0x20000010   Data           4  ads1299.o(.data)
    .data                                    0x20000014   Section        4  stm32f4xx_hal.o(.data)
    .data                                    0x20000018   Section        4  system_stm32f4xx.o(.data)
    .data                                    0x2000001c   Section        8  usbh_hid_keybd.o(.data)
    .data                                    0x20000024   Section        9  usbh_hid_mouse.o(.data)
    .data                                    0x20000030   Section       32  usbh_audio.o(.data)
    .data                                    0x20000050   Section       32  usbh_mtp.o(.data)
    .data                                    0x20000070   Section       32  usbh_hid.o(.data)
    .data                                    0x20000090   Section       32  usbh_msc.o(.data)
    .data                                    0x200000b0   Section       32  usbh_cdc.o(.data)
    .data                                    0x200000d0   Section        4  mvars.o(.data)
    .data                                    0x200000d4   Section        4  mvars.o(.data)
    .bss                                     0x200000d8   Section     1339  main.o(.bss)
    .bss                                     0x20000614   Section      664  usbh_conf.o(.bss)
    .bss                                     0x200008ac   Section     1432  usb_host.o(.bss)
    .bss                                     0x20000e44   Section       15  usbh_hid_keybd.o(.bss)
    HEAP                                     0x20000e58   Section      512  startup_stm32f405xx.o(HEAP)
    STACK                                    0x20001058   Section     1024  startup_stm32f405xx.o(STACK)

    Global Symbols

    Symbol Name                              Value     Ov Type        Size  Object(Section)

    BuildAttributes$$THM_ISAv4$E$P$D$K$B$S$7EM$VFPi3$EXTD16$VFPS$VFMA$PE$A:L22UL41UL21$X:L11$S22US41US21$IEEE1$IW$USESV6$~STKCKD$USESV7$~SHL$OSPACE$ROPI$EBA8$MICROLIB$REQ8$PRES8$EABIv2 0x00000000   Number         0  anon$$obj.o ABSOLUTE
    __ARM_use_no_argv                        0x00000000   Number         0  main.o ABSOLUTE
    _printf_a                                0x00000000   Number         0  stubs.o ABSOLUTE
    _printf_c                                0x00000000   Number         0  stubs.o ABSOLUTE
    _printf_charcount                        0x00000000   Number         0  stubs.o ABSOLUTE
    _printf_d                                0x00000000   Number         0  stubs.o ABSOLUTE
    _printf_e                                0x00000000   Number         0  stubs.o ABSOLUTE
    _printf_f                                0x00000000   Number         0  stubs.o ABSOLUTE
    _printf_flags                            0x00000000   Number         0  stubs.o ABSOLUTE
    _printf_fp_dec                           0x00000000   Number         0  stubs.o ABSOLUTE
    _printf_fp_hex                           0x00000000   Number         0  stubs.o ABSOLUTE
    _printf_g                                0x00000000   Number         0  stubs.o ABSOLUTE
    _printf_i                                0x00000000   Number         0  stubs.o ABSOLUTE
    _printf_int_dec                          0x00000000   Number         0  stubs.o ABSOLUTE
    _printf_l                                0x00000000   Number         0  stubs.o ABSOLUTE
    _printf_lc                               0x00000000   Number         0  stubs.o ABSOLUTE
    _printf_ll                               0x00000000   Number         0  stubs.o ABSOLUTE
    _printf_lld                              0x00000000   Number         0  stubs.o ABSOLUTE
    _printf_lli                              0x00000000   Number         0  stubs.o ABSOLUTE
    _printf_llo                              0x00000000   Number         0  stubs.o ABSOLUTE
    _printf_llu                              0x00000000   Number         0  stubs.o ABSOLUTE
    _printf_llx                              0x00000000   Number         0  stubs.o ABSOLUTE
    _printf_longlong_dec                     0x00000000   Number         0  stubs.o ABSOLUTE
    _printf_longlong_hex                     0x00000000   Number         0  stubs.o ABSOLUTE
    _printf_longlong_oct                     0x00000000   Number         0  stubs.o ABSOLUTE
    _printf_ls                               0x00000000   Number         0  stubs.o ABSOLUTE
    _printf_mbtowc                           0x00000000   Number         0  stubs.o ABSOLUTE
    _printf_n                                0x00000000   Number         0  stubs.o ABSOLUTE
    _printf_o                                0x00000000   Number         0  stubs.o ABSOLUTE
    _printf_p                                0x00000000   Number         0  stubs.o ABSOLUTE
    _printf_percent                          0x00000000   Number         0  stubs.o ABSOLUTE
    _printf_pre_padding                      0x00000000   Number         0  stubs.o ABSOLUTE
    _printf_return_value                     0x00000000   Number         0  stubs.o ABSOLUTE
    _printf_s                                0x00000000   Number         0  stubs.o ABSOLUTE
    _printf_sizespec                         0x00000000   Number         0  stubs.o ABSOLUTE
    _printf_str                              0x00000000   Number         0  stubs.o ABSOLUTE
    _printf_truncate_signed                  0x00000000   Number         0  stubs.o ABSOLUTE
    _printf_truncate_unsigned                0x00000000   Number         0  stubs.o ABSOLUTE
    _printf_u                                0x00000000   Number         0  stubs.o ABSOLUTE
    _printf_wc                               0x00000000   Number         0  stubs.o ABSOLUTE
    _printf_wctomb                           0x00000000   Number         0  stubs.o ABSOLUTE
    _printf_widthprec                        0x00000000   Number         0  stubs.o ABSOLUTE
    _printf_x                                0x00000000   Number         0  stubs.o ABSOLUTE
    __cpp_initialize__aeabi_                  - Undefined Weak Reference
    __cxa_finalize                            - Undefined Weak Reference
    __decompress                              - Undefined Weak Reference
    _clock_init                               - Undefined Weak Reference
    _microlib_exit                            - Undefined Weak Reference
    __Vectors_Size                           0x00000188   Number         0  startup_stm32f405xx.o ABSOLUTE
    __Vectors                                0x08000000   Data           4  startup_stm32f405xx.o(RESET)
    __Vectors_End                            0x08000188   Data           0  startup_stm32f405xx.o(RESET)
    __main                                   0x08000189   Thumb Code     0  entry.o(.ARM.Collect$$$$00000000)
    _main_stk                                0x08000189   Thumb Code     0  entry2.o(.ARM.Collect$$$$00000001)
    _main_scatterload                        0x0800018d   Thumb Code     0  entry5.o(.ARM.Collect$$$$00000004)
    __main_after_scatterload                 0x08000191   Thumb Code     0  entry5.o(.ARM.Collect$$$$00000004)
    _main_clock                              0x08000191   Thumb Code     0  entry7b.o(.ARM.Collect$$$$00000008)
    _main_cpp_init                           0x08000191   Thumb Code     0  entry8b.o(.ARM.Collect$$$$0000000A)
    _main_init                               0x08000191   Thumb Code     0  entry9a.o(.ARM.Collect$$$$0000000B)
    __rt_final_cpp                           0x08000199   Thumb Code     0  entry10a.o(.ARM.Collect$$$$0000000D)
    __rt_final_exit                          0x08000199   Thumb Code     0  entry11a.o(.ARM.Collect$$$$0000000F)
    Reset_Handler                            0x0800019d   Thumb Code     8  startup_stm32f405xx.o(.text)
    ADC_IRQHandler                           0x080001b7   Thumb Code     0  startup_stm32f405xx.o(.text)
    CAN1_RX0_IRQHandler                      0x080001b7   Thumb Code     0  startup_stm32f405xx.o(.text)
    CAN1_RX1_IRQHandler                      0x080001b7   Thumb Code     0  startup_stm32f405xx.o(.text)
    CAN1_SCE_IRQHandler                      0x080001b7   Thumb Code     0  startup_stm32f405xx.o(.text)
    CAN1_TX_IRQHandler                       0x080001b7   Thumb Code     0  startup_stm32f405xx.o(.text)
    CAN2_RX0_IRQHandler                      0x080001b7   Thumb Code     0  startup_stm32f405xx.o(.text)
    CAN2_RX1_IRQHandler                      0x080001b7   Thumb Code     0  startup_stm32f405xx.o(.text)
    CAN2_SCE_IRQHandler                      0x080001b7   Thumb Code     0  startup_stm32f405xx.o(.text)
    CAN2_TX_IRQHandler                       0x080001b7   Thumb Code     0  startup_stm32f405xx.o(.text)
    DMA1_Stream0_IRQHandler                  0x080001b7   Thumb Code     0  startup_stm32f405xx.o(.text)
    DMA1_Stream1_IRQHandler                  0x080001b7   Thumb Code     0  startup_stm32f405xx.o(.text)
    DMA1_Stream2_IRQHandler                  0x080001b7   Thumb Code     0  startup_stm32f405xx.o(.text)
    DMA1_Stream3_IRQHandler                  0x080001b7   Thumb Code     0  startup_stm32f405xx.o(.text)
    DMA1_Stream4_IRQHandler                  0x080001b7   Thumb Code     0  startup_stm32f405xx.o(.text)
    DMA1_Stream5_IRQHandler                  0x080001b7   Thumb Code     0  startup_stm32f405xx.o(.text)
    DMA1_Stream6_IRQHandler                  0x080001b7   Thumb Code     0  startup_stm32f405xx.o(.text)
    DMA1_Stream7_IRQHandler                  0x080001b7   Thumb Code     0  startup_stm32f405xx.o(.text)
    DMA2_Stream0_IRQHandler                  0x080001b7   Thumb Code     0  startup_stm32f405xx.o(.text)
    DMA2_Stream1_IRQHandler                  0x080001b7   Thumb Code     0  startup_stm32f405xx.o(.text)
    DMA2_Stream2_IRQHandler                  0x080001b7   Thumb Code     0  startup_stm32f405xx.o(.text)
    DMA2_Stream3_IRQHandler                  0x080001b7   Thumb Code     0  startup_stm32f405xx.o(.text)
    DMA2_Stream4_IRQHandler                  0x080001b7   Thumb Code     0  startup_stm32f405xx.o(.text)
    DMA2_Stream5_IRQHandler                  0x080001b7   Thumb Code     0  startup_stm32f405xx.o(.text)
    DMA2_Stream6_IRQHandler                  0x080001b7   Thumb Code     0  startup_stm32f405xx.o(.text)
    DMA2_Stream7_IRQHandler                  0x080001b7   Thumb Code     0  startup_stm32f405xx.o(.text)
    EXTI0_IRQHandler                         0x080001b7   Thumb Code     0  startup_stm32f405xx.o(.text)
    EXTI15_10_IRQHandler                     0x080001b7   Thumb Code     0  startup_stm32f405xx.o(.text)
    EXTI1_IRQHandler                         0x080001b7   Thumb Code     0  startup_stm32f405xx.o(.text)
    EXTI2_IRQHandler                         0x080001b7   Thumb Code     0  startup_stm32f405xx.o(.text)
    EXTI3_IRQHandler                         0x080001b7   Thumb Code     0  startup_stm32f405xx.o(.text)
    EXTI4_IRQHandler                         0x080001b7   Thumb Code     0  startup_stm32f405xx.o(.text)
    EXTI9_5_IRQHandler                       0x080001b7   Thumb Code     0  startup_stm32f405xx.o(.text)
    FLASH_IRQHandler                         0x080001b7   Thumb Code     0  startup_stm32f405xx.o(.text)
    FMC_IRQHandler                           0x080001b7   Thumb Code     0  startup_stm32f405xx.o(.text)
    FPU_IRQHandler                           0x080001b7   Thumb Code     0  startup_stm32f405xx.o(.text)
    HASH_RNG_IRQHandler                      0x080001b7   Thumb Code     0  startup_stm32f405xx.o(.text)
    I2C1_ER_IRQHandler                       0x080001b7   Thumb Code     0  startup_stm32f405xx.o(.text)
    I2C1_EV_IRQHandler                       0x080001b7   Thumb Code     0  startup_stm32f405xx.o(.text)
    I2C2_ER_IRQHandler                       0x080001b7   Thumb Code     0  startup_stm32f405xx.o(.text)
    I2C2_EV_IRQHandler                       0x080001b7   Thumb Code     0  startup_stm32f405xx.o(.text)
    I2C3_ER_IRQHandler                       0x080001b7   Thumb Code     0  startup_stm32f405xx.o(.text)
    I2C3_EV_IRQHandler                       0x080001b7   Thumb Code     0  startup_stm32f405xx.o(.text)
    OTG_FS_WKUP_IRQHandler                   0x080001b7   Thumb Code     0  startup_stm32f405xx.o(.text)
    OTG_HS_EP1_IN_IRQHandler                 0x080001b7   Thumb Code     0  startup_stm32f405xx.o(.text)
    OTG_HS_EP1_OUT_IRQHandler                0x080001b7   Thumb Code     0  startup_stm32f405xx.o(.text)
    OTG_HS_IRQHandler                        0x080001b7   Thumb Code     0  startup_stm32f405xx.o(.text)
    OTG_HS_WKUP_IRQHandler                   0x080001b7   Thumb Code     0  startup_stm32f405xx.o(.text)
    PVD_IRQHandler                           0x080001b7   Thumb Code     0  startup_stm32f405xx.o(.text)
    RCC_IRQHandler                           0x080001b7   Thumb Code     0  startup_stm32f405xx.o(.text)
    RTC_Alarm_IRQHandler                     0x080001b7   Thumb Code     0  startup_stm32f405xx.o(.text)
    RTC_WKUP_IRQHandler                      0x080001b7   Thumb Code     0  startup_stm32f405xx.o(.text)
    SDIO_IRQHandler                          0x080001b7   Thumb Code     0  startup_stm32f405xx.o(.text)
    SPI1_IRQHandler                          0x080001b7   Thumb Code     0  startup_stm32f405xx.o(.text)
    SPI2_IRQHandler                          0x080001b7   Thumb Code     0  startup_stm32f405xx.o(.text)
    SPI3_IRQHandler                          0x080001b7   Thumb Code     0  startup_stm32f405xx.o(.text)
    TAMP_STAMP_IRQHandler                    0x080001b7   Thumb Code     0  startup_stm32f405xx.o(.text)
    TIM1_BRK_TIM9_IRQHandler                 0x080001b7   Thumb Code     0  startup_stm32f405xx.o(.text)
    TIM1_CC_IRQHandler                       0x080001b7   Thumb Code     0  startup_stm32f405xx.o(.text)
    TIM1_TRG_COM_TIM11_IRQHandler            0x080001b7   Thumb Code     0  startup_stm32f405xx.o(.text)
    TIM1_UP_TIM10_IRQHandler                 0x080001b7   Thumb Code     0  startup_stm32f405xx.o(.text)
    TIM2_IRQHandler                          0x080001b7   Thumb Code     0  startup_stm32f405xx.o(.text)
    TIM3_IRQHandler                          0x080001b7   Thumb Code     0  startup_stm32f405xx.o(.text)
    TIM4_IRQHandler                          0x080001b7   Thumb Code     0  startup_stm32f405xx.o(.text)
    TIM5_IRQHandler                          0x080001b7   Thumb Code     0  startup_stm32f405xx.o(.text)
    TIM6_DAC_IRQHandler                      0x080001b7   Thumb Code     0  startup_stm32f405xx.o(.text)
    TIM7_IRQHandler                          0x080001b7   Thumb Code     0  startup_stm32f405xx.o(.text)
    TIM8_BRK_TIM12_IRQHandler                0x080001b7   Thumb Code     0  startup_stm32f405xx.o(.text)
    TIM8_CC_IRQHandler                       0x080001b7   Thumb Code     0  startup_stm32f405xx.o(.text)
    TIM8_TRG_COM_TIM14_IRQHandler            0x080001b7   Thumb Code     0  startup_stm32f405xx.o(.text)
    TIM8_UP_TIM13_IRQHandler                 0x080001b7   Thumb Code     0  startup_stm32f405xx.o(.text)
    UART4_IRQHandler                         0x080001b7   Thumb Code     0  startup_stm32f405xx.o(.text)
    UART5_IRQHandler                         0x080001b7   Thumb Code     0  startup_stm32f405xx.o(.text)
    USART1_IRQHandler                        0x080001b7   Thumb Code     0  startup_stm32f405xx.o(.text)
    USART2_IRQHandler                        0x080001b7   Thumb Code     0  startup_stm32f405xx.o(.text)
    USART3_IRQHandler                        0x080001b7   Thumb Code     0  startup_stm32f405xx.o(.text)
    USART6_IRQHandler                        0x080001b7   Thumb Code     0  startup_stm32f405xx.o(.text)
    WWDG_IRQHandler                          0x080001b7   Thumb Code     0  startup_stm32f405xx.o(.text)
    __aeabi_uldivmod                         0x080001c1   Thumb Code    98  uldiv.o(.text)
    __aeabi_memcpy                           0x08000223   Thumb Code    36  memcpya.o(.text)
    __aeabi_memcpy4                          0x08000223   Thumb Code     0  memcpya.o(.text)
    __aeabi_memcpy8                          0x08000223   Thumb Code     0  memcpya.o(.text)
    __aeabi_memset                           0x08000247   Thumb Code    14  memseta.o(.text)
    __aeabi_memset4                          0x08000247   Thumb Code     0  memseta.o(.text)
    __aeabi_memset8                          0x08000247   Thumb Code     0  memseta.o(.text)
    __aeabi_memclr                           0x08000255   Thumb Code     4  memseta.o(.text)
    __aeabi_memclr4                          0x08000255   Thumb Code     0  memseta.o(.text)
    __aeabi_memclr8                          0x08000255   Thumb Code     0  memseta.o(.text)
    _memset$wrapper                          0x08000259   Thumb Code    18  memseta.o(.text)
    __aeabi_uidiv                            0x0800026b   Thumb Code     0  uidiv.o(.text)
    __aeabi_uidivmod                         0x0800026b   Thumb Code    44  uidiv.o(.text)
    __aeabi_llsl                             0x08000297   Thumb Code    30  llshl.o(.text)
    _ll_shift_l                              0x08000297   Thumb Code     0  llshl.o(.text)
    __aeabi_llsr                             0x080002b5   Thumb Code    32  llushr.o(.text)
    _ll_ushift_r                             0x080002b5   Thumb Code     0  llushr.o(.text)
    __I$use$fp                               0x080002d5   Thumb Code     0  iusefp.o(.text)
    __aeabi_dadd                             0x080002d5   Thumb Code   322  dadd.o(.text)
    __aeabi_dsub                             0x08000417   Thumb Code     6  dadd.o(.text)
    __aeabi_drsub                            0x0800041d   Thumb Code     6  dadd.o(.text)
    __aeabi_dmul                             0x08000423   Thumb Code   228  dmul.o(.text)
    __aeabi_ddiv                             0x08000507   Thumb Code   222  ddiv.o(.text)
    __aeabi_d2ulz                            0x080005e5   Thumb Code    48  dfixul.o(.text)
    __aeabi_cdrcmple                         0x08000615   Thumb Code    48  cdrcmple.o(.text)
    __scatterload                            0x08000645   Thumb Code    28  init.o(.text)
    __scatterload_rt2                        0x08000645   Thumb Code     0  init.o(.text)
    __aeabi_lasr                             0x08000669   Thumb Code    36  llsshr.o(.text)
    _ll_sshift_r                             0x08000669   Thumb Code     0  llsshr.o(.text)
    _double_round                            0x0800068d   Thumb Code    30  depilogue.o(.text)
    _double_epilogue                         0x080006ab   Thumb Code   156  depilogue.o(.text)
    BusFault_Handler                         0x0800086d   Thumb Code     2  stm32f4xx_it.o(i.BusFault_Handler)
    DebugMon_Handler                         0x08000991   Thumb Code     2  stm32f4xx_it.o(i.DebugMon_Handler)
    HAL_ADC_ConfigChannel                    0x080009a9   Thumb Code   316  stm32f4xx_hal_adc.o(i.HAL_ADC_ConfigChannel)
    HAL_ADC_Init                             0x08000af5   Thumb Code    84  stm32f4xx_hal_adc.o(i.HAL_ADC_Init)
    HAL_ADC_MspInit                          0x08000b49   Thumb Code    54  stm32f4xx_hal_msp.o(i.HAL_ADC_MspInit)
    HAL_Delay                                0x08000b8d   Thumb Code    28  stm32f4xx_hal.o(i.HAL_Delay)
    HAL_GPIO_Init                            0x08000ba9   Thumb Code   388  stm32f4xx_hal_gpio.o(i.HAL_GPIO_Init)
    HAL_GPIO_ReadPin                         0x08000d59   Thumb Code    10  stm32f4xx_hal_gpio.o(i.HAL_GPIO_ReadPin)
    HAL_GPIO_TogglePin                       0x08000d63   Thumb Code     8  stm32f4xx_hal_gpio.o(i.HAL_GPIO_TogglePin)
    HAL_GPIO_WritePin                        0x08000d6b   Thumb Code    10  stm32f4xx_hal_gpio.o(i.HAL_GPIO_WritePin)
    HAL_GetTick                              0x08000d75   Thumb Code     6  stm32f4xx_hal.o(i.HAL_GetTick)
    HAL_HCD_Connect_Callback                 0x08000d81   Thumb Code     8  usbh_conf.o(i.HAL_HCD_Connect_Callback)
    HAL_HCD_Disconnect_Callback              0x08000d89   Thumb Code     8  usbh_conf.o(i.HAL_HCD_Disconnect_Callback)
    HAL_HCD_GetCurrentFrame                  0x08000d91   Thumb Code     6  stm32f4xx_hal_hcd.o(i.HAL_HCD_GetCurrentFrame)
    HAL_HCD_GetCurrentSpeed                  0x08000d97   Thumb Code     6  stm32f4xx_hal_hcd.o(i.HAL_HCD_GetCurrentSpeed)
    HAL_HCD_HC_GetURBState                   0x08000d9d   Thumb Code    14  stm32f4xx_hal_hcd.o(i.HAL_HCD_HC_GetURBState)
    HAL_HCD_HC_GetXferCount                  0x08000dab   Thumb Code    12  stm32f4xx_hal_hcd.o(i.HAL_HCD_HC_GetXferCount)
    HAL_HCD_HC_Halt                          0x08000db7   Thumb Code    36  stm32f4xx_hal_hcd.o(i.HAL_HCD_HC_Halt)
    HAL_HCD_HC_Init                          0x08000ddb   Thumb Code    84  stm32f4xx_hal_hcd.o(i.HAL_HCD_HC_Init)
    HAL_HCD_HC_NotifyURBChange_Callback      0x08000e2f   Thumb Code     2  usbh_conf.o(i.HAL_HCD_HC_NotifyURBChange_Callback)
    HAL_HCD_HC_SubmitRequest                 0x08000e31   Thumb Code   182  stm32f4xx_hal_hcd.o(i.HAL_HCD_HC_SubmitRequest)
    HAL_HCD_IRQHandler                       0x08000ee9   Thumb Code   302  stm32f4xx_hal_hcd.o(i.HAL_HCD_IRQHandler)
    HAL_HCD_Init                             0x08001017   Thumb Code    90  stm32f4xx_hal_hcd.o(i.HAL_HCD_Init)
    HAL_HCD_MspInit                          0x08001071   Thumb Code    92  usbh_conf.o(i.HAL_HCD_MspInit)
    HAL_HCD_ResetPort                        0x080010d5   Thumb Code     6  stm32f4xx_hal_hcd.o(i.HAL_HCD_ResetPort)
    HAL_HCD_SOF_Callback                     0x080010db   Thumb Code     8  usbh_conf.o(i.HAL_HCD_SOF_Callback)
    HAL_HCD_Start                            0x080010e3   Thumb Code    44  stm32f4xx_hal_hcd.o(i.HAL_HCD_Start)
    HAL_HCD_Stop                             0x0800110f   Thumb Code    36  stm32f4xx_hal_hcd.o(i.HAL_HCD_Stop)
    HAL_IncTick                              0x08001135   Thumb Code    10  stm32f4xx_hal.o(i.HAL_IncTick)
    HAL_Init                                 0x08001145   Thumb Code    48  stm32f4xx_hal.o(i.HAL_Init)
    HAL_InitTick                             0x08001179   Thumb Code    34  stm32f4xx_hal.o(i.HAL_InitTick)
    HAL_MspInit                              0x080011a1   Thumb Code    88  stm32f4xx_hal_msp.o(i.HAL_MspInit)
    HAL_NVIC_EnableIRQ                       0x080011f9   Thumb Code    22  stm32f4xx_hal_cortex.o(i.HAL_NVIC_EnableIRQ)
    HAL_NVIC_SetPriority                     0x08001211   Thumb Code    60  stm32f4xx_hal_cortex.o(i.HAL_NVIC_SetPriority)
    HAL_NVIC_SetPriorityGrouping             0x08001251   Thumb Code    26  stm32f4xx_hal_cortex.o(i.HAL_NVIC_SetPriorityGrouping)
    HAL_RCC_CSSCallback                      0x08001275   Thumb Code     2  stm32f4xx_hal_rcc.o(i.HAL_RCC_CSSCallback)
    HAL_RCC_ClockConfig                      0x08001279   Thumb Code   286  stm32f4xx_hal_rcc.o(i.HAL_RCC_ClockConfig)
    HAL_RCC_EnableCSS                        0x080013a9   Thumb Code     8  stm32f4xx_hal_rcc.o(i.HAL_RCC_EnableCSS)
    HAL_RCC_GetHCLKFreq                      0x080013b5   Thumb Code     6  stm32f4xx_hal_rcc.o(i.HAL_RCC_GetHCLKFreq)
    HAL_RCC_GetPCLK1Freq                     0x080013c1   Thumb Code    20  stm32f4xx_hal_rcc.o(i.HAL_RCC_GetPCLK1Freq)
    HAL_RCC_GetPCLK2Freq                     0x080013e1   Thumb Code    20  stm32f4xx_hal_rcc.o(i.HAL_RCC_GetPCLK2Freq)
    HAL_RCC_GetSysClockFreq                  0x08001401   Thumb Code    88  stm32f4xx_hal_rcc.o(i.HAL_RCC_GetSysClockFreq)
    HAL_RCC_NMI_IRQHandler                   0x08001461   Thumb Code    24  stm32f4xx_hal_rcc.o(i.HAL_RCC_NMI_IRQHandler)
    HAL_RCC_OscConfig                        0x0800147d   Thumb Code   730  stm32f4xx_hal_rcc.o(i.HAL_RCC_OscConfig)
    HAL_SPI_Init                             0x0800176d   Thumb Code   128  stm32f4xx_hal_spi.o(i.HAL_SPI_Init)
    HAL_SPI_MspInit                          0x080017ed   Thumb Code   108  stm32f4xx_hal_msp.o(i.HAL_SPI_MspInit)
    HAL_SPI_Transmit                         0x0800186d   Thumb Code   360  stm32f4xx_hal_spi.o(i.HAL_SPI_Transmit)
    HAL_SPI_TransmitReceive                  0x080019d5   Thumb Code   472  stm32f4xx_hal_spi.o(i.HAL_SPI_TransmitReceive)
    HAL_SYSTICK_CLKSourceConfig              0x08001bad   Thumb Code    24  stm32f4xx_hal_cortex.o(i.HAL_SYSTICK_CLKSourceConfig)
    HAL_SYSTICK_Callback                     0x08001bc5   Thumb Code     2  stm32f4xx_hal_cortex.o(i.HAL_SYSTICK_Callback)
    HAL_SYSTICK_Config                       0x08001bc7   Thumb Code    40  stm32f4xx_hal_cortex.o(i.HAL_SYSTICK_Config)
    HAL_SYSTICK_IRQHandler                   0x08001bef   Thumb Code     8  stm32f4xx_hal_cortex.o(i.HAL_SYSTICK_IRQHandler)
    HAL_UART_Init                            0x08001bf7   Thumb Code    98  stm32f4xx_hal_uart.o(i.HAL_UART_Init)
    HAL_UART_MspInit                         0x08001c59   Thumb Code    64  stm32f4xx_hal_msp.o(i.HAL_UART_MspInit)
    HAL_UART_Transmit                        0x08001ca5   Thumb Code   186  stm32f4xx_hal_uart.o(i.HAL_UART_Transmit)
    HardFault_Handler                        0x080022c5   Thumb Code     2  stm32f4xx_it.o(i.HardFault_Handler)
    MX_USB_HOST_Init                         0x0800248d   Thumb Code    62  usb_host.o(i.MX_USB_HOST_Init)
    MX_USB_HOST_Process                      0x080024e9   Thumb Code     6  usb_host.o(i.MX_USB_HOST_Process)
    MemManage_Handler                        0x080024f5   Thumb Code     2  stm32f4xx_it.o(i.MemManage_Handler)
    NMI_Handler                              0x080024f7   Thumb Code     4  stm32f4xx_it.o(i.NMI_Handler)
    OTG_FS_IRQHandler                        0x0800251d   Thumb Code     6  stm32f4xx_it.o(i.OTG_FS_IRQHandler)
    PendSV_Handler                           0x08002915   Thumb Code     2  stm32f4xx_it.o(i.PendSV_Handler)
    SVC_Handler                              0x080029cd   Thumb Code     2  stm32f4xx_it.o(i.SVC_Handler)
    Serial_println                           0x080029cf   Thumb Code    56  util.o(i.Serial_println)
    Serial_println_N                         0x08002a09   Thumb Code    46  util.o(i.Serial_println_N)
    SysTick_Handler                          0x08002a3d   Thumb Code    14  stm32f4xx_it.o(i.SysTick_Handler)
    SystemClock_Config                       0x08002a4d   Thumb Code   156  main.o(i.SystemClock_Config)
    SystemInit                               0x08002af1   Thumb Code    66  system_stm32f4xx.o(i.SystemInit)
    USBH_AUDIO_BufferEmptyCallback           0x0800305d   Thumb Code     2  usbh_audio.o(i.USBH_AUDIO_BufferEmptyCallback)
    USBH_AUDIO_FrequencySet                  0x08003685   Thumb Code     2  usbh_audio.o(i.USBH_AUDIO_FrequencySet)
    USBH_AllocPipe                           0x08003b85   Thumb Code    52  usbh_pipes.o(i.USBH_AllocPipe)
    USBH_BulkReceiveData                     0x08003bb9   Thumb Code    32  usbh_ioreq.o(i.USBH_BulkReceiveData)
    USBH_BulkSendData                        0x08003bd9   Thumb Code    40  usbh_ioreq.o(i.USBH_BulkSendData)
    USBH_CDC_LineCodingChanged               0x08003db7   Thumb Code     2  usbh_cdc.o(i.USBH_CDC_LineCodingChanged)
    USBH_CDC_ReceiveCallback                 0x08003e71   Thumb Code     2  usbh_cdc.o(i.USBH_CDC_ReceiveCallback)
    USBH_CDC_TransmitCallback                0x08003e77   Thumb Code     2  usbh_cdc.o(i.USBH_CDC_TransmitCallback)
    USBH_ClosePipe                           0x08003e79   Thumb Code    10  usbh_pipes.o(i.USBH_ClosePipe)
    USBH_ClrFeature                          0x08003e83   Thumb Code    30  usbh_ctlreq.o(i.USBH_ClrFeature)
    USBH_CtlReceiveData                      0x08003ea1   Thumb Code    30  usbh_ioreq.o(i.USBH_CtlReceiveData)
    USBH_CtlReq                              0x08003ebf   Thumb Code    54  usbh_ctlreq.o(i.USBH_CtlReq)
    USBH_CtlSendData                         0x08003ef5   Thumb Code    40  usbh_ioreq.o(i.USBH_CtlSendData)
    USBH_CtlSendSetup                        0x08003f1d   Thumb Code    30  usbh_ioreq.o(i.USBH_CtlSendSetup)
    USBH_Delay                               0x08003f3b   Thumb Code     4  usbh_conf.o(i.USBH_Delay)
    USBH_FindInterface                       0x08003f3f   Thumb Code    68  usbh_core.o(i.USBH_FindInterface)
    USBH_FindInterfaceIndex                  0x08003f83   Thumb Code    50  usbh_core.o(i.USBH_FindInterfaceIndex)
    USBH_FreePipe                            0x08003fb5   Thumb Code    24  usbh_pipes.o(i.USBH_FreePipe)
    USBH_GetDescriptor                       0x08003fcd   Thumb Code    52  usbh_ctlreq.o(i.USBH_GetDescriptor)
    USBH_GetNextDesc                         0x08004001   Thumb Code    14  usbh_ctlreq.o(i.USBH_GetNextDesc)
    USBH_Get_CfgDesc                         0x0800400f   Thumb Code    44  usbh_ctlreq.o(i.USBH_Get_CfgDesc)
    USBH_Get_DevDesc                         0x0800403b   Thumb Code   154  usbh_ctlreq.o(i.USBH_Get_DevDesc)
    USBH_Get_StringDesc                      0x080040d5   Thumb Code    72  usbh_ctlreq.o(i.USBH_Get_StringDesc)
    USBH_HID_EventCallback                   0x080041c9   Thumb Code     2  usbh_hid.o(i.USBH_HID_EventCallback)
    USBH_HID_GetHIDDescriptor                0x080041cb   Thumb Code    20  usbh_hid.o(i.USBH_HID_GetHIDDescriptor)
    USBH_HID_GetHIDReportDescriptor          0x080041df   Thumb Code    20  usbh_hid.o(i.USBH_HID_GetHIDReportDescriptor)
    USBH_HID_GetReport                       0x080041f3   Thumb Code    34  usbh_hid.o(i.USBH_HID_GetReport)
    USBH_HID_KeybdInit                       0x080043b5   Thumb Code    76  usbh_hid_keybd.o(i.USBH_HID_KeybdInit)
    USBH_HID_MouseInit                       0x08004409   Thumb Code    56  usbh_hid_mouse.o(i.USBH_HID_MouseInit)
    USBH_HID_SetIdle                         0x08004523   Thumb Code    26  usbh_hid.o(i.USBH_HID_SetIdle)
    USBH_HID_SetProtocol                     0x0800453d   Thumb Code    30  usbh_hid.o(i.USBH_HID_SetProtocol)
    USBH_Init                                0x080047cb   Thumb Code    48  usbh_core.o(i.USBH_Init)
    USBH_InterruptReceiveData                0x080047fb   Thumb Code    32  usbh_ioreq.o(i.USBH_InterruptReceiveData)
    USBH_IsocSendData                        0x0800481b   Thumb Code    34  usbh_ioreq.o(i.USBH_IsocSendData)
    USBH_LL_ClosePipe                        0x0800483d   Thumb Code    32  usbh_conf.o(i.USBH_LL_ClosePipe)
    USBH_LL_Connect                          0x0800485d   Thumb Code    40  usbh_core.o(i.USBH_LL_Connect)
    USBH_LL_Disconnect                       0x08004885   Thumb Code    56  usbh_core.o(i.USBH_LL_Disconnect)
    USBH_LL_DriverVBUS                       0x080048bd   Thumb Code    12  usbh_conf.o(i.USBH_LL_DriverVBUS)
    USBH_LL_GetLastXferSize                  0x080048c9   Thumb Code     8  usbh_conf.o(i.USBH_LL_GetLastXferSize)
    USBH_LL_GetSpeed                         0x080048d1   Thumb Code    34  usbh_conf.o(i.USBH_LL_GetSpeed)
    USBH_LL_GetToggle                        0x080048f3   Thumb Code    30  usbh_conf.o(i.USBH_LL_GetToggle)
    USBH_LL_GetURBState                      0x08004911   Thumb Code     8  usbh_conf.o(i.USBH_LL_GetURBState)
    USBH_LL_IncTimer                         0x08004919   Thumb Code    30  usbh_core.o(i.USBH_LL_IncTimer)
    USBH_LL_Init                             0x08004939   Thumb Code    78  usbh_conf.o(i.USBH_LL_Init)
    USBH_LL_OpenPipe                         0x080049a1   Thumb Code    42  usbh_conf.o(i.USBH_LL_OpenPipe)
    USBH_LL_ResetPort                        0x080049cb   Thumb Code    32  usbh_conf.o(i.USBH_LL_ResetPort)
    USBH_LL_SetTimer                         0x080049eb   Thumb Code     6  usbh_core.o(i.USBH_LL_SetTimer)
    USBH_LL_SetToggle                        0x080049f1   Thumb Code    32  usbh_conf.o(i.USBH_LL_SetToggle)
    USBH_LL_Start                            0x08004a11   Thumb Code    32  usbh_conf.o(i.USBH_LL_Start)
    USBH_LL_Stop                             0x08004a31   Thumb Code    32  usbh_conf.o(i.USBH_LL_Stop)
    USBH_LL_SubmitURB                        0x08004a51   Thumb Code    48  usbh_conf.o(i.USBH_LL_SubmitURB)
    USBH_MSC_BOT_Init                        0x08004aa1   Thumb Code    26  usbh_msc_bot.o(i.USBH_MSC_BOT_Init)
    USBH_MSC_BOT_Process                     0x08004ac5   Thumb Code   470  usbh_msc_bot.o(i.USBH_MSC_BOT_Process)
    USBH_MSC_BOT_REQ_GetMaxLUN               0x08004ca1   Thumb Code    22  usbh_msc_bot.o(i.USBH_MSC_BOT_REQ_GetMaxLUN)
    USBH_MSC_BOT_REQ_Reset                   0x08004cb7   Thumb Code    22  usbh_msc_bot.o(i.USBH_MSC_BOT_REQ_Reset)
    USBH_MSC_SCSI_Inquiry                    0x0800515f   Thumb Code   192  usbh_msc_scsi.o(i.USBH_MSC_SCSI_Inquiry)
    USBH_MSC_SCSI_ReadCapacity               0x0800521f   Thumb Code   122  usbh_msc_scsi.o(i.USBH_MSC_SCSI_ReadCapacity)
    USBH_MSC_SCSI_RequestSense               0x08005299   Thumb Code   146  usbh_msc_scsi.o(i.USBH_MSC_SCSI_RequestSense)
    USBH_MSC_SCSI_TestUnitReady              0x0800532b   Thumb Code    76  usbh_msc_scsi.o(i.USBH_MSC_SCSI_TestUnitReady)
    USBH_MTP_EventsCallback                  0x08005423   Thumb Code     2  usbh_mtp.o(i.USBH_MTP_EventsCallback)
    USBH_OpenPipe                            0x08005791   Thumb Code    20  usbh_pipes.o(i.USBH_OpenPipe)
    USBH_PTP_GetDeviceInfo                   0x080057a5   Thumb Code   142  usbh_mtp_ptp.o(i.USBH_PTP_GetDeviceInfo)
    USBH_PTP_GetResponse                     0x08005833   Thumb Code    54  usbh_mtp_ptp.o(i.USBH_PTP_GetResponse)
    USBH_PTP_GetStorageIds                   0x08005869   Thumb Code   156  usbh_mtp_ptp.o(i.USBH_PTP_GetStorageIds)
    USBH_PTP_GetStorageInfo                  0x08005905   Thumb Code   154  usbh_mtp_ptp.o(i.USBH_PTP_GetStorageInfo)
    USBH_PTP_Init                            0x0800599f   Thumb Code    26  usbh_mtp_ptp.o(i.USBH_PTP_Init)
    USBH_PTP_OpenSession                     0x080059b9   Thumb Code   104  usbh_mtp_ptp.o(i.USBH_PTP_OpenSession)
    USBH_PTP_Process                         0x08005a21   Thumb Code   566  usbh_mtp_ptp.o(i.USBH_PTP_Process)
    USBH_PTP_SendRequest                     0x08005c57   Thumb Code    86  usbh_mtp_ptp.o(i.USBH_PTP_SendRequest)
    USBH_Process                             0x08005d95   Thumb Code   360  usbh_core.o(i.USBH_Process)
    USBH_RegisterClass                       0x08005efd   Thumb Code    36  usbh_core.o(i.USBH_RegisterClass)
    USBH_SelectInterface                     0x08005f21   Thumb Code    22  usbh_core.o(i.USBH_SelectInterface)
    USBH_SetAddress                          0x08005f37   Thumb Code    28  usbh_ctlreq.o(i.USBH_SetAddress)
    USBH_SetCfg                              0x08005f53   Thumb Code    28  usbh_ctlreq.o(i.USBH_SetCfg)
    USBH_SetInterface                        0x08005f6f   Thumb Code    28  usbh_ctlreq.o(i.USBH_SetInterface)
    USBH_Start                               0x08005f8b   Thumb Code    20  usbh_core.o(i.USBH_Start)
    USB_CoreInit                             0x08005fc1   Thumb Code   104  stm32f4xx_ll_usb.o(i.USB_CoreInit)
    USB_DisableGlobalInt                     0x08006065   Thumb Code    12  stm32f4xx_ll_usb.o(i.USB_DisableGlobalInt)
    USB_DoPing                               0x08006071   Thumb Code    60  stm32f4xx_ll_usb.o(i.USB_DoPing)
    USB_DriveVbus                            0x080060b1   Thumb Code    44  stm32f4xx_ll_usb.o(i.USB_DriveVbus)
    USB_EnableGlobalInt                      0x080060dd   Thumb Code    12  stm32f4xx_ll_usb.o(i.USB_EnableGlobalInt)
    USB_FlushRxFifo                          0x080060e9   Thumb Code    28  stm32f4xx_ll_usb.o(i.USB_FlushRxFifo)
    USB_FlushTxFifo                          0x08006109   Thumb Code    32  stm32f4xx_ll_usb.o(i.USB_FlushTxFifo)
    USB_GetCurrentFrame                      0x0800612d   Thumb Code     8  stm32f4xx_ll_usb.o(i.USB_GetCurrentFrame)
    USB_GetHostSpeed                         0x08006135   Thumb Code    14  stm32f4xx_ll_usb.o(i.USB_GetHostSpeed)
    USB_GetMode                              0x08006143   Thumb Code     8  stm32f4xx_ll_usb.o(i.USB_GetMode)
    USB_HC_Halt                              0x0800614b   Thumb Code   328  stm32f4xx_ll_usb.o(i.USB_HC_Halt)
    USB_HC_Init                              0x08006295   Thumb Code   234  stm32f4xx_ll_usb.o(i.USB_HC_Init)
    USB_HC_ReadInterrupt                     0x0800637f   Thumb Code    12  stm32f4xx_ll_usb.o(i.USB_HC_ReadInterrupt)
    USB_HC_StartXfer                         0x0800638d   Thumb Code   386  stm32f4xx_ll_usb.o(i.USB_HC_StartXfer)
    USB_HostInit                             0x08006515   Thumb Code   192  stm32f4xx_ll_usb.o(i.USB_HostInit)
    USB_InitFSLSPClkSel                      0x080065e9   Thumb Code    54  stm32f4xx_ll_usb.o(i.USB_InitFSLSPClkSel)
    USB_ReadInterrupts                       0x0800661f   Thumb Code     8  stm32f4xx_ll_usb.o(i.USB_ReadInterrupts)
    USB_ReadPacket                           0x08006627   Thumb Code    32  stm32f4xx_ll_usb.o(i.USB_ReadPacket)
    USB_ResetPort                            0x08006647   Thumb Code    44  stm32f4xx_ll_usb.o(i.USB_ResetPort)
    USB_SetCurrentMode                       0x08006673   Thumb Code    44  stm32f4xx_ll_usb.o(i.USB_SetCurrentMode)
    USB_StopHost                             0x0800669f   Thumb Code   178  stm32f4xx_ll_usb.o(i.USB_StopHost)
    USB_WritePacket                          0x08006751   Thumb Code    40  stm32f4xx_ll_usb.o(i.USB_WritePacket)
    UsageFault_Handler                       0x08006779   Thumb Code     2  stm32f4xx_it.o(i.UsageFault_Handler)
    _Error_Handler                           0x0800677b   Thumb Code     2  main.o(i._Error_Handler)
    __0sprintf                               0x0800677d   Thumb Code    34  printfa.o(i.__0sprintf)
    __1sprintf                               0x0800677d   Thumb Code     0  printfa.o(i.__0sprintf)
    __2sprintf                               0x0800677d   Thumb Code     0  printfa.o(i.__0sprintf)
    __c89sprintf                             0x0800677d   Thumb Code     0  printfa.o(i.__0sprintf)
    sprintf                                  0x0800677d   Thumb Code     0  printfa.o(i.__0sprintf)
    __scatterload_copy                       0x080067a5   Thumb Code    14  handlers.o(i.__scatterload_copy)
    __scatterload_null                       0x080067b3   Thumb Code     2  handlers.o(i.__scatterload_null)
    __scatterload_zeroinit                   0x080067b5   Thumb Code    14  handlers.o(i.__scatterload_zeroinit)
    adc_send_command                         0x08007081   Thumb Code    64  ads1299.o(i.adc_send_command)
    adc_wreg                                 0x080070c5   Thumb Code   108  ads1299.o(i.adc_wreg)
    adquire_array_data                       0x08007135   Thumb Code   166  ads1299.o(i.adquire_array_data)
    adquire_single_data                      0x080071e5   Thumb Code    86  ads1299.o(i.adquire_single_data)
    byte2float                               0x08007245   Thumb Code    76  ads1299.o(i.byte2float)
    commandFromESP                           0x08007295   Thumb Code    72  main.o(i.commandFromESP)
    configADS                                0x080072e1   Thumb Code   194  ads1299.o(i.configADS)
    fifo_init                                0x080073a9   Thumb Code    14  usbh_hid.o(i.fifo_init)
    fifo_write                               0x080073b7   Thumb Code    80  usbh_hid.o(i.fifo_write)
    float2ESP                                0x08007409   Thumb Code    58  main.o(i.float2ESP)
    floatArray2ESP                           0x08007449   Thumb Code    96  main.o(i.floatArray2ESP)
    frame_loff_statn                         0x080074ad   Thumb Code    14  ads1299.o(i.frame_loff_statn)
    free                                     0x080074bd   Thumb Code    76  malloc.o(i.free)
    main                                     0x0800750d   Thumb Code   588  main.o(i.main)
    malloc                                   0x08007775   Thumb Code    92  malloc.o(i.malloc)
    read_data_frame                          0x080077e1   Thumb Code    42  ads1299.o(i.read_data_frame)
    update_bias_ref                          0x0800780d   Thumb Code   108  ads1299.o(i.update_bias_ref)
    AHBPrescTable                            0x0800787c   Data          16  system_stm32f4xx.o(.constdata)
    APBPrescTable                            0x0800788c   Data           8  system_stm32f4xx.o(.constdata)
    Region$$Table$$Base                      0x080078ac   Number         0  anon$$obj.o(Region$$Table)
    Region$$Table$$Limit                     0x080078cc   Number         0  anon$$obj.o(Region$$Table)
    command                                  0x20000000   Data           1  main.o(.data)
    data2ESP                                 0x20000004   Data           4  main.o(.data)
    Appli_state                              0x20000008   Data           1  usb_host.o(.data)
    uwTick                                   0x20000014   Data           4  stm32f4xx_hal.o(.data)
    SystemCoreClock                          0x20000018   Data           4  system_stm32f4xx.o(.data)
    keybd_report_data                        0x2000001c   Data           8  usbh_hid_keybd.o(.data)
    mouse_report_data                        0x20000024   Data           4  usbh_hid_mouse.o(.data)
    mouse_info                               0x20000028   Data           5  usbh_hid_mouse.o(.data)
    AUDIO_Class                              0x20000030   Data          32  usbh_audio.o(.data)
    MTP_Class                                0x20000050   Data          32  usbh_mtp.o(.data)
    HID_Class                                0x20000070   Data          32  usbh_hid.o(.data)
    USBH_msc                                 0x20000090   Data          32  usbh_msc.o(.data)
    CDC_Class                                0x200000b0   Data          32  usbh_cdc.o(.data)
    __microlib_freelist                      0x200000d0   Data           4  mvars.o(.data)
    __microlib_freelist_initialised          0x200000d4   Data           4  mvars.o(.data)
    hadc1                                    0x200000d8   Data          72  main.o(.bss)
    hspi1                                    0x20000120   Data          88  main.o(.bss)
    hspi2                                    0x20000178   Data          88  main.o(.bss)
    huart4                                   0x200001d0   Data          64  main.o(.bss)
    channel_1                                0x20000210   Data        1000  main.o(.bss)
    data                                     0x200005f8   Data          27  main.o(.bss)
    hhcd_USB_OTG_FS                          0x20000614   Data         664  usbh_conf.o(.bss)
    hUsbHostFS                               0x200008ac   Data        1432  usb_host.o(.bss)
    keybd_info                               0x20000e44   Data          15  usbh_hid_keybd.o(.bss)
    __heap_base                              0x20000e58   Data           0  startup_stm32f405xx.o(HEAP)
    __heap_limit                             0x20001058   Data           0  startup_stm32f405xx.o(HEAP)
    __initial_sp                             0x20001458   Data           0  startup_stm32f405xx.o(STACK)



==============================================================================

Memory Map of the image

  Image Entry point : 0x08000189

  Load Region LR_IROM1 (Base: 0x08000000, Size: 0x000079a4, Max: 0x00100000, ABSOLUTE)

    Execution Region ER_IROM1 (Base: 0x08000000, Size: 0x000078cc, Max: 0x00100000, ABSOLUTE)

    Base Addr    Size         Type   Attr      Idx    E Section Name        Object

    0x08000000   0x00000188   Data   RO         3241    RESET               startup_stm32f405xx.o
    0x08000188   0x00000000   Code   RO         4649  * .ARM.Collect$$$$00000000  mc_w.l(entry.o)
    0x08000188   0x00000004   Code   RO         4951    .ARM.Collect$$$$00000001  mc_w.l(entry2.o)
    0x0800018c   0x00000004   Code   RO         4954    .ARM.Collect$$$$00000004  mc_w.l(entry5.o)
    0x08000190   0x00000000   Code   RO         4956    .ARM.Collect$$$$00000008  mc_w.l(entry7b.o)
    0x08000190   0x00000000   Code   RO         4958    .ARM.Collect$$$$0000000A  mc_w.l(entry8b.o)
    0x08000190   0x00000008   Code   RO         4959    .ARM.Collect$$$$0000000B  mc_w.l(entry9a.o)
    0x08000198   0x00000000   Code   RO         4961    .ARM.Collect$$$$0000000D  mc_w.l(entry10a.o)
    0x08000198   0x00000000   Code   RO         4963    .ARM.Collect$$$$0000000F  mc_w.l(entry11a.o)
    0x08000198   0x00000004   Code   RO         4952    .ARM.Collect$$$$00002712  mc_w.l(entry2.o)
    0x0800019c   0x00000024   Code   RO         3242    .text               startup_stm32f405xx.o
    0x080001c0   0x00000062   Code   RO         4652    .text               mc_w.l(uldiv.o)
    0x08000222   0x00000024   Code   RO         4654    .text               mc_w.l(memcpya.o)
    0x08000246   0x00000024   Code   RO         4656    .text               mc_w.l(memseta.o)
    0x0800026a   0x0000002c   Code   RO         4968    .text               mc_w.l(uidiv.o)
    0x08000296   0x0000001e   Code   RO         4970    .text               mc_w.l(llshl.o)
    0x080002b4   0x00000020   Code   RO         4972    .text               mc_w.l(llushr.o)
    0x080002d4   0x00000000   Code   RO         4976    .text               mc_w.l(iusefp.o)
    0x080002d4   0x0000014e   Code   RO         4977    .text               mf_w.l(dadd.o)
    0x08000422   0x000000e4   Code   RO         4979    .text               mf_w.l(dmul.o)
    0x08000506   0x000000de   Code   RO         4981    .text               mf_w.l(ddiv.o)
    0x080005e4   0x00000030   Code   RO         4983    .text               mf_w.l(dfixul.o)
    0x08000614   0x00000030   Code   RO         4985    .text               mf_w.l(cdrcmple.o)
    0x08000644   0x00000024   Code   RO         4987    .text               mc_w.l(init.o)
    0x08000668   0x00000024   Code   RO         4990    .text               mc_w.l(llsshr.o)
    0x0800068c   0x000000ba   Code   RO         4993    .text               mf_w.l(depilogue.o)
    0x08000746   0x00000002   PAD
    0x08000748   0x00000124   Code   RO         2711    i.ADC_Init          stm32f4xx_hal_adc.o
    0x0800086c   0x00000002   Code   RO          169    i.BusFault_Handler  stm32f4xx_it.o
    0x0800086e   0x00000068   Code   RO         4362    i.CDC_ProcessReception  usbh_cdc.o
    0x080008d6   0x00000072   Code   RO         4363    i.CDC_ProcessTransmission  usbh_cdc.o
    0x08000948   0x00000048   Code   RO         4481    i.DeInitStateMachine  usbh_core.o
    0x08000990   0x00000002   Code   RO          170    i.DebugMon_Handler  stm32f4xx_it.o
    0x08000992   0x00000016   Code   RO         4364    i.GetLineCoding     usbh_cdc.o
    0x080009a8   0x0000014c   Code   RO         2713    i.HAL_ADC_ConfigChannel  stm32f4xx_hal_adc.o
    0x08000af4   0x00000054   Code   RO         2722    i.HAL_ADC_Init      stm32f4xx_hal_adc.o
    0x08000b48   0x00000044   Code   RO            5    i.HAL_ADC_MspInit   stm32f4xx_hal_msp.o
    0x08000b8c   0x0000001c   Code   RO          795    i.HAL_Delay         stm32f4xx_hal.o
    0x08000ba8   0x000001b0   Code   RO          985    i.HAL_GPIO_Init     stm32f4xx_hal_gpio.o
    0x08000d58   0x0000000a   Code   RO          987    i.HAL_GPIO_ReadPin  stm32f4xx_hal_gpio.o
    0x08000d62   0x00000008   Code   RO          988    i.HAL_GPIO_TogglePin  stm32f4xx_hal_gpio.o
    0x08000d6a   0x0000000a   Code   RO          989    i.HAL_GPIO_WritePin  stm32f4xx_hal_gpio.o
    0x08000d74   0x0000000c   Code   RO          801    i.HAL_GetTick       stm32f4xx_hal.o
    0x08000d80   0x00000008   Code   RO          355    i.HAL_HCD_Connect_Callback  usbh_conf.o
    0x08000d88   0x00000008   Code   RO          356    i.HAL_HCD_Disconnect_Callback  usbh_conf.o
    0x08000d90   0x00000006   Code   RO         2159    i.HAL_HCD_GetCurrentFrame  stm32f4xx_hal_hcd.o
    0x08000d96   0x00000006   Code   RO         2160    i.HAL_HCD_GetCurrentSpeed  stm32f4xx_hal_hcd.o
    0x08000d9c   0x0000000e   Code   RO         2163    i.HAL_HCD_HC_GetURBState  stm32f4xx_hal_hcd.o
    0x08000daa   0x0000000c   Code   RO         2164    i.HAL_HCD_HC_GetXferCount  stm32f4xx_hal_hcd.o
    0x08000db6   0x00000024   Code   RO         2165    i.HAL_HCD_HC_Halt   stm32f4xx_hal_hcd.o
    0x08000dda   0x00000054   Code   RO         2166    i.HAL_HCD_HC_Init   stm32f4xx_hal_hcd.o
    0x08000e2e   0x00000002   Code   RO          357    i.HAL_HCD_HC_NotifyURBChange_Callback  usbh_conf.o
    0x08000e30   0x000000b6   Code   RO         2168    i.HAL_HCD_HC_SubmitRequest  stm32f4xx_hal_hcd.o
    0x08000ee6   0x00000002   PAD
    0x08000ee8   0x0000012e   Code   RO         2169    i.HAL_HCD_IRQHandler  stm32f4xx_hal_hcd.o
    0x08001016   0x0000005a   Code   RO         2170    i.HAL_HCD_Init      stm32f4xx_hal_hcd.o
    0x08001070   0x00000064   Code   RO          359    i.HAL_HCD_MspInit   usbh_conf.o
    0x080010d4   0x00000006   Code   RO         2173    i.HAL_HCD_ResetPort  stm32f4xx_hal_hcd.o
    0x080010da   0x00000008   Code   RO          360    i.HAL_HCD_SOF_Callback  usbh_conf.o
    0x080010e2   0x0000002c   Code   RO         2175    i.HAL_HCD_Start     stm32f4xx_hal_hcd.o
    0x0800110e   0x00000024   Code   RO         2176    i.HAL_HCD_Stop      stm32f4xx_hal_hcd.o
    0x08001132   0x00000002   PAD
    0x08001134   0x00000010   Code   RO          803    i.HAL_IncTick       stm32f4xx_hal.o
    0x08001144   0x00000034   Code   RO          804    i.HAL_Init          stm32f4xx_hal.o
    0x08001178   0x00000028   Code   RO          805    i.HAL_InitTick      stm32f4xx_hal.o
    0x080011a0   0x00000058   Code   RO            6    i.HAL_MspInit       stm32f4xx_hal_msp.o
    0x080011f8   0x00000016   Code   RO         1219    i.HAL_NVIC_EnableIRQ  stm32f4xx_hal_cortex.o
    0x0800120e   0x00000002   PAD
    0x08001210   0x00000040   Code   RO         1225    i.HAL_NVIC_SetPriority  stm32f4xx_hal_cortex.o
    0x08001250   0x00000024   Code   RO         1226    i.HAL_NVIC_SetPriorityGrouping  stm32f4xx_hal_cortex.o
    0x08001274   0x00000002   Code   RO         1958    i.HAL_RCC_CSSCallback  stm32f4xx_hal_rcc.o
    0x08001276   0x00000002   PAD
    0x08001278   0x00000130   Code   RO         1959    i.HAL_RCC_ClockConfig  stm32f4xx_hal_rcc.o
    0x080013a8   0x0000000c   Code   RO         1962    i.HAL_RCC_EnableCSS  stm32f4xx_hal_rcc.o
    0x080013b4   0x0000000c   Code   RO         1964    i.HAL_RCC_GetHCLKFreq  stm32f4xx_hal_rcc.o
    0x080013c0   0x00000020   Code   RO         1966    i.HAL_RCC_GetPCLK1Freq  stm32f4xx_hal_rcc.o
    0x080013e0   0x00000020   Code   RO         1967    i.HAL_RCC_GetPCLK2Freq  stm32f4xx_hal_rcc.o
    0x08001400   0x00000060   Code   RO         1968    i.HAL_RCC_GetSysClockFreq  stm32f4xx_hal_rcc.o
    0x08001460   0x0000001c   Code   RO         1970    i.HAL_RCC_NMI_IRQHandler  stm32f4xx_hal_rcc.o
    0x0800147c   0x000002f0   Code   RO         1971    i.HAL_RCC_OscConfig  stm32f4xx_hal_rcc.o
    0x0800176c   0x00000080   Code   RO         1360    i.HAL_SPI_Init      stm32f4xx_hal_spi.o
    0x080017ec   0x00000080   Code   RO            8    i.HAL_SPI_MspInit   stm32f4xx_hal_msp.o
    0x0800186c   0x00000168   Code   RO         1368    i.HAL_SPI_Transmit  stm32f4xx_hal_spi.o
    0x080019d4   0x000001d8   Code   RO         1369    i.HAL_SPI_TransmitReceive  stm32f4xx_hal_spi.o
    0x08001bac   0x00000018   Code   RO         1228    i.HAL_SYSTICK_CLKSourceConfig  stm32f4xx_hal_cortex.o
    0x08001bc4   0x00000002   Code   RO         1229    i.HAL_SYSTICK_Callback  stm32f4xx_hal_cortex.o
    0x08001bc6   0x00000028   Code   RO         1230    i.HAL_SYSTICK_Config  stm32f4xx_hal_cortex.o
    0x08001bee   0x00000008   Code   RO         1231    i.HAL_SYSTICK_IRQHandler  stm32f4xx_hal_cortex.o
    0x08001bf6   0x00000062   Code   RO         2903    i.HAL_UART_Init     stm32f4xx_hal_uart.o
    0x08001c58   0x0000004c   Code   RO           10    i.HAL_UART_MspInit  stm32f4xx_hal_msp.o
    0x08001ca4   0x000000ba   Code   RO         2911    i.HAL_UART_Transmit  stm32f4xx_hal_uart.o
    0x08001d5e   0x00000232   Code   RO         2177    i.HCD_HC_IN_IRQHandler  stm32f4xx_hal_hcd.o
    0x08001f90   0x00000216   Code   RO         2178    i.HCD_HC_OUT_IRQHandler  stm32f4xx_hal_hcd.o
    0x080021a6   0x000000ac   Code   RO         2179    i.HCD_Port_IRQHandler  stm32f4xx_hal_hcd.o
    0x08002252   0x00000002   PAD
    0x08002254   0x00000070   Code   RO         2180    i.HCD_RXQLVL_IRQHandler  stm32f4xx_hal_hcd.o
    0x080022c4   0x00000002   Code   RO          171    i.HardFault_Handler  stm32f4xx_it.o
    0x080022c6   0x00000002   PAD
    0x080022c8   0x00000054   Code   RO          251    i.MX_ADC1_Init      main.o
    0x0800231c   0x000000f8   Code   RO          252    i.MX_GPIO_Init      main.o
    0x08002414   0x00000038   Code   RO          253    i.MX_SPI1_Init      main.o
    0x0800244c   0x00000040   Code   RO          254    i.MX_SPI2_Init      main.o
    0x0800248c   0x0000005c   Code   RO          600    i.MX_USB_HOST_Init  usb_host.o
    0x080024e8   0x0000000c   Code   RO          601    i.MX_USB_HOST_Process  usb_host.o
    0x080024f4   0x00000002   Code   RO          172    i.MemManage_Handler  stm32f4xx_it.o
    0x080024f6   0x00000004   Code   RO          173    i.NMI_Handler       stm32f4xx_it.o
    0x080024fa   0x00000020   Code   RO         1232    i.NVIC_SetPriority  stm32f4xx_hal_cortex.o
    0x0800251a   0x00000002   PAD
    0x0800251c   0x0000000c   Code   RO          174    i.OTG_FS_IRQHandler  stm32f4xx_it.o
    0x08002528   0x00000070   Code   RO         4089    i.PTP_BufferFullCallback  usbh_mtp_ptp.o
    0x08002598   0x00000138   Code   RO         4090    i.PTP_DecodeDeviceInfo  usbh_mtp_ptp.o
    0x080026d0   0x0000003a   Code   RO         4091    i.PTP_GetArray16    usbh_mtp_ptp.o
    0x0800270a   0x00000002   PAD
    0x0800270c   0x00000046   Code   RO         4092    i.PTP_GetArray32    usbh_mtp_ptp.o
    0x08002752   0x000000f8   Code   RO         4097    i.PTP_GetStorageInfo  usbh_mtp_ptp.o
    0x0800284a   0x00000024   Code   RO         4098    i.PTP_GetString     usbh_mtp_ptp.o
    0x0800286e   0x000000a6   Code   RO         3542    i.ParseCSDescriptors  usbh_audio.o
    0x08002914   0x00000002   Code   RO          175    i.PendSV_Handler    stm32f4xx_it.o
    0x08002916   0x00000020   Code   RO         1384    i.SPI_CheckFlag_BSY  stm32f4xx_hal_spi.o
    0x08002936   0x00000096   Code   RO         1402    i.SPI_WaitFlagStateUntilTimeout  stm32f4xx_hal_spi.o
    0x080029cc   0x00000002   Code   RO          176    i.SVC_Handler       stm32f4xx_it.o
    0x080029ce   0x00000038   Code   RO          527    i.Serial_println    util.o
    0x08002a06   0x00000002   PAD
    0x08002a08   0x00000034   Code   RO          528    i.Serial_println_N  util.o
    0x08002a3c   0x0000000e   Code   RO          177    i.SysTick_Handler   stm32f4xx_it.o
    0x08002a4a   0x00000002   PAD
    0x08002a4c   0x000000a4   Code   RO          255    i.SystemClock_Config  main.o
    0x08002af0   0x00000054   Code   RO         3205    i.SystemInit        system_stm32f4xx.o
    0x08002b44   0x000002ac   Code   RO         2929    i.UART_SetConfig    stm32f4xx_hal_uart.o
    0x08002df0   0x00000064   Code   RO         2931    i.UART_WaitOnFlagUntilTimeout  stm32f4xx_hal_uart.o
    0x08002e54   0x00000082   Code   RO         3543    i.USBH_AC_GetCur    usbh_audio.o
    0x08002ed6   0x00000082   Code   RO         3544    i.USBH_AC_GetMax    usbh_audio.o
    0x08002f58   0x00000082   Code   RO         3545    i.USBH_AC_GetMin    usbh_audio.o
    0x08002fda   0x00000082   Code   RO         3546    i.USBH_AC_GetRes    usbh_audio.o
    0x0800305c   0x00000002   Code   RO         3547    i.USBH_AUDIO_BufferEmptyCallback  usbh_audio.o
    0x0800305e   0x00000002   PAD
    0x08003060   0x000000c6   Code   RO         3548    i.USBH_AUDIO_BuildHeadphonePath  usbh_audio.o
    0x08003126   0x00000002   PAD
    0x08003128   0x00000086   Code   RO         3549    i.USBH_AUDIO_BuildMicrophonePath  usbh_audio.o
    0x080031ae   0x000000d8   Code   RO         3550    i.USBH_AUDIO_CSRequest  usbh_audio.o
    0x08003286   0x000000e8   Code   RO         3552    i.USBH_AUDIO_ClassRequest  usbh_audio.o
    0x0800336e   0x000000c8   Code   RO         3553    i.USBH_AUDIO_Control  usbh_audio.o
    0x08003436   0x00000074   Code   RO         3554    i.USBH_AUDIO_FindAudioStreamingIN  usbh_audio.o
    0x080034aa   0x00000076   Code   RO         3555    i.USBH_AUDIO_FindAudioStreamingOUT  usbh_audio.o
    0x08003520   0x00000084   Code   RO         3556    i.USBH_AUDIO_FindHIDControl  usbh_audio.o
    0x080035a4   0x000000e0   Code   RO         3557    i.USBH_AUDIO_FindLinkedUnit  usbh_audio.o
    0x08003684   0x00000002   Code   RO         3558    i.USBH_AUDIO_FrequencySet  usbh_audio.o
    0x08003686   0x00000070   Code   RO         3560    i.USBH_AUDIO_InterfaceDeInit  usbh_audio.o
    0x080036f6   0x000001b4   Code   RO         3561    i.USBH_AUDIO_InterfaceInit  usbh_audio.o
    0x080038aa   0x00000086   Code   RO         3562    i.USBH_AUDIO_OutputStream  usbh_audio.o
    0x08003930   0x0000008c   Code   RO         3563    i.USBH_AUDIO_ParseCSDescriptors  usbh_audio.o
    0x080039bc   0x0000001a   Code   RO         3565    i.USBH_AUDIO_Process  usbh_audio.o
    0x080039d6   0x00000004   Code   RO         3567    i.USBH_AUDIO_SOFProcess  usbh_audio.o
    0x080039da   0x000000bc   Code   RO         3568    i.USBH_AUDIO_SetControlAttribute  usbh_audio.o
    0x08003a96   0x00000020   Code   RO         3569    i.USBH_AUDIO_SetEndpointControls  usbh_audio.o
    0x08003ab6   0x000000ce   Code   RO         3574    i.USBH_AUDIO_Transmit  usbh_audio.o
    0x08003b84   0x00000034   Code   RO         3337    i.USBH_AllocPipe    usbh_pipes.o
    0x08003bb8   0x00000020   Code   RO         3431    i.USBH_BulkReceiveData  usbh_ioreq.o
    0x08003bd8   0x00000028   Code   RO         3432    i.USBH_BulkSendData  usbh_ioreq.o
    0x08003c00   0x00000024   Code   RO         4365    i.USBH_CDC_ClassRequest  usbh_cdc.o
    0x08003c24   0x0000005e   Code   RO         4368    i.USBH_CDC_InterfaceDeInit  usbh_cdc.o
    0x08003c82   0x00000134   Code   RO         4369    i.USBH_CDC_InterfaceInit  usbh_cdc.o
    0x08003db6   0x00000002   Code   RO         4370    i.USBH_CDC_LineCodingChanged  usbh_cdc.o
    0x08003db8   0x000000b8   Code   RO         4371    i.USBH_CDC_Process  usbh_cdc.o
    0x08003e70   0x00000002   Code   RO         4373    i.USBH_CDC_ReceiveCallback  usbh_cdc.o
    0x08003e72   0x00000004   Code   RO         4374    i.USBH_CDC_SOFProcess  usbh_cdc.o
    0x08003e76   0x00000002   Code   RO         4378    i.USBH_CDC_TransmitCallback  usbh_cdc.o
    0x08003e78   0x0000000a   Code   RO         3338    i.USBH_ClosePipe    usbh_pipes.o
    0x08003e82   0x0000001e   Code   RO         3249    i.USBH_ClrFeature   usbh_ctlreq.o
    0x08003ea0   0x0000001e   Code   RO         3433    i.USBH_CtlReceiveData  usbh_ioreq.o
    0x08003ebe   0x00000036   Code   RO         3250    i.USBH_CtlReq       usbh_ctlreq.o
    0x08003ef4   0x00000028   Code   RO         3434    i.USBH_CtlSendData  usbh_ioreq.o
    0x08003f1c   0x0000001e   Code   RO         3435    i.USBH_CtlSendSetup  usbh_ioreq.o
    0x08003f3a   0x00000004   Code   RO          361    i.USBH_Delay        usbh_conf.o
    0x08003f3e   0x00000044   Code   RO         4483    i.USBH_FindInterface  usbh_core.o
    0x08003f82   0x00000032   Code   RO         4484    i.USBH_FindInterfaceIndex  usbh_core.o
    0x08003fb4   0x00000018   Code   RO         3339    i.USBH_FreePipe     usbh_pipes.o
    0x08003fcc   0x00000034   Code   RO         3251    i.USBH_GetDescriptor  usbh_ctlreq.o
    0x08004000   0x0000000e   Code   RO         3252    i.USBH_GetNextDesc  usbh_ctlreq.o
    0x0800400e   0x0000002c   Code   RO         3253    i.USBH_Get_CfgDesc  usbh_ctlreq.o
    0x0800403a   0x0000009a   Code   RO         3254    i.USBH_Get_DevDesc  usbh_ctlreq.o
    0x080040d4   0x00000048   Code   RO         3255    i.USBH_Get_StringDesc  usbh_ctlreq.o
    0x0800411c   0x000000ac   Code   RO         3940    i.USBH_HID_ClassRequest  usbh_hid.o
    0x080041c8   0x00000002   Code   RO         3941    i.USBH_HID_EventCallback  usbh_hid.o
    0x080041ca   0x00000014   Code   RO         3943    i.USBH_HID_GetHIDDescriptor  usbh_hid.o
    0x080041de   0x00000014   Code   RO         3944    i.USBH_HID_GetHIDReportDescriptor  usbh_hid.o
    0x080041f2   0x00000022   Code   RO         3946    i.USBH_HID_GetReport  usbh_hid.o
    0x08004214   0x00000044   Code   RO         3947    i.USBH_HID_InterfaceDeInit  usbh_hid.o
    0x08004258   0x0000015c   Code   RO         3948    i.USBH_HID_InterfaceInit  usbh_hid.o
    0x080043b4   0x00000054   Code   RO         3382    i.USBH_HID_KeybdInit  usbh_hid_keybd.o
    0x08004408   0x0000003c   Code   RO         3505    i.USBH_HID_MouseInit  usbh_hid_mouse.o
    0x08004444   0x000000bc   Code   RO         3949    i.USBH_HID_Process  usbh_hid.o
    0x08004500   0x00000022   Code   RO         3950    i.USBH_HID_SOFProcess  usbh_hid.o
    0x08004522   0x0000001a   Code   RO         3951    i.USBH_HID_SetIdle  usbh_hid.o
    0x0800453c   0x0000001e   Code   RO         3952    i.USBH_HID_SetProtocol  usbh_hid.o
    0x0800455a   0x0000017e   Code   RO         3256    i.USBH_HandleControl  usbh_ctlreq.o
    0x080046d8   0x000000f2   Code   RO         4486    i.USBH_HandleEnum   usbh_core.o
    0x080047ca   0x00000030   Code   RO         4487    i.USBH_Init         usbh_core.o
    0x080047fa   0x00000020   Code   RO         3436    i.USBH_InterruptReceiveData  usbh_ioreq.o
    0x0800481a   0x00000022   Code   RO         3439    i.USBH_IsocSendData  usbh_ioreq.o
    0x0800483c   0x00000020   Code   RO          362    i.USBH_LL_ClosePipe  usbh_conf.o
    0x0800485c   0x00000028   Code   RO         4488    i.USBH_LL_Connect   usbh_core.o
    0x08004884   0x00000038   Code   RO         4489    i.USBH_LL_Disconnect  usbh_core.o
    0x080048bc   0x0000000c   Code   RO          364    i.USBH_LL_DriverVBUS  usbh_conf.o
    0x080048c8   0x00000008   Code   RO          365    i.USBH_LL_GetLastXferSize  usbh_conf.o
    0x080048d0   0x00000022   Code   RO          366    i.USBH_LL_GetSpeed  usbh_conf.o
    0x080048f2   0x0000001e   Code   RO          367    i.USBH_LL_GetToggle  usbh_conf.o
    0x08004910   0x00000008   Code   RO          368    i.USBH_LL_GetURBState  usbh_conf.o
    0x08004918   0x0000001e   Code   RO         4490    i.USBH_LL_IncTimer  usbh_core.o
    0x08004936   0x00000002   PAD
    0x08004938   0x00000068   Code   RO          369    i.USBH_LL_Init      usbh_conf.o
    0x080049a0   0x0000002a   Code   RO          370    i.USBH_LL_OpenPipe  usbh_conf.o
    0x080049ca   0x00000020   Code   RO          371    i.USBH_LL_ResetPort  usbh_conf.o
    0x080049ea   0x00000006   Code   RO         4491    i.USBH_LL_SetTimer  usbh_core.o
    0x080049f0   0x00000020   Code   RO          372    i.USBH_LL_SetToggle  usbh_conf.o
    0x08004a10   0x00000020   Code   RO          373    i.USBH_LL_Start     usbh_conf.o
    0x08004a30   0x00000020   Code   RO          374    i.USBH_LL_Stop      usbh_conf.o
    0x08004a50   0x00000030   Code   RO          375    i.USBH_LL_SubmitURB  usbh_conf.o
    0x08004a80   0x0000001e   Code   RO         3893    i.USBH_MSC_BOT_Abort  usbh_msc_bot.o
    0x08004a9e   0x00000002   PAD
    0x08004aa0   0x00000024   Code   RO         3894    i.USBH_MSC_BOT_Init  usbh_msc_bot.o
    0x08004ac4   0x000001dc   Code   RO         3895    i.USBH_MSC_BOT_Process  usbh_msc_bot.o
    0x08004ca0   0x00000016   Code   RO         3896    i.USBH_MSC_BOT_REQ_GetMaxLUN  usbh_msc_bot.o
    0x08004cb6   0x00000016   Code   RO         3897    i.USBH_MSC_BOT_REQ_Reset  usbh_msc_bot.o
    0x08004ccc   0x0000006c   Code   RO         4271    i.USBH_MSC_ClassRequest  usbh_msc.o
    0x08004d38   0x0000004a   Code   RO         4274    i.USBH_MSC_InterfaceDeInit  usbh_msc.o
    0x08004d82   0x0000014c   Code   RO         4275    i.USBH_MSC_InterfaceInit  usbh_msc.o
    0x08004ece   0x00000290   Code   RO         4277    i.USBH_MSC_Process  usbh_msc.o
    0x0800515e   0x000000c0   Code   RO         4598    i.USBH_MSC_SCSI_Inquiry  usbh_msc_scsi.o
    0x0800521e   0x0000007a   Code   RO         4600    i.USBH_MSC_SCSI_ReadCapacity  usbh_msc_scsi.o
    0x08005298   0x00000092   Code   RO         4601    i.USBH_MSC_SCSI_RequestSense  usbh_msc_scsi.o
    0x0800532a   0x0000004c   Code   RO         4602    i.USBH_MSC_SCSI_TestUnitReady  usbh_msc_scsi.o
    0x08005376   0x00000004   Code   RO         4280    i.USBH_MSC_SOFProcess  usbh_msc.o
    0x0800537a   0x00000004   Code   RO         3742    i.USBH_MTP_ClassRequest  usbh_mtp.o
    0x0800537e   0x000000a4   Code   RO         3744    i.USBH_MTP_Events   usbh_mtp.o
    0x08005422   0x00000002   Code   RO         3745    i.USBH_MTP_EventsCallback  usbh_mtp.o
    0x08005424   0x00000074   Code   RO         3757    i.USBH_MTP_InterfaceDeInit  usbh_mtp.o
    0x08005498   0x0000021c   Code   RO         3758    i.USBH_MTP_InterfaceInit  usbh_mtp.o
    0x080056b4   0x000000d8   Code   RO         3760    i.USBH_MTP_Process  usbh_mtp.o
    0x0800578c   0x00000004   Code   RO         3761    i.USBH_MTP_SOFProcess  usbh_mtp.o
    0x08005790   0x00000014   Code   RO         3340    i.USBH_OpenPipe     usbh_pipes.o
    0x080057a4   0x0000008e   Code   RO         4100    i.USBH_PTP_GetDeviceInfo  usbh_mtp_ptp.o
    0x08005832   0x00000036   Code   RO         4110    i.USBH_PTP_GetResponse  usbh_mtp_ptp.o
    0x08005868   0x0000009c   Code   RO         4111    i.USBH_PTP_GetStorageIds  usbh_mtp_ptp.o
    0x08005904   0x0000009a   Code   RO         4112    i.USBH_PTP_GetStorageInfo  usbh_mtp_ptp.o
    0x0800599e   0x0000001a   Code   RO         4113    i.USBH_PTP_Init     usbh_mtp_ptp.o
    0x080059b8   0x00000068   Code   RO         4114    i.USBH_PTP_OpenSession  usbh_mtp_ptp.o
    0x08005a20   0x00000236   Code   RO         4115    i.USBH_PTP_Process  usbh_mtp_ptp.o
    0x08005c56   0x00000056   Code   RO         4117    i.USBH_PTP_SendRequest  usbh_mtp_ptp.o
    0x08005cac   0x000000e8   Code   RO         3257    i.USBH_ParseCfgDesc  usbh_ctlreq.o
    0x08005d94   0x00000168   Code   RO         4492    i.USBH_Process      usbh_core.o
    0x08005efc   0x00000024   Code   RO         4494    i.USBH_RegisterClass  usbh_core.o
    0x08005f20   0x00000016   Code   RO         4495    i.USBH_SelectInterface  usbh_core.o
    0x08005f36   0x0000001c   Code   RO         3258    i.USBH_SetAddress   usbh_ctlreq.o
    0x08005f52   0x0000001c   Code   RO         3259    i.USBH_SetCfg       usbh_ctlreq.o
    0x08005f6e   0x0000001c   Code   RO         3260    i.USBH_SetInterface  usbh_ctlreq.o
    0x08005f8a   0x00000014   Code   RO         4496    i.USBH_Start        usbh_core.o
    0x08005f9e   0x00000002   PAD
    0x08005fa0   0x00000020   Code   RO          602    i.USBH_UserProcess  usb_host.o
    0x08005fc0   0x0000006c   Code   RO         2324    i.USB_CoreInit      stm32f4xx_ll_usb.o
    0x0800602c   0x00000038   Code   RO         2325    i.USB_CoreReset     stm32f4xx_ll_usb.o
    0x08006064   0x0000000c   Code   RO         2331    i.USB_DisableGlobalInt  stm32f4xx_ll_usb.o
    0x08006070   0x00000040   Code   RO         2332    i.USB_DoPing        stm32f4xx_ll_usb.o
    0x080060b0   0x0000002c   Code   RO         2333    i.USB_DriveVbus     stm32f4xx_ll_usb.o
    0x080060dc   0x0000000c   Code   RO         2339    i.USB_EnableGlobalInt  stm32f4xx_ll_usb.o
    0x080060e8   0x00000020   Code   RO         2340    i.USB_FlushRxFifo   stm32f4xx_ll_usb.o
    0x08006108   0x00000024   Code   RO         2341    i.USB_FlushTxFifo   stm32f4xx_ll_usb.o
    0x0800612c   0x00000008   Code   RO         2342    i.USB_GetCurrentFrame  stm32f4xx_ll_usb.o
    0x08006134   0x0000000e   Code   RO         2344    i.USB_GetHostSpeed  stm32f4xx_ll_usb.o
    0x08006142   0x00000008   Code   RO         2345    i.USB_GetMode       stm32f4xx_ll_usb.o
    0x0800614a   0x00000148   Code   RO         2346    i.USB_HC_Halt       stm32f4xx_ll_usb.o
    0x08006292   0x00000002   PAD
    0x08006294   0x000000ea   Code   RO         2347    i.USB_HC_Init       stm32f4xx_ll_usb.o
    0x0800637e   0x0000000c   Code   RO         2348    i.USB_HC_ReadInterrupt  stm32f4xx_ll_usb.o
    0x0800638a   0x00000002   PAD
    0x0800638c   0x00000188   Code   RO         2349    i.USB_HC_StartXfer  stm32f4xx_ll_usb.o
    0x08006514   0x000000d4   Code   RO         2350    i.USB_HostInit      stm32f4xx_ll_usb.o
    0x080065e8   0x00000036   Code   RO         2351    i.USB_InitFSLSPClkSel  stm32f4xx_ll_usb.o
    0x0800661e   0x00000008   Code   RO         2356    i.USB_ReadInterrupts  stm32f4xx_ll_usb.o
    0x08006626   0x00000020   Code   RO         2357    i.USB_ReadPacket    stm32f4xx_ll_usb.o
    0x08006646   0x0000002c   Code   RO         2358    i.USB_ResetPort     stm32f4xx_ll_usb.o
    0x08006672   0x0000002c   Code   RO         2359    i.USB_SetCurrentMode  stm32f4xx_ll_usb.o
    0x0800669e   0x000000b2   Code   RO         2363    i.USB_StopHost      stm32f4xx_ll_usb.o
    0x08006750   0x00000028   Code   RO         2364    i.USB_WritePacket   stm32f4xx_ll_usb.o
    0x08006778   0x00000002   Code   RO          178    i.UsageFault_Handler  stm32f4xx_it.o
    0x0800677a   0x00000002   Code   RO          256    i._Error_Handler    main.o
    0x0800677c   0x00000028   Code   RO         4895    i.__0sprintf        mc_w.l(printfa.o)
    0x080067a4   0x0000000e   Code   RO         4997    i.__scatterload_copy  mc_w.l(handlers.o)
    0x080067b2   0x00000002   Code   RO         4998    i.__scatterload_null  mc_w.l(handlers.o)
    0x080067b4   0x0000000e   Code   RO         4999    i.__scatterload_zeroinit  mc_w.l(handlers.o)
    0x080067c2   0x00000002   PAD
    0x080067c4   0x00000184   Code   RO         4900    i._fp_digits        mc_w.l(printfa.o)
    0x08006948   0x000006dc   Code   RO         4901    i._printf_core      mc_w.l(printfa.o)
    0x08007024   0x00000024   Code   RO         4902    i._printf_post_padding  mc_w.l(printfa.o)
    0x08007048   0x0000002e   Code   RO         4903    i._printf_pre_padding  mc_w.l(printfa.o)
    0x08007076   0x0000000a   Code   RO         4905    i._sputc            mc_w.l(printfa.o)
    0x08007080   0x00000044   Code   RO          676    i.adc_send_command  ads1299.o
    0x080070c4   0x00000070   Code   RO          677    i.adc_wreg          ads1299.o
    0x08007134   0x000000b0   Code   RO          678    i.adquire_array_data  ads1299.o
    0x080071e4   0x00000060   Code   RO          679    i.adquire_single_data  ads1299.o
    0x08007244   0x00000050   Code   RO          680    i.byte2float        ads1299.o
    0x08007294   0x0000004c   Code   RO          257    i.commandFromESP    main.o
    0x080072e0   0x000000c8   Code   RO          681    i.configADS         ads1299.o
    0x080073a8   0x0000000e   Code   RO         3954    i.fifo_init         usbh_hid.o
    0x080073b6   0x00000050   Code   RO         3956    i.fifo_write        usbh_hid.o
    0x08007406   0x00000002   PAD
    0x08007408   0x00000040   Code   RO          258    i.float2ESP         main.o
    0x08007448   0x00000064   Code   RO          259    i.floatArray2ESP    main.o
    0x080074ac   0x0000000e   Code   RO          682    i.frame_loff_statn  ads1299.o
    0x080074ba   0x00000002   PAD
    0x080074bc   0x00000050   Code   RO         4921    i.free              mc_w.l(malloc.o)
    0x0800750c   0x00000268   Code   RO          260    i.main              main.o
    0x08007774   0x0000006c   Code   RO         4922    i.malloc            mc_w.l(malloc.o)
    0x080077e0   0x0000002a   Code   RO          688    i.read_data_frame   ads1299.o
    0x0800780a   0x00000002   PAD
    0x0800780c   0x00000070   Code   RO          689    i.update_bias_ref   ads1299.o
    0x0800787c   0x00000010   Data   RO         3206    .constdata          system_stm32f4xx.o
    0x0800788c   0x00000008   Data   RO         3207    .constdata          system_stm32f4xx.o
    0x08007894   0x00000006   Data   RO         3575    .conststring        usbh_audio.o
    0x0800789a   0x00000002   PAD
    0x0800789c   0x00000004   Data   RO         3764    .conststring        usbh_mtp.o
    0x080078a0   0x00000004   Data   RO         3957    .conststring        usbh_hid.o
    0x080078a4   0x00000004   Data   RO         4283    .conststring        usbh_msc.o
    0x080078a8   0x00000004   Data   RO         4379    .conststring        usbh_cdc.o
    0x080078ac   0x00000020   Data   RO         4995    Region$$Table       anon$$obj.o


    Execution Region RW_IRAM1 (Base: 0x20000000, Size: 0x00001458, Max: 0x00020000, ABSOLUTE)

    Base Addr    Size         Type   Attr      Idx    E Section Name        Object

    0x20000000   0x00000008   Data   RW          269    .data               main.o
    0x20000008   0x00000001   Data   RW          604    .data               usb_host.o
    0x20000009   0x00000003   PAD
    0x2000000c   0x00000008   Data   RW          690    .data               ads1299.o
    0x20000014   0x00000004   Data   RW          810    .data               stm32f4xx_hal.o
    0x20000018   0x00000004   Data   RW         3208    .data               system_stm32f4xx.o
    0x2000001c   0x00000008   Data   RW         3385    .data               usbh_hid_keybd.o
    0x20000024   0x00000009   Data   RW         3507    .data               usbh_hid_mouse.o
    0x2000002d   0x00000003   PAD
    0x20000030   0x00000020   Data   RW         3576    .data               usbh_audio.o
    0x20000050   0x00000020   Data   RW         3765    .data               usbh_mtp.o
    0x20000070   0x00000020   Data   RW         3958    .data               usbh_hid.o
    0x20000090   0x00000020   Data   RW         4284    .data               usbh_msc.o
    0x200000b0   0x00000020   Data   RW         4380    .data               usbh_cdc.o
    0x200000d0   0x00000004   Data   RW         4974    .data               mc_w.l(mvars.o)
    0x200000d4   0x00000004   Data   RW         4975    .data               mc_w.l(mvars.o)
    0x200000d8   0x0000053b   Zero   RW          261    .bss                main.o
    0x20000613   0x00000001   PAD
    0x20000614   0x00000298   Zero   RW          376    .bss                usbh_conf.o
    0x200008ac   0x00000598   Zero   RW          603    .bss                usb_host.o
    0x20000e44   0x0000000f   Zero   RW         3383    .bss                usbh_hid_keybd.o
    0x20000e53   0x00000005   PAD
    0x20000e58   0x00000200   Zero   RW         3240    HEAP                startup_stm32f405xx.o
    0x20001058   0x00000400   Zero   RW         3239    STACK               startup_stm32f405xx.o


==============================================================================

Image component sizes


      Code (inc. data)   RO Data    RW Data    ZI Data      Debug   Object Name

       900         42          0          8          0       7159   ads1299.o
      1474        102          0          8       1339       9147   main.o
        36          8        392          0       1536        820   startup_stm32f405xx.o
       148         22          0          4          0       4519   stm32f4xx_hal.o
       708         28          0          0          0       2943   stm32f4xx_hal_adc.o
       228         14          0          0          0      32305   stm32f4xx_hal_cortex.o
       460         44          0          0          0       3788   stm32f4xx_hal_gpio.o
      2198          4          0          0          0      13669   stm32f4xx_hal_hcd.o
       360         46          0          0          0     628161   stm32f4xx_hal_msp.o
      1270         86          0          0          0       7363   stm32f4xx_hal_rcc.o
      1142          0          0          0          0       5812   stm32f4xx_hal_spi.o
      1068          8          0          0          0       4216   stm32f4xx_hal_uart.o
        44          6          0          0          0       4770   stm32f4xx_it.o
      1972         48          0          0          0      17635   stm32f4xx_ll_usb.o
        84         18         24          4          0       1207   system_stm32f4xx.o
       136         40          0          1       1432      39925   usb_host.o
      3538         28          6         32          0      33242   usbh_audio.o
       872          6          4         32          0      12936   usbh_cdc.o
       576         34          0          0        664      19884   usbh_conf.o
      1050         20          0          0          0      10866   usbh_core.o
      1118         12          0          0          0      10884   usbh_ctlreq.o
      1036         24          4         32          0      14689   usbh_hid.o
        84          8          0          8         15       2824   usbh_hid_keybd.o
        60          4          0          9          0       1760   usbh_hid_mouse.o
       238          0          0          0          0       6056   usbh_ioreq.o
      1174         10          4         32          0       6391   usbh_msc.o
       586         28          0          0          0       4933   usbh_msc_bot.o
       536          0          0          0          0       4380   usbh_msc_scsi.o
      1046          6          4         32          0       8606   usbh_mtp.o
      2124         10          0          0          0      12928   usbh_mtp_ptp.o
       106          0          0          0          0       3450   usbh_pipes.o
       108          6          0          0          0       2029   util.o

    ----------------------------------------------------------------------
     26520        712        472        208       4992     939297   Object Totals
         0          0         32          0          0          0   (incl. Generated)
        40          0          2          6          6          0   (incl. Padding)

    ----------------------------------------------------------------------

      Code (inc. data)   RO Data    RW Data    ZI Data      Debug   Library Member Name

         0          0          0          0          0          0   entry.o
         0          0          0          0          0          0   entry10a.o
         0          0          0          0          0          0   entry11a.o
         8          4          0          0          0          0   entry2.o
         4          0          0          0          0          0   entry5.o
         0          0          0          0          0          0   entry7b.o
         0          0          0          0          0          0   entry8b.o
         8          4          0          0          0          0   entry9a.o
        30          0          0          0          0          0   handlers.o
        36          8          0          0          0         68   init.o
         0          0          0          0          0          0   iusefp.o
        30          0          0          0          0         68   llshl.o
        36          0          0          0          0         68   llsshr.o
        32          0          0          0          0         68   llushr.o
       188         20          0          0          0        160   malloc.o
        36          0          0          0          0         68   memcpya.o
        36          0          0          0          0        108   memseta.o
         0          0          0          8          0          0   mvars.o
      2276         86          0          0          0        520   printfa.o
        44          0          0          0          0         80   uidiv.o
        98          0          0          0          0         92   uldiv.o
        48          0          0          0          0         68   cdrcmple.o
       334          0          0          0          0        148   dadd.o
       222          0          0          0          0        100   ddiv.o
       186          0          0          0          0        176   depilogue.o
        48          0          0          0          0         68   dfixul.o
       228          0          0          0          0         96   dmul.o

    ----------------------------------------------------------------------
      3932        122          0          8          0       1956   Library Totals
         4          0          0          0          0          0   (incl. Padding)

    ----------------------------------------------------------------------

      Code (inc. data)   RO Data    RW Data    ZI Data      Debug   Library Name

      2862        122          0          8          0       1300   mc_w.l
      1066          0          0          0          0        656   mf_w.l

    ----------------------------------------------------------------------
      3932        122          0          8          0       1956   Library Totals

    ----------------------------------------------------------------------

==============================================================================


      Code (inc. data)   RO Data    RW Data    ZI Data      Debug   

     30452        834        472        216       4992     915717   Grand Totals
     30452        834        472        216       4992     915717   ELF Image Totals
     30452        834        472        216          0          0   ROM Totals

==============================================================================

    Total RO  Size (Code + RO Data)                30924 (  30.20kB)
    Total RW  Size (RW Data + ZI Data)              5208 (   5.09kB)
    Total ROM Size (Code + RO Data + RW Data)      31140 (  30.41kB)

==============================================================================

