Component: ARM Compiler 5.06 update 4 (build 422) Tool: armlink [4d35d2]

==============================================================================

Section Cross References

    stm32f4xx_hal_msp.o(i.HAL_ADC_MspDeInit) refers to stm32f4xx_hal_gpio.o(i.HAL_GPIO_DeInit) for HAL_GPIO_DeInit
    stm32f4xx_hal_msp.o(i.HAL_ADC_MspInit) refers to stm32f4xx_hal_gpio.o(i.HAL_GPIO_Init) for HAL_GPIO_Init
    stm32f4xx_hal_msp.o(i.HAL_MspInit) refers to stm32f4xx_hal_cortex.o(i.HAL_NVIC_SetPriorityGrouping) for HAL_NVIC_SetPriorityGrouping
    stm32f4xx_hal_msp.o(i.HAL_MspInit) refers to stm32f4xx_hal_cortex.o(i.HAL_NVIC_SetPriority) for HAL_NVIC_SetPriority
    stm32f4xx_hal_msp.o(i.HAL_SPI_MspDeInit) refers to stm32f4xx_hal_gpio.o(i.HAL_GPIO_DeInit) for HAL_GPIO_DeInit
    stm32f4xx_hal_msp.o(i.HAL_SPI_MspInit) refers to stm32f4xx_hal_gpio.o(i.HAL_GPIO_Init) for HAL_GPIO_Init
    stm32f4xx_hal_msp.o(i.HAL_UART_MspDeInit) refers to stm32f4xx_hal_gpio.o(i.HAL_GPIO_DeInit) for HAL_GPIO_DeInit
    stm32f4xx_hal_msp.o(i.HAL_UART_MspInit) refers to stm32f4xx_hal_gpio.o(i.HAL_GPIO_Init) for HAL_GPIO_Init
    stm32f4xx_it.o(i.NMI_Handler) refers to stm32f4xx_hal_rcc.o(i.HAL_RCC_NMI_IRQHandler) for HAL_RCC_NMI_IRQHandler
    stm32f4xx_it.o(i.OTG_FS_IRQHandler) refers to stm32f4xx_hal_hcd.o(i.HAL_HCD_IRQHandler) for HAL_HCD_IRQHandler
    stm32f4xx_it.o(i.OTG_FS_IRQHandler) refers to usbh_conf.o(.bss) for hhcd_USB_OTG_FS
    stm32f4xx_it.o(i.SysTick_Handler) refers to stm32f4xx_hal.o(i.HAL_IncTick) for HAL_IncTick
    stm32f4xx_it.o(i.SysTick_Handler) refers to stm32f4xx_hal_cortex.o(i.HAL_SYSTICK_IRQHandler) for HAL_SYSTICK_IRQHandler
    main.o(i.MX_ADC1_Init) refers to stm32f4xx_hal_adc.o(i.HAL_ADC_Init) for HAL_ADC_Init
    main.o(i.MX_ADC1_Init) refers to stm32f4xx_hal_adc.o(i.HAL_ADC_ConfigChannel) for HAL_ADC_ConfigChannel
    main.o(i.MX_ADC1_Init) refers to main.o(.bss) for .bss
    main.o(i.MX_GPIO_Init) refers to stm32f4xx_hal_gpio.o(i.HAL_GPIO_WritePin) for HAL_GPIO_WritePin
    main.o(i.MX_GPIO_Init) refers to stm32f4xx_hal_gpio.o(i.HAL_GPIO_Init) for HAL_GPIO_Init
    main.o(i.MX_SPI1_Init) refers to stm32f4xx_hal_spi.o(i.HAL_SPI_Init) for HAL_SPI_Init
    main.o(i.MX_SPI1_Init) refers to main.o(.bss) for .bss
    main.o(i.MX_SPI2_Init) refers to stm32f4xx_hal_spi.o(i.HAL_SPI_Init) for HAL_SPI_Init
    main.o(i.MX_SPI2_Init) refers to main.o(.bss) for .bss
    main.o(i.SystemClock_Config) refers to stm32f4xx_hal_rcc.o(i.HAL_RCC_OscConfig) for HAL_RCC_OscConfig
    main.o(i.SystemClock_Config) refers to stm32f4xx_hal_rcc.o(i.HAL_RCC_ClockConfig) for HAL_RCC_ClockConfig
    main.o(i.SystemClock_Config) refers to stm32f4xx_hal_rcc.o(i.HAL_RCC_EnableCSS) for HAL_RCC_EnableCSS
    main.o(i.SystemClock_Config) refers to stm32f4xx_hal_rcc.o(i.HAL_RCC_GetHCLKFreq) for HAL_RCC_GetHCLKFreq
    main.o(i.SystemClock_Config) refers to stm32f4xx_hal_cortex.o(i.HAL_SYSTICK_Config) for HAL_SYSTICK_Config
    main.o(i.SystemClock_Config) refers to stm32f4xx_hal_cortex.o(i.HAL_SYSTICK_CLKSourceConfig) for HAL_SYSTICK_CLKSourceConfig
    main.o(i.SystemClock_Config) refers to stm32f4xx_hal_cortex.o(i.HAL_NVIC_SetPriority) for HAL_NVIC_SetPriority
    main.o(i.commandFromESP) refers to stm32f4xx_hal_gpio.o(i.HAL_GPIO_WritePin) for HAL_GPIO_WritePin
    main.o(i.commandFromESP) refers to stm32f4xx_hal_spi.o(i.HAL_SPI_TransmitReceive) for HAL_SPI_TransmitReceive
    main.o(i.commandFromESP) refers to stm32f4xx_hal_gpio.o(i.HAL_GPIO_TogglePin) for HAL_GPIO_TogglePin
    main.o(i.commandFromESP) refers to stm32f4xx_hal.o(i.HAL_Delay) for HAL_Delay
    main.o(i.float2ESP) refers to stm32f4xx_hal_gpio.o(i.HAL_GPIO_WritePin) for HAL_GPIO_WritePin
    main.o(i.float2ESP) refers to stm32f4xx_hal_spi.o(i.HAL_SPI_Transmit) for HAL_SPI_Transmit
    main.o(i.float2ESP) refers to stm32f4xx_hal_gpio.o(i.HAL_GPIO_TogglePin) for HAL_GPIO_TogglePin
    main.o(i.float2ESP) refers to stm32f4xx_hal.o(i.HAL_Delay) for HAL_Delay
    main.o(i.floatArray2ESP) refers to stm32f4xx_hal_gpio.o(i.HAL_GPIO_WritePin) for HAL_GPIO_WritePin
    main.o(i.floatArray2ESP) refers to stm32f4xx_hal_spi.o(i.HAL_SPI_Transmit) for HAL_SPI_Transmit
    main.o(i.floatArray2ESP) refers to stm32f4xx_hal_gpio.o(i.HAL_GPIO_TogglePin) for HAL_GPIO_TogglePin
    main.o(i.main) refers to stm32f4xx_hal.o(i.HAL_Init) for HAL_Init
    main.o(i.main) refers to main.o(i.SystemClock_Config) for SystemClock_Config
    main.o(i.main) refers to main.o(i.MX_GPIO_Init) for MX_GPIO_Init
    main.o(i.main) refers to main.o(i.MX_SPI1_Init) for MX_SPI1_Init
    main.o(i.main) refers to main.o(i.MX_SPI2_Init) for MX_SPI2_Init
    main.o(i.main) refers to main.o(i.MX_ADC1_Init) for MX_ADC1_Init
    main.o(i.main) refers to stm32f4xx_hal_uart.o(i.HAL_UART_Init) for HAL_UART_Init
    main.o(i.main) refers to usb_host.o(i.MX_USB_HOST_Init) for MX_USB_HOST_Init
    main.o(i.main) refers to stm32f4xx_hal_gpio.o(i.HAL_GPIO_WritePin) for HAL_GPIO_WritePin
[...]
    USBH_MTP_ClassRequest                    0x080053d3   Thumb Code     4  usbh_mtp.o(i.USBH_MTP_ClassRequest)
    i.USBH_MTP_Events                        0x080053d6   Section        0  usbh_mtp.o(i.USBH_MTP_Events)
    USBH_MTP_Events                          0x080053d7   Thumb Code   164  usbh_mtp.o(i.USBH_MTP_Events)
    i.USBH_MTP_EventsCallback                0x0800547a   Section        0  usbh_mtp.o(i.USBH_MTP_EventsCallback)
    i.USBH_MTP_InterfaceDeInit               0x0800547c   Section        0  usbh_mtp.o(i.USBH_MTP_InterfaceDeInit)
    USBH_MTP_InterfaceDeInit                 0x0800547d   Thumb Code   116  usbh_mtp.o(i.USBH_MTP_InterfaceDeInit)
    i.USBH_MTP_InterfaceInit                 0x080054f0   Section        0  usbh_mtp.o(i.USBH_MTP_InterfaceInit)
    USBH_MTP_InterfaceInit                   0x080054f1   Thumb Code   540  usbh_mtp.o(i.USBH_MTP_InterfaceInit)
    i.USBH_MTP_Process                       0x0800570c   Section        0  usbh_mtp.o(i.USBH_MTP_Process)
    USBH_MTP_Process                         0x0800570d   Thumb Code   216  usbh_mtp.o(i.USBH_MTP_Process)
    i.USBH_MTP_SOFProcess                    0x080057e4   Section        0  usbh_mtp.o(i.USBH_MTP_SOFProcess)
    USBH_MTP_SOFProcess                      0x080057e5   Thumb Code     4  usbh_mtp.o(i.USBH_MTP_SOFProcess)
    i.USBH_OpenPipe                          0x080057e8   Section        0  usbh_pipes.o(i.USBH_OpenPipe)
    i.USBH_PTP_GetDeviceInfo                 0x080057fc   Section        0  usbh_mtp_ptp.o(i.USBH_PTP_GetDeviceInfo)
    i.USBH_PTP_GetResponse                   0x0800588a   Section        0  usbh_mtp_ptp.o(i.USBH_PTP_GetResponse)
    i.USBH_PTP_GetStorageIds                 0x080058c0   Section        0  usbh_mtp_ptp.o(i.USBH_PTP_GetStorageIds)
    i.USBH_PTP_GetStorageInfo                0x0800595c   Section        0  usbh_mtp_ptp.o(i.USBH_PTP_GetStorageInfo)
    i.USBH_PTP_Init                          0x080059f6   Section        0  usbh_mtp_ptp.o(i.USBH_PTP_Init)
    i.USBH_PTP_OpenSession                   0x08005a10   Section        0  usbh_mtp_ptp.o(i.USBH_PTP_OpenSession)
    i.USBH_PTP_Process                       0x08005a78   Section        0  usbh_mtp_ptp.o(i.USBH_PTP_Process)
    i.USBH_PTP_SendRequest                   0x08005cae   Section        0  usbh_mtp_ptp.o(i.USBH_PTP_SendRequest)
    i.USBH_ParseCfgDesc                      0x08005d04   Section        0  usbh_ctlreq.o(i.USBH_ParseCfgDesc)
    USBH_ParseCfgDesc                        0x08005d05   Thumb Code   232  usbh_ctlreq.o(i.USBH_ParseCfgDesc)
    i.USBH_Process                           0x08005dec   Section        0  usbh_core.o(i.USBH_Process)
    i.USBH_RegisterClass                     0x08005f54   Section        0  usbh_core.o(i.USBH_RegisterClass)
    i.USBH_SelectInterface                   0x08005f78   Section        0  usbh_core.o(i.USBH_SelectInterface)
    i.USBH_SetAddress                        0x08005f8e   Section        0  usbh_ctlreq.o(i.USBH_SetAddress)
    i.USBH_SetCfg                            0x08005faa   Section        0  usbh_ctlreq.o(i.USBH_SetCfg)
    i.USBH_SetInterface                      0x08005fc6   Section        0  usbh_ctlreq.o(i.USBH_SetInterface)
    i.USBH_Start                             0x08005fe2   Section        0  usbh_core.o(i.USBH_Start)
    i.USBH_UserProcess                       0x08005ff8   Section        0  usb_host.o(i.USBH_UserProcess)
    USBH_UserProcess                         0x08005ff9   Thumb Code    28  usb_host.o(i.USBH_UserProcess)
    i.USB_CoreInit                           0x08006018   Section        0  stm32f4xx_ll_usb.o(i.USB_CoreInit)
    i.USB_CoreReset                          0x08006084   Section        0  stm32f4xx_ll_usb.o(i.USB_CoreReset)
    USB_CoreReset                            0x08006085   Thumb Code    50  stm32f4xx_ll_usb.o(i.USB_CoreReset)
    i.USB_DisableGlobalInt                   0x080060bc   Section        0  stm32f4xx_ll_usb.o(i.USB_DisableGlobalInt)
    i.USB_DoPing                             0x080060c8   Section        0  stm32f4xx_ll_usb.o(i.USB_DoPing)
    i.USB_DriveVbus                          0x08006108   Section        0  stm32f4xx_ll_usb.o(i.USB_DriveVbus)
    i.USB_EnableGlobalInt                    0x08006134   Section        0  stm32f4xx_ll_usb.o(i.USB_EnableGlobalInt)
    i.USB_FlushRxFifo                        0x08006140   Section        0  stm32f4xx_ll_usb.o(i.USB_FlushRxFifo)
    i.USB_FlushTxFifo                        0x08006160   Section        0  stm32f4xx_ll_usb.o(i.USB_FlushTxFifo)
    i.USB_GetCurrentFrame                    0x08006184   Section        0  stm32f4xx_ll_usb.o(i.USB_GetCurrentFrame)
    i.USB_GetHostSpeed                       0x0800618c   Section        0  stm32f4xx_ll_usb.o(i.USB_GetHostSpeed)
    i.USB_GetMode                            0x0800619a   Section        0  stm32f4xx_ll_usb.o(i.USB_GetMode)
    i.USB_HC_Halt                            0x080061a2   Section        0  stm32f4xx_ll_usb.o(i.USB_HC_Halt)
    i.USB_HC_Init                            0x080062ec   Section        0  stm32f4xx_ll_usb.o(i.USB_HC_Init)
    i.USB_HC_ReadInterrupt                   0x080063d6   Section        0  stm32f4xx_ll_usb.o(i.USB_HC_ReadInterrupt)
    i.USB_HC_StartXfer                       0x080063e4   Section        0  stm32f4xx_ll_usb.o(i.USB_HC_StartXfer)
    i.USB_HostInit                           0x0800656c   Section        0  stm32f4xx_ll_usb.o(i.USB_HostInit)
    i.USB_InitFSLSPClkSel                    0x08006640   Section        0  stm32f4xx_ll_usb.o(i.USB_InitFSLSPClkSel)
    i.USB_ReadInterrupts                     0x08006676   Section        0  stm32f4xx_ll_usb.o(i.USB_ReadInterrupts)
    i.USB_ReadPacket                         0x0800667e   Section        0  stm32f4xx_ll_usb.o(i.USB_ReadPacket)
    i.USB_ResetPort                          0x0800669e   Section        0  stm32f4xx_ll_usb.o(i.USB_ResetPort)
    i.USB_SetCurrentMode                     0x080066ca   Section        0  stm32f4xx_ll_usb.o(i.USB_SetCurrentMode)
    i.USB_StopHost                           0x080066f6   Section        0  stm32f4xx_ll_usb.o(i.USB_StopHost)
    i.USB_WritePacket                        0x080067a8   Section        0  stm32f4xx_ll_usb.o(i.USB_WritePacket)
    i.UsageFault_Handler                     0x080067d0   Section        0  stm32f4xx_it.o(i.UsageFault_Handler)
    i._Error_Handler                         0x080067d2   Section        0  main.o(i._Error_Handler)
    i.__0sprintf                             0x080067d4   Section        0  printfa.o(i.__0sprintf)
    i.__scatterload_copy                     0x080067fc   Section       14  handlers.o(i.__scatterload_copy)
    i.__scatterload_null                     0x0800680a   Section        2  handlers.o(i.__scatterload_null)
    i.__scatterload_zeroinit                 0x0800680c   Section       14  handlers.o(i.__scatterload_zeroinit)
    i._fp_digits                             0x0800681c   Section        0  printfa.o(i._fp_digits)
    _fp_digits                               0x0800681d   Thumb Code   366  printfa.o(i._fp_digits)
    i._printf_core                           0x080069a0   Section        0  printfa.o(i._printf_core)
    _printf_core                             0x080069a1   Thumb Code  1744  printfa.o(i._printf_core)
    i._printf_post_padding                   0x0800707c   Section        0  printfa.o(i._printf_post_padding)
    _printf_post_padding                     0x0800707d   Thumb Code    36  printfa.o(i._printf_post_padding)
    i._printf_pre_padding                    0x080070a0   Section        0  printfa.o(i._printf_pre_padding)
    _printf_pre_padding                      0x080070a1   Thumb Code    46  printfa.o(i._printf_pre_padding)
    i._sputc                                 0x080070ce   Section        0  printfa.o(i._sputc)
    _sputc                                   0x080070cf   Thumb Code    10  printfa.o(i._sputc)
    i.adc_send_command                       0x080070d8   Section        0  ads1299.o(i.adc_send_command)
    i.adc_wreg                               0x0800711c   Section        0  ads1299.o(i.adc_wreg)
    i.adquire_single_data                    0x0800718c   Section        0  ads1299.o(i.adquire_single_data)
    i.arm_fir_f32                            0x080071ec   Section        0  arm_fir_f32.o(i.arm_fir_f32)
    i.arm_fir_init_f32                       0x0800762a   Section        0  arm_fir_init_f32.o(i.arm_fir_init_f32)
    i.byte2float                             0x08007648   Section        0  ads1299.o(i.byte2float)
    i.calcular_ganancia                      0x080076a8   Section        0  ads1299.o(i.calcular_ganancia)
    i.commandFromESP                         0x080076dc   Section        0  main.o(i.commandFromESP)
    i.configADS                              0x08007728   Section        0  ads1299.o(i.configADS)
    i.fifo_init                              0x080077f0   Section        0  usbh_hid.o(i.fifo_init)
    i.fifo_write                             0x080077fe   Section        0  usbh_hid.o(i.fifo_write)
    i.float2ESP                              0x08007850   Section        0  main.o(i.float2ESP)
    i.floatArray2ESP                         0x08007890   Section        0  main.o(i.floatArray2ESP)
    i.frame_loff_statn                       0x080078f4   Section        0  ads1299.o(i.frame_loff_statn)
    i.free                                   0x08007904   Section        0  malloc.o(i.free)
    i.main                                   0x08007954   Section        0  main.o(i.main)
    i.malloc                                 0x08007c38   Section        0  malloc.o(i.malloc)
    i.read_data_frame                        0x08007ca4   Section        0  ads1299.o(i.read_data_frame)
    i.update_bias_ref                        0x08007cc8   Section        0  ads1299.o(i.update_bias_ref)
    .constdata                               0x08007d38   Section      116  main.o(.constdata)
    .constdata                               0x08007dac   Section       16  system_stm32f4xx.o(.constdata)
    .constdata                               0x08007dbc   Section        8  system_stm32f4xx.o(.constdata)
    .conststring                             0x08007dc4   Section        6  usbh_audio.o(.conststring)
    .conststring                             0x08007dcc   Section        4  usbh_mtp.o(.conststring)
    .conststring                             0x08007dd0   Section        4  usbh_hid.o(.conststring)
    .conststring                             0x08007dd4   Section        4  usbh_msc.o(.conststring)
    .conststring                             0x08007dd8   Section        4  usbh_cdc.o(.conststring)
    .data                                    0x20000000   Section       16  main.o(.data)
    .data                                    0x20000010   Section        1  usb_host.o(.data)
    .data                                    0x20000014   Section        8  ads1299.o(.data)
    last_loff_statp                          0x20000014   Data           1  ads1299.o(.data)
    last_loff_statn                          0x20000015   Data           1  ads1299.o(.data)
    samples_since_last_bias_change           0x20000018   Data           4  ads1299.o(.data)
    .data                                    0x2000001c   Section     1280  arm_fir_data.o(.data)
    .data                                    0x2000051c   Section        4  stm32f4xx_hal.o(.data)
    .data                                    0x20000520   Section        4  system_stm32f4xx.o(.data)
    .data                                    0x20000524   Section        8  usbh_hid_keybd.o(.data)
    .data                                    0x2000052c   Section        9  usbh_hid_mouse.o(.data)
    .data                                    0x20000538   Section       32  usbh_audio.o(.data)
    .data                                    0x20000558   Section       32  usbh_mtp.o(.data)
    .data                                    0x20000578   Section       32  usbh_hid.o(.data)
    .data                                    0x20000598   Section       32  usbh_msc.o(.data)
    .data                                    0x200005b8   Section       32  usbh_cdc.o(.data)
    .data                                    0x200005d8   Section        4  mvars.o(.data)
    .data                                    0x200005dc   Section        4  mvars.o(.data)
    .bss                                     0x200005e0   Section     2860  main.o(.bss)
    testOutput                               0x20000b1c   Data        1280  main.o(.bss)
    firStateF32                              0x2000101c   Data         240  main.o(.bss)
    .bss                                     0x2000110c   Section      664  usbh_conf.o(.bss)
    .bss                                     0x200013a4   Section     1432  usb_host.o(.bss)
    .bss                                     0x2000193c   Section       15  usbh_hid_keybd.o(.bss)
    HEAP                                     0x20001950   Section      512  startup_stm32f405xx.o(HEAP)
    STACK                                    0x20001b50   Section     1024  startup_stm32f405xx.o(STACK)

    Global Symbols

    Symbol Name                              Value     Ov Type        Size  Object(Section)

    BuildAttributes$$THM_ISAv4$E$P$D$K$B$S$7EM$VFPi3$EXTD16$VFPS$VFMA$PE$A:L22UL41UL21$X:L11$S22US41US21$IEEE1$IW$USESV6$~STKCKD$USESV7$~SHL$OTIME$ROPI$IEEEX$EBA8$MICROLIB$REQ8$PRES8$EABIv2 0x00000000   Number         0  anon$$obj.o ABSOLUTE
    __ARM_use_no_argv                        0x00000000   Number         0  main.o ABSOLUTE
    _printf_a                                0x00000000   Number         0  stubs.o ABSOLUTE
    _printf_c                                0x00000000   Number         0  stubs.o ABSOLUTE
    _printf_charcount                        0x00000000   Number         0  stubs.o ABSOLUTE
    _printf_d                                0x00000000   Number         0  stubs.o ABSOLUTE
    _printf_e                                0x00000000   Number         0  stubs.o ABSOLUTE
    _printf_f                                0x00000000   Number         0  stubs.o ABSOLUTE
    _printf_flags                            0x00000000   Number         0  stubs.o ABSOLUTE
    _printf_fp_dec                           0x00000000   Number         0  stubs.o ABSOLUTE
    _printf_fp_hex                           0x00000000   Number         0  stubs.o ABSOLUTE
    _printf_g                                0x00000000   Number         0  stubs.o ABSOLUTE
    _printf_i                                0x00000000   Number         0  stubs.o ABSOLUTE
    _printf_int_dec                          0x00000000   Number         0  stubs.o ABSOLUTE
    _printf_l                                0x00000000   Number         0  stubs.o ABSOLUTE
    _printf_lc                               0x00000000   Number         0  stubs.o ABSOLUTE
    _printf_ll                               0x00000000   Number         0  stubs.o ABSOLUTE
    _printf_lld                              0x00000000   Number         0  stubs.o ABSOLUTE
    _printf_lli                              0x00000000   Number         0  stubs.o ABSOLUTE
    _printf_llo                              0x00000000   Number         0  stubs.o ABSOLUTE
    _printf_llu                              0x00000000   Number         0  stubs.o ABSOLUTE
    _printf_llx                              0x00000000   Number         0  stubs.o ABSOLUTE
    _printf_longlong_dec                     0x00000000   Number         0  stubs.o ABSOLUTE
    _printf_longlong_hex                     0x00000000   Number         0  stubs.o ABSOLUTE
    _printf_longlong_oct                     0x00000000   Number         0  stubs.o ABSOLUTE
    _printf_ls                               0x00000000   Number         0  stubs.o ABSOLUTE
    _printf_mbtowc                           0x00000000   Number         0  stubs.o ABSOLUTE
    _printf_n                                0x00000000   Number         0  stubs.o ABSOLUTE
    _printf_o                                0x00000000   Number         0  stubs.o ABSOLUTE
    _printf_p                                0x00000000   Number         0  stubs.o ABSOLUTE
    _printf_percent                          0x00000000   Number         0  stubs.o ABSOLUTE
    _printf_pre_padding                      0x00000000   Number         0  stubs.o ABSOLUTE
    _printf_return_value                     0x00000000   Number         0  stubs.o ABSOLUTE
    _printf_s                                0x00000000   Number         0  stubs.o ABSOLUTE
    _printf_sizespec                         0x00000000   Number         0  stubs.o ABSOLUTE
    _printf_str                              0x00000000   Number         0  stubs.o ABSOLUTE
    _printf_truncate_signed                  0x00000000   Number         0  stubs.o ABSOLUTE
    _printf_truncate_unsigned                0x00000000   Number         0  stubs.o ABSOLUTE
    _printf_u                                0x00000000   Number         0  stubs.o ABSOLUTE
    _printf_wc                               0x00000000   Number         0  stubs.o ABSOLUTE
    _printf_wctomb                           0x00000000   Number         0  stubs.o ABSOLUTE
    _printf_widthprec                        0x00000000   Number         0  stubs.o ABSOLUTE
    _printf_x                                0x00000000   Number         0  stubs.o ABSOLUTE
    __cpp_initialize__aeabi_                  - Undefined Weak Reference
    __cxa_finalize                            - Undefined Weak Reference
    _clock_init                               - Undefined Weak Reference
    _microlib_exit                            - Undefined Weak Reference
    __Vectors_Size                           0x00000188   Number         0  startup_stm32f405xx.o ABSOLUTE
    __Vectors                                0x08000000   Data           4  startup_stm32f405xx.o(RESET)
    __Vectors_End                            0x08000188   Data           0  startup_stm32f405xx.o(RESET)
    __main                                   0x08000189   Thumb Code     0  entry.o(.ARM.Collect$$$$00000000)
    _main_stk                                0x08000189   Thumb Code     0  entry2.o(.ARM.Collect$$$$00000001)
    _main_scatterload                        0x0800018d   Thumb Code     0  entry5.o(.ARM.Collect$$$$00000004)
    __main_after_scatterload                 0x08000191   Thumb Code     0  entry5.o(.ARM.Collect$$$$00000004)
    _main_clock                              0x08000191   Thumb Code     0  entry7b.o(.ARM.Collect$$$$00000008)
    _main_cpp_init                           0x08000191   Thumb Code     0  entry8b.o(.ARM.Collect$$$$0000000A)
    _main_init                               0x08000191   Thumb Code     0  entry9a.o(.ARM.Collect$$$$0000000B)
    __rt_final_cpp                           0x08000199   Thumb Code     0  entry10a.o(.ARM.Collect$$$$0000000D)
    __rt_final_exit                          0x08000199   Thumb Code     0  entry11a.o(.ARM.Collect$$$$0000000F)
    Reset_Handler                            0x0800019d   Thumb Code     8  startup_stm32f405xx.o(.text)
    ADC_IRQHandler                           0x080001b7   Thumb Code     0  startup_stm32f405xx.o(.text)
    CAN1_RX0_IRQHandler                      0x080001b7   Thumb Code     0  startup_stm32f405xx.o(.text)
    CAN1_RX1_IRQHandler                      0x080001b7   Thumb Code     0  startup_stm32f405xx.o(.text)
    CAN1_SCE_IRQHandler                      0x080001b7   Thumb Code     0  startup_stm32f405xx.o(.text)
    CAN1_TX_IRQHandler                       0x080001b7   Thumb Code     0  startup_stm32f405xx.o(.text)
    CAN2_RX0_IRQHandler                      0x080001b7   Thumb Code     0  startup_stm32f405xx.o(.text)
    CAN2_RX1_IRQHandler                      0x080001b7   Thumb Code     0  startup_stm32f405xx.o(.text)
    CAN2_SCE_IRQHandler                      0x080001b7   Thumb Code     0  startup_stm32f405xx.o(.text)
    CAN2_TX_IRQHandler                       0x080001b7   Thumb Code     0  startup_stm32f405xx.o(.text)
    DMA1_Stream0_IRQHandler                  0x080001b7   Thumb Code     0  startup_stm32f405xx.o(.text)
    DMA1_Stream1_IRQHandler                  0x080001b7   Thumb Code     0  startup_stm32f405xx.o(.text)
    DMA1_Stream2_IRQHandler                  0x080001b7   Thumb Code     0  startup_stm32f405xx.o(.text)
    DMA1_Stream3_IRQHandler                  0x080001b7   Thumb Code     0  startup_stm32f405xx.o(.text)
    DMA1_Stream4_IRQHandler                  0x080001b7   Thumb Code     0  startup_stm32f405xx.o(.text)
    DMA1_Stream5_IRQHandler                  0x080001b7   Thumb Code     0  startup_stm32f405xx.o(.text)
    DMA1_Stream6_IRQHandler                  0x080001b7   Thumb Code     0  startup_stm32f405xx.o(.text)
    DMA1_Stream7_IRQHandler                  0x080001b7   Thumb Code     0  startup_stm32f405xx.o(.text)
    DMA2_Stream0_IRQHandler                  0x080001b7   Thumb Code     0  startup_stm32f405xx.o(.text)
    DMA2_Stream1_IRQHandler                  0x080001b7   Thumb Code     0  startup_stm32f405xx.o(.text)
    DMA2_Stream2_IRQHandler                  0x080001b7   Thumb Code     0  startup_stm32f405xx.o(.text)
    DMA2_Stream3_IRQHandler                  0x080001b7   Thumb Code     0  startup_stm32f405xx.o(.text)
    DMA2_Stream4_IRQHandler                  0x080001b7   Thumb Code     0  startup_stm32f405xx.o(.text)
    DMA2_Stream5_IRQHandler                  0x080001b7   Thumb Code     0  startup_stm32f405xx.o(.text)
    DMA2_Stream6_IRQHandler                  0x080001b7   Thumb Code     0  startup_stm32f405xx.o(.text)
    DMA2_Stream7_IRQHandler                  0x080001b7   Thumb Code     0  startup_stm32f405xx.o(.text)
    EXTI0_IRQHandler                         0x080001b7   Thumb Code     0  startup_stm32f405xx.o(.text)
    EXTI15_10_IRQHandler                     0x080001b7   Thumb Code     0  startup_stm32f405xx.o(.text)
    EXTI1_IRQHandler                         0x080001b7   Thumb Code     0  startup_stm32f405xx.o(.text)
    EXTI2_IRQHandler                         0x080001b7   Thumb Code     0  startup_stm32f405xx.o(.text)
    EXTI3_IRQHandler                         0x080001b7   Thumb Code     0  startup_stm32f405xx.o(.text)
    EXTI4_IRQHandler                         0x080001b7   Thumb Code     0  startup_stm32f405xx.o(.text)
    EXTI9_5_IRQHandler                       0x080001b7   Thumb Code     0  startup_stm32f405xx.o(.text)
    FLASH_IRQHandler                         0x080001b7   Thumb Code     0  startup_stm32f405xx.o(.text)
    FMC_IRQHandler                           0x080001b7   Thumb Code     0  startup_stm32f405xx.o(.text)
    FPU_IRQHandler                           0x080001b7   Thumb Code     0  startup_stm32f405xx.o(.text)
    HASH_RNG_IRQHandler                      0x080001b7   Thumb Code     0  startup_stm32f405xx.o(.text)
    I2C1_ER_IRQHandler                       0x080001b7   Thumb Code     0  startup_stm32f405xx.o(.text)
    I2C1_EV_IRQHandler                       0x080001b7   Thumb Code     0  startup_stm32f405xx.o(.text)
    I2C2_ER_IRQHandler                       0x080001b7   Thumb Code     0  startup_stm32f405xx.o(.text)
    I2C2_EV_IRQHandler                       0x080001b7   Thumb Code     0  startup_stm32f405xx.o(.text)
    I2C3_ER_IRQHandler                       0x080001b7   Thumb Code     0  startup_stm32f405xx.o(.text)
    I2C3_EV_IRQHandler                       0x080001b7   Thumb Code     0  startup_stm32f405xx.o(.text)
    OTG_FS_WKUP_IRQHandler                   0x080001b7   Thumb Code     0  startup_stm32f405xx.o(.text)
    OTG_HS_EP1_IN_IRQHandler                 0x080001b7   Thumb Code     0  startup_stm32f405xx.o(.text)
    OTG_HS_EP1_OUT_IRQHandler                0x080001b7   Thumb Code     0  startup_stm32f405xx.o(.text)
    OTG_HS_IRQHandler                        0x080001b7   Thumb Code     0  startup_stm32f405xx.o(.text)
    OTG_HS_WKUP_IRQHandler                   0x080001b7   Thumb Code     0  startup_stm32f405xx.o(.text)
    PVD_IRQHandler                           0x080001b7   Thumb Code     0  startup_stm32f405xx.o(.text)
    RCC_IRQHandler                           0x080001b7   Thumb Code     0  startup_stm32f405xx.o(.text)
    RTC_Alarm_IRQHandler                     0x080001b7   Thumb Code     0  startup_stm32f405xx.o(.text)
    RTC_WKUP_IRQHandler                      0x080001b7   Thumb Code     0  startup_stm32f405xx.o(.text)
    SDIO_IRQHandler                          0x080001b7   Thumb Code     0  startup_stm32f405xx.o(.text)
    SPI1_IRQHandler                          0x080001b7   Thumb Code     0  startup_stm32f405xx.o(.text)
    SPI2_IRQHandler                          0x080001b7   Thumb Code     0  startup_stm32f405xx.o(.text)
    SPI3_IRQHandler                          0x080001b7   Thumb Code     0  startup_stm32f405xx.o(.text)
    TAMP_STAMP_IRQHandler                    0x080001b7   Thumb Code     0  startup_stm32f405xx.o(.text)
    TIM1_BRK_TIM9_IRQHandler                 0x080001b7   Thumb Code     0  startup_stm32f405xx.o(.text)
    TIM1_CC_IRQHandler                       0x080001b7   Thumb Code     0  startup_stm32f405xx.o(.text)
    TIM1_TRG_COM_TIM11_IRQHandler            0x080001b7   Thumb Code     0  startup_stm32f405xx.o(.text)
    TIM1_UP_TIM10_IRQHandler                 0x080001b7   Thumb Code     0  startup_stm32f405xx.o(.text)
    TIM2_IRQHandler                          0x080001b7   Thumb Code     0  startup_stm32f405xx.o(.text)
    TIM3_IRQHandler                          0x080001b7   Thumb Code     0  startup_stm32f405xx.o(.text)
    TIM4_IRQHandler                          0x080001b7   Thumb Code     0  startup_stm32f405xx.o(.text)
    TIM5_IRQHandler                          0x080001b7   Thumb Code     0  startup_stm32f405xx.o(.text)
    TIM6_DAC_IRQHandler                      0x080001b7   Thumb Code     0  startup_stm32f405xx.o(.text)
    TIM7_IRQHandler                          0x080001b7   Thumb Code     0  startup_stm32f405xx.o(.text)
    TIM8_BRK_TIM12_IRQHandler                0x080001b7   Thumb Code     0  startup_stm32f405xx.o(.text)
    TIM8_CC_IRQHandler                       0x080001b7   Thumb Code     0  startup_stm32f405xx.o(.text)
    TIM8_TRG_COM_TIM14_IRQHandler            0x080001b7   Thumb Code     0  startup_stm32f405xx.o(.text)
    TIM8_UP_TIM13_IRQHandler                 0x080001b7   Thumb Code     0  startup_stm32f405xx.o(.text)
    UART4_IRQHandler                         0x080001b7   Thumb Code     0  startup_stm32f405xx.o(.text)
    UART5_IRQHandler                         0x080001b7   Thumb Code     0  startup_stm32f405xx.o(.text)
    USART1_IRQHandler                        0x080001b7   Thumb Code     0  startup_stm32f405xx.o(.text)
    USART2_IRQHandler                        0x080001b7   Thumb Code     0  startup_stm32f405xx.o(.text)
    USART3_IRQHandler                        0x080001b7   Thumb Code     0  startup_stm32f405xx.o(.text)
    USART6_IRQHandler                        0x080001b7   Thumb Code     0  startup_stm32f405xx.o(.text)
    WWDG_IRQHandler                          0x080001b7   Thumb Code     0  startup_stm32f405xx.o(.text)
    __aeabi_uldivmod                         0x080001c1   Thumb Code    98  uldiv.o(.text)
    __aeabi_memcpy                           0x08000223   Thumb Code    36  memcpya.o(.text)
    __aeabi_memcpy4                          0x08000223   Thumb Code     0  memcpya.o(.text)
    __aeabi_memcpy8                          0x08000223   Thumb Code     0  memcpya.o(.text)
    __aeabi_memset                           0x08000247   Thumb Code    14  memseta.o(.text)
    __aeabi_memset4                          0x08000247   Thumb Code     0  memseta.o(.text)
    __aeabi_memset8                          0x08000247   Thumb Code     0  memseta.o(.text)
    __aeabi_memclr                           0x08000255   Thumb Code     4  memseta.o(.text)
    __aeabi_memclr4                          0x08000255   Thumb Code     0  memseta.o(.text)
    __aeabi_memclr8                          0x08000255   Thumb Code     0  memseta.o(.text)
    _memset$wrapper                          0x08000259   Thumb Code    18  memseta.o(.text)
    __aeabi_dadd                             0x0800026b   Thumb Code   322  dadd.o(.text)
    __aeabi_dsub                             0x080003ad   Thumb Code     6  dadd.o(.text)
    __aeabi_drsub                            0x080003b3   Thumb Code     6  dadd.o(.text)
    __aeabi_dmul                             0x080003b9   Thumb Code   228  dmul.o(.text)
    __aeabi_uidiv                            0x0800049d   Thumb Code     0  uidiv.o(.text)
    __aeabi_uidivmod                         0x0800049d   Thumb Code    44  uidiv.o(.text)
    __aeabi_llsl                             0x080004c9   Thumb Code    30  llshl.o(.text)
    _ll_shift_l                              0x080004c9   Thumb Code     0  llshl.o(.text)
    __aeabi_llsr                             0x080004e7   Thumb Code    32  llushr.o(.text)
    _ll_ushift_r                             0x080004e7   Thumb Code     0  llushr.o(.text)
    __aeabi_lasr                             0x08000507   Thumb Code    36  llsshr.o(.text)
    _ll_sshift_r                             0x08000507   Thumb Code     0  llsshr.o(.text)
    __I$use$fp                               0x0800052b   Thumb Code     0  iusefp.o(.text)
    _double_round                            0x0800052b   Thumb Code    30  depilogue.o(.text)
    _double_epilogue                         0x08000549   Thumb Code   156  depilogue.o(.text)
    __aeabi_ddiv                             0x080005e5   Thumb Code   222  ddiv.o(.text)
    __aeabi_d2ulz                            0x080006c3   Thumb Code    48  dfixul.o(.text)
    __aeabi_cdrcmple                         0x080006f5   Thumb Code    48  cdrcmple.o(.text)
    __scatterload                            0x08000725   Thumb Code    28  init.o(.text)
    __scatterload_rt2                        0x08000725   Thumb Code     0  init.o(.text)
    __decompress                             0x08000749   Thumb Code     0  __dczerorl2.o(.text)
    __decompress1                            0x08000749   Thumb Code    86  __dczerorl2.o(.text)
    BusFault_Handler                         0x080008c5   Thumb Code     2  stm32f4xx_it.o(i.BusFault_Handler)
    DebugMon_Handler                         0x080009e9   Thumb Code     2  stm32f4xx_it.o(i.DebugMon_Handler)
    HAL_ADC_ConfigChannel                    0x08000a01   Thumb Code   316  stm32f4xx_hal_adc.o(i.HAL_ADC_ConfigChannel)
    HAL_ADC_Init                             0x08000b4d   Thumb Code    84  stm32f4xx_hal_adc.o(i.HAL_ADC_Init)
    HAL_ADC_MspInit                          0x08000ba1   Thumb Code    54  stm32f4xx_hal_msp.o(i.HAL_ADC_MspInit)
    HAL_Delay                                0x08000be5   Thumb Code    28  stm32f4xx_hal.o(i.HAL_Delay)
    HAL_GPIO_Init                            0x08000c01   Thumb Code   388  stm32f4xx_hal_gpio.o(i.HAL_GPIO_Init)
    HAL_GPIO_ReadPin                         0x08000db1   Thumb Code    10  stm32f4xx_hal_gpio.o(i.HAL_GPIO_ReadPin)
    HAL_GPIO_TogglePin                       0x08000dbb   Thumb Code     8  stm32f4xx_hal_gpio.o(i.HAL_GPIO_TogglePin)
    HAL_GPIO_WritePin                        0x08000dc3   Thumb Code    10  stm32f4xx_hal_gpio.o(i.HAL_GPIO_WritePin)
    HAL_GetTick                              0x08000dcd   Thumb Code     6  stm32f4xx_hal.o(i.HAL_GetTick)
    HAL_HCD_Connect_Callback                 0x08000dd9   Thumb Code     8  usbh_conf.o(i.HAL_HCD_Connect_Callback)
    HAL_HCD_Disconnect_Callback              0x08000de1   Thumb Code     8  usbh_conf.o(i.HAL_HCD_Disconnect_Callback)
    HAL_HCD_GetCurrentFrame                  0x08000de9   Thumb Code     6  stm32f4xx_hal_hcd.o(i.HAL_HCD_GetCurrentFrame)
    HAL_HCD_GetCurrentSpeed                  0x08000def   Thumb Code     6  stm32f4xx_hal_hcd.o(i.HAL_HCD_GetCurrentSpeed)
    HAL_HCD_HC_GetURBState                   0x08000df5   Thumb Code    14  stm32f4xx_hal_hcd.o(i.HAL_HCD_HC_GetURBState)
    HAL_HCD_HC_GetXferCount                  0x08000e03   Thumb Code    12  stm32f4xx_hal_hcd.o(i.HAL_HCD_HC_GetXferCount)
    HAL_HCD_HC_Halt                          0x08000e0f   Thumb Code    36  stm32f4xx_hal_hcd.o(i.HAL_HCD_HC_Halt)
    HAL_HCD_HC_Init                          0x08000e33   Thumb Code    84  stm32f4xx_hal_hcd.o(i.HAL_HCD_HC_Init)
    HAL_HCD_HC_NotifyURBChange_Callback      0x08000e87   Thumb Code     2  usbh_conf.o(i.HAL_HCD_HC_NotifyURBChange_Callback)
    HAL_HCD_HC_SubmitRequest                 0x08000e89   Thumb Code   182  stm32f4xx_hal_hcd.o(i.HAL_HCD_HC_SubmitRequest)
    HAL_HCD_IRQHandler                       0x08000f41   Thumb Code   302  stm32f4xx_hal_hcd.o(i.HAL_HCD_IRQHandler)
    HAL_HCD_Init                             0x0800106f   Thumb Code    90  stm32f4xx_hal_hcd.o(i.HAL_HCD_Init)
    HAL_HCD_MspInit                          0x080010c9   Thumb Code    92  usbh_conf.o(i.HAL_HCD_MspInit)
    HAL_HCD_ResetPort                        0x0800112d   Thumb Code     6  stm32f4xx_hal_hcd.o(i.HAL_HCD_ResetPort)
    HAL_HCD_SOF_Callback                     0x08001133   Thumb Code     8  usbh_conf.o(i.HAL_HCD_SOF_Callback)
    HAL_HCD_Start                            0x0800113b   Thumb Code    44  stm32f4xx_hal_hcd.o(i.HAL_HCD_Start)
    HAL_HCD_Stop                             0x08001167   Thumb Code    36  stm32f4xx_hal_hcd.o(i.HAL_HCD_Stop)
    HAL_IncTick                              0x0800118d   Thumb Code    10  stm32f4xx_hal.o(i.HAL_IncTick)
    HAL_Init                                 0x0800119d   Thumb Code    48  stm32f4xx_hal.o(i.HAL_Init)
    HAL_InitTick                             0x080011d1   Thumb Code    34  stm32f4xx_hal.o(i.HAL_InitTick)
    HAL_MspInit                              0x080011f9   Thumb Code    88  stm32f4xx_hal_msp.o(i.HAL_MspInit)
    HAL_NVIC_EnableIRQ                       0x08001251   Thumb Code    22  stm32f4xx_hal_cortex.o(i.HAL_NVIC_EnableIRQ)
    HAL_NVIC_SetPriority                     0x08001269   Thumb Code    60  stm32f4xx_hal_cortex.o(i.HAL_NVIC_SetPriority)
    HAL_NVIC_SetPriorityGrouping             0x080012a9   Thumb Code    26  stm32f4xx_hal_cortex.o(i.HAL_NVIC_SetPriorityGrouping)
    HAL_RCC_CSSCallback                      0x080012cd   Thumb Code     2  stm32f4xx_hal_rcc.o(i.HAL_RCC_CSSCallback)
    HAL_RCC_ClockConfig                      0x080012d1   Thumb Code   286  stm32f4xx_hal_rcc.o(i.HAL_RCC_ClockConfig)
    HAL_RCC_EnableCSS                        0x08001401   Thumb Code     8  stm32f4xx_hal_rcc.o(i.HAL_RCC_EnableCSS)
    HAL_RCC_GetHCLKFreq                      0x0800140d   Thumb Code     6  stm32f4xx_hal_rcc.o(i.HAL_RCC_GetHCLKFreq)
    HAL_RCC_GetPCLK1Freq                     0x08001419   Thumb Code    20  stm32f4xx_hal_rcc.o(i.HAL_RCC_GetPCLK1Freq)
    HAL_RCC_GetPCLK2Freq                     0x08001439   Thumb Code    20  stm32f4xx_hal_rcc.o(i.HAL_RCC_GetPCLK2Freq)
    HAL_RCC_GetSysClockFreq                  0x08001459   Thumb Code    88  stm32f4xx_hal_rcc.o(i.HAL_RCC_GetSysClockFreq)
    HAL_RCC_NMI_IRQHandler                   0x080014b9   Thumb Code    24  stm32f4xx_hal_rcc.o(i.HAL_RCC_NMI_IRQHandler)
    HAL_RCC_OscConfig                        0x080014d5   Thumb Code   730  stm32f4xx_hal_rcc.o(i.HAL_RCC_OscConfig)
    HAL_SPI_Init                             0x080017c5   Thumb Code   128  stm32f4xx_hal_spi.o(i.HAL_SPI_Init)
    HAL_SPI_MspInit                          0x08001845   Thumb Code   108  stm32f4xx_hal_msp.o(i.HAL_SPI_MspInit)
    HAL_SPI_Transmit                         0x080018c5   Thumb Code   360  stm32f4xx_hal_spi.o(i.HAL_SPI_Transmit)
    HAL_SPI_TransmitReceive                  0x08001a2d   Thumb Code   472  stm32f4xx_hal_spi.o(i.HAL_SPI_TransmitReceive)
    HAL_SYSTICK_CLKSourceConfig              0x08001c05   Thumb Code    24  stm32f4xx_hal_cortex.o(i.HAL_SYSTICK_CLKSourceConfig)
    HAL_SYSTICK_Callback                     0x08001c1d   Thumb Code     2  stm32f4xx_hal_cortex.o(i.HAL_SYSTICK_Callback)
    HAL_SYSTICK_Config                       0x08001c1f   Thumb Code    40  stm32f4xx_hal_cortex.o(i.HAL_SYSTICK_Config)
    HAL_SYSTICK_IRQHandler                   0x08001c47   Thumb Code     8  stm32f4xx_hal_cortex.o(i.HAL_SYSTICK_IRQHandler)
    HAL_UART_Init                            0x08001c4f   Thumb Code    98  stm32f4xx_hal_uart.o(i.HAL_UART_Init)
    HAL_UART_MspInit                         0x08001cb1   Thumb Code    64  stm32f4xx_hal_msp.o(i.HAL_UART_MspInit)
    HAL_UART_Transmit                        0x08001cfd   Thumb Code   186  stm32f4xx_hal_uart.o(i.HAL_UART_Transmit)
    HardFault_Handler                        0x0800231d   Thumb Code     2  stm32f4xx_it.o(i.HardFault_Handler)
    MX_USB_HOST_Init                         0x080024e5   Thumb Code    62  usb_host.o(i.MX_USB_HOST_Init)
    MX_USB_HOST_Process                      0x08002541   Thumb Code     6  usb_host.o(i.MX_USB_HOST_Process)
    MemManage_Handler                        0x0800254d   Thumb Code     2  stm32f4xx_it.o(i.MemManage_Handler)
    NMI_Handler                              0x0800254f   Thumb Code     4  stm32f4xx_it.o(i.NMI_Handler)
    OTG_FS_IRQHandler                        0x08002575   Thumb Code     6  stm32f4xx_it.o(i.OTG_FS_IRQHandler)
    PendSV_Handler                           0x0800296d   Thumb Code     2  stm32f4xx_it.o(i.PendSV_Handler)
    SVC_Handler                              0x08002a25   Thumb Code     2  stm32f4xx_it.o(i.SVC_Handler)
    Serial_println                           0x08002a27   Thumb Code    56  util.o(i.Serial_println)
    Serial_println_N                         0x08002a61   Thumb Code    46  util.o(i.Serial_println_N)
    SysTick_Handler                          0x08002a95   Thumb Code    14  stm32f4xx_it.o(i.SysTick_Handler)
    SystemClock_Config                       0x08002aa5   Thumb Code   156  main.o(i.SystemClock_Config)
    SystemInit                               0x08002b49   Thumb Code    66  system_stm32f4xx.o(i.SystemInit)
    USBH_AUDIO_BufferEmptyCallback           0x080030b5   Thumb Code     2  usbh_audio.o(i.USBH_AUDIO_BufferEmptyCallback)
    USBH_AUDIO_FrequencySet                  0x080036dd   Thumb Code     2  usbh_audio.o(i.USBH_AUDIO_FrequencySet)
    USBH_AllocPipe                           0x08003bdd   Thumb Code    52  usbh_pipes.o(i.USBH_AllocPipe)
    USBH_BulkReceiveData                     0x08003c11   Thumb Code    32  usbh_ioreq.o(i.USBH_BulkReceiveData)
    USBH_BulkSendData                        0x08003c31   Thumb Code    40  usbh_ioreq.o(i.USBH_BulkSendData)
    USBH_CDC_LineCodingChanged               0x08003e0f   Thumb Code     2  usbh_cdc.o(i.USBH_CDC_LineCodingChanged)
    USBH_CDC_ReceiveCallback                 0x08003ec9   Thumb Code     2  usbh_cdc.o(i.USBH_CDC_ReceiveCallback)
    USBH_CDC_TransmitCallback                0x08003ecf   Thumb Code     2  usbh_cdc.o(i.USBH_CDC_TransmitCallback)
    USBH_ClosePipe                           0x08003ed1   Thumb Code    10  usbh_pipes.o(i.USBH_ClosePipe)
    USBH_ClrFeature                          0x08003edb   Thumb Code    30  usbh_ctlreq.o(i.USBH_ClrFeature)
    USBH_CtlReceiveData                      0x08003ef9   Thumb Code    30  usbh_ioreq.o(i.USBH_CtlReceiveData)
    USBH_CtlReq                              0x08003f17   Thumb Code    54  usbh_ctlreq.o(i.USBH_CtlReq)
    USBH_CtlSendData                         0x08003f4d   Thumb Code    40  usbh_ioreq.o(i.USBH_CtlSendData)
    USBH_CtlSendSetup                        0x08003f75   Thumb Code    30  usbh_ioreq.o(i.USBH_CtlSendSetup)
    USBH_Delay                               0x08003f93   Thumb Code     4  usbh_conf.o(i.USBH_Delay)
    USBH_FindInterface                       0x08003f97   Thumb Code    68  usbh_core.o(i.USBH_FindInterface)
    USBH_FindInterfaceIndex                  0x08003fdb   Thumb Code    50  usbh_core.o(i.USBH_FindInterfaceIndex)
    USBH_FreePipe                            0x0800400d   Thumb Code    24  usbh_pipes.o(i.USBH_FreePipe)
    USBH_GetDescriptor                       0x08004025   Thumb Code    52  usbh_ctlreq.o(i.USBH_GetDescriptor)
    USBH_GetNextDesc                         0x08004059   Thumb Code    14  usbh_ctlreq.o(i.USBH_GetNextDesc)
    USBH_Get_CfgDesc                         0x08004067   Thumb Code    44  usbh_ctlreq.o(i.USBH_Get_CfgDesc)
    USBH_Get_DevDesc                         0x08004093   Thumb Code   154  usbh_ctlreq.o(i.USBH_Get_DevDesc)
    USBH_Get_StringDesc                      0x0800412d   Thumb Code    72  usbh_ctlreq.o(i.USBH_Get_StringDesc)
    USBH_HID_EventCallback                   0x08004221   Thumb Code     2  usbh_hid.o(i.USBH_HID_EventCallback)
    USBH_HID_GetHIDDescriptor                0x08004223   Thumb Code    20  usbh_hid.o(i.USBH_HID_GetHIDDescriptor)
    USBH_HID_GetHIDReportDescriptor          0x08004237   Thumb Code    20  usbh_hid.o(i.USBH_HID_GetHIDReportDescriptor)
    USBH_HID_GetReport                       0x0800424b   Thumb Code    34  usbh_hid.o(i.USBH_HID_GetReport)
    USBH_HID_KeybdInit                       0x0800440d   Thumb Code    76  usbh_hid_keybd.o(i.USBH_HID_KeybdInit)
    USBH_HID_MouseInit                       0x08004461   Thumb Code    56  usbh_hid_mouse.o(i.USBH_HID_MouseInit)
    USBH_HID_SetIdle                         0x0800457b   Thumb Code    26  usbh_hid.o(i.USBH_HID_SetIdle)
    USBH_HID_SetProtocol                     0x08004595   Thumb Code    30  usbh_hid.o(i.USBH_HID_SetProtocol)
    USBH_Init                                0x08004823   Thumb Code    48  usbh_core.o(i.USBH_Init)
    USBH_InterruptReceiveData                0x08004853   Thumb Code    32  usbh_ioreq.o(i.USBH_InterruptReceiveData)
    USBH_IsocSendData                        0x08004873   Thumb Code    34  usbh_ioreq.o(i.USBH_IsocSendData)
    USBH_LL_ClosePipe                        0x08004895   Thumb Code    32  usbh_conf.o(i.USBH_LL_ClosePipe)
    USBH_LL_Connect                          0x080048b5   Thumb Code    40  usbh_core.o(i.USBH_LL_Connect)
    USBH_LL_Disconnect                       0x080048dd   Thumb Code    56  usbh_core.o(i.USBH_LL_Disconnect)
    USBH_LL_DriverVBUS                       0x08004915   Thumb Code    12  usbh_conf.o(i.USBH_LL_DriverVBUS)
    USBH_LL_GetLastXferSize                  0x08004921   Thumb Code     8  usbh_conf.o(i.USBH_LL_GetLastXferSize)
    USBH_LL_GetSpeed                         0x08004929   Thumb Code    34  usbh_conf.o(i.USBH_LL_GetSpeed)
    USBH_LL_GetToggle                        0x0800494b   Thumb Code    30  usbh_conf.o(i.USBH_LL_GetToggle)
    USBH_LL_GetURBState                      0x08004969   Thumb Code     8  usbh_conf.o(i.USBH_LL_GetURBState)
    USBH_LL_IncTimer                         0x08004971   Thumb Code    30  usbh_core.o(i.USBH_LL_IncTimer)
    USBH_LL_Init                             0x08004991   Thumb Code    78  usbh_conf.o(i.USBH_LL_Init)
    USBH_LL_OpenPipe                         0x080049f9   Thumb Code    42  usbh_conf.o(i.USBH_LL_OpenPipe)
    USBH_LL_ResetPort                        0x08004a23   Thumb Code    32  usbh_conf.o(i.USBH_LL_ResetPort)
    USBH_LL_SetTimer                         0x08004a43   Thumb Code     6  usbh_core.o(i.USBH_LL_SetTimer)
    USBH_LL_SetToggle                        0x08004a49   Thumb Code    32  usbh_conf.o(i.USBH_LL_SetToggle)
    USBH_LL_Start                            0x08004a69   Thumb Code    32  usbh_conf.o(i.USBH_LL_Start)
    USBH_LL_Stop                             0x08004a89   Thumb Code    32  usbh_conf.o(i.USBH_LL_Stop)
    USBH_LL_SubmitURB                        0x08004aa9   Thumb Code    48  usbh_conf.o(i.USBH_LL_SubmitURB)
    USBH_MSC_BOT_Init                        0x08004af9   Thumb Code    26  usbh_msc_bot.o(i.USBH_MSC_BOT_Init)
    USBH_MSC_BOT_Process                     0x08004b1d   Thumb Code   470  usbh_msc_bot.o(i.USBH_MSC_BOT_Process)
    USBH_MSC_BOT_REQ_GetMaxLUN               0x08004cf9   Thumb Code    22  usbh_msc_bot.o(i.USBH_MSC_BOT_REQ_GetMaxLUN)
    USBH_MSC_BOT_REQ_Reset                   0x08004d0f   Thumb Code    22  usbh_msc_bot.o(i.USBH_MSC_BOT_REQ_Reset)
    USBH_MSC_SCSI_Inquiry                    0x080051b7   Thumb Code   192  usbh_msc_scsi.o(i.USBH_MSC_SCSI_Inquiry)
    USBH_MSC_SCSI_ReadCapacity               0x08005277   Thumb Code   122  usbh_msc_scsi.o(i.USBH_MSC_SCSI_ReadCapacity)
    USBH_MSC_SCSI_RequestSense               0x080052f1   Thumb Code   146  usbh_msc_scsi.o(i.USBH_MSC_SCSI_RequestSense)
    USBH_MSC_SCSI_TestUnitReady              0x08005383   Thumb Code    76  usbh_msc_scsi.o(i.USBH_MSC_SCSI_TestUnitReady)
    USBH_MTP_EventsCallback                  0x0800547b   Thumb Code     2  usbh_mtp.o(i.USBH_MTP_EventsCallback)
    USBH_OpenPipe                            0x080057e9   Thumb Code    20  usbh_pipes.o(i.USBH_OpenPipe)
    USBH_PTP_GetDeviceInfo                   0x080057fd   Thumb Code   142  usbh_mtp_ptp.o(i.USBH_PTP_GetDeviceInfo)
    USBH_PTP_GetResponse                     0x0800588b   Thumb Code    54  usbh_mtp_ptp.o(i.USBH_PTP_GetResponse)
    USBH_PTP_GetStorageIds                   0x080058c1   Thumb Code   156  usbh_mtp_ptp.o(i.USBH_PTP_GetStorageIds)
    USBH_PTP_GetStorageInfo                  0x0800595d   Thumb Code   154  usbh_mtp_ptp.o(i.USBH_PTP_GetStorageInfo)
    USBH_PTP_Init                            0x080059f7   Thumb Code    26  usbh_mtp_ptp.o(i.USBH_PTP_Init)
    USBH_PTP_OpenSession                     0x08005a11   Thumb Code   104  usbh_mtp_ptp.o(i.USBH_PTP_OpenSession)
    USBH_PTP_Process                         0x08005a79   Thumb Code   566  usbh_mtp_ptp.o(i.USBH_PTP_Process)
    USBH_PTP_SendRequest                     0x08005caf   Thumb Code    86  usbh_mtp_ptp.o(i.USBH_PTP_SendRequest)
    USBH_Process                             0x08005ded   Thumb Code   360  usbh_core.o(i.USBH_Process)
    USBH_RegisterClass                       0x08005f55   Thumb Code    36  usbh_core.o(i.USBH_RegisterClass)
    USBH_SelectInterface                     0x08005f79   Thumb Code    22  usbh_core.o(i.USBH_SelectInterface)
    USBH_SetAddress                          0x08005f8f   Thumb Code    28  usbh_ctlreq.o(i.USBH_SetAddress)
    USBH_SetCfg                              0x08005fab   Thumb Code    28  usbh_ctlreq.o(i.USBH_SetCfg)
    USBH_SetInterface                        0x08005fc7   Thumb Code    28  usbh_ctlreq.o(i.USBH_SetInterface)
    USBH_Start                               0x08005fe3   Thumb Code    20  usbh_core.o(i.USBH_Start)
    USB_CoreInit                             0x08006019   Thumb Code   104  stm32f4xx_ll_usb.o(i.USB_CoreInit)
    USB_DisableGlobalInt                     0x080060bd   Thumb Code    12  stm32f4xx_ll_usb.o(i.USB_DisableGlobalInt)
    USB_DoPing                               0x080060c9   Thumb Code    60  stm32f4xx_ll_usb.o(i.USB_DoPing)
    USB_DriveVbus                            0x08006109   Thumb Code    44  stm32f4xx_ll_usb.o(i.USB_DriveVbus)
    USB_EnableGlobalInt                      0x08006135   Thumb Code    12  stm32f4xx_ll_usb.o(i.USB_EnableGlobalInt)
    USB_FlushRxFifo                          0x08006141   Thumb Code    28  stm32f4xx_ll_usb.o(i.USB_FlushRxFifo)
    USB_FlushTxFifo                          0x08006161   Thumb Code    32  stm32f4xx_ll_usb.o(i.USB_FlushTxFifo)
    USB_GetCurrentFrame                      0x08006185   Thumb Code     8  stm32f4xx_ll_usb.o(i.USB_GetCurrentFrame)
    USB_GetHostSpeed                         0x0800618d   Thumb Code    14  stm32f4xx_ll_usb.o(i.USB_GetHostSpeed)
    USB_GetMode                              0x0800619b   Thumb Code     8  stm32f4xx_ll_usb.o(i.USB_GetMode)
    USB_HC_Halt                              0x080061a3   Thumb Code   328  stm32f4xx_ll_usb.o(i.USB_HC_Halt)
    USB_HC_Init                              0x080062ed   Thumb Code   234  stm32f4xx_ll_usb.o(i.USB_HC_Init)
    USB_HC_ReadInterrupt                     0x080063d7   Thumb Code    12  stm32f4xx_ll_usb.o(i.USB_HC_ReadInterrupt)
    USB_HC_StartXfer                         0x080063e5   Thumb Code   386  stm32f4xx_ll_usb.o(i.USB_HC_StartXfer)
    USB_HostInit                             0x0800656d   Thumb Code   192  stm32f4xx_ll_usb.o(i.USB_HostInit)
    USB_InitFSLSPClkSel                      0x08006641   Thumb Code    54  stm32f4xx_ll_usb.o(i.USB_InitFSLSPClkSel)
    USB_ReadInterrupts                       0x08006677   Thumb Code     8  stm32f4xx_ll_usb.o(i.USB_ReadInterrupts)
    USB_ReadPacket                           0x0800667f   Thumb Code    32  stm32f4xx_ll_usb.o(i.USB_ReadPacket)
    USB_ResetPort                            0x0800669f   Thumb Code    44  stm32f4xx_ll_usb.o(i.USB_ResetPort)
    USB_SetCurrentMode                       0x080066cb   Thumb Code    44  stm32f4xx_ll_usb.o(i.USB_SetCurrentMode)
    USB_StopHost                             0x080066f7   Thumb Code   178  stm32f4xx_ll_usb.o(i.USB_StopHost)
    USB_WritePacket                          0x080067a9   Thumb Code    40  stm32f4xx_ll_usb.o(i.USB_WritePacket)
    UsageFault_Handler                       0x080067d1   Thumb Code     2  stm32f4xx_it.o(i.UsageFault_Handler)
    _Error_Handler                           0x080067d3   Thumb Code     2  main.o(i._Error_Handler)
    __0sprintf                               0x080067d5   Thumb Code    34  printfa.o(i.__0sprintf)
    __1sprintf                               0x080067d5   Thumb Code     0  printfa.o(i.__0sprintf)
    __2sprintf                               0x080067d5   Thumb Code     0  printfa.o(i.__0sprintf)
    __c89sprintf                             0x080067d5   Thumb Code     0  printfa.o(i.__0sprintf)
    sprintf                                  0x080067d5   Thumb Code     0  printfa.o(i.__0sprintf)
    __scatterload_copy                       0x080067fd   Thumb Code    14  handlers.o(i.__scatterload_copy)
    __scatterload_null                       0x0800680b   Thumb Code     2  handlers.o(i.__scatterload_null)
    __scatterload_zeroinit                   0x0800680d   Thumb Code    14  handlers.o(i.__scatterload_zeroinit)
    adc_send_command                         0x080070d9   Thumb Code    64  ads1299.o(i.adc_send_command)
    adc_wreg                                 0x0800711d   Thumb Code   108  ads1299.o(i.adc_wreg)
    adquire_single_data                      0x0800718d   Thumb Code    86  ads1299.o(i.adquire_single_data)
    arm_fir_f32                              0x080071ed   Thumb Code  1086  arm_fir_f32.o(i.arm_fir_f32)
    arm_fir_init_f32                         0x0800762b   Thumb Code    28  arm_fir_init_f32.o(i.arm_fir_init_f32)
    byte2float                               0x08007649   Thumb Code    90  ads1299.o(i.byte2float)
    calcular_ganancia                        0x080076a9   Thumb Code    50  ads1299.o(i.calcular_ganancia)
    commandFromESP                           0x080076dd   Thumb Code    72  main.o(i.commandFromESP)
    configADS                                0x08007729   Thumb Code   194  ads1299.o(i.configADS)
    fifo_init                                0x080077f1   Thumb Code    14  usbh_hid.o(i.fifo_init)
    fifo_write                               0x080077ff   Thumb Code    80  usbh_hid.o(i.fifo_write)
    float2ESP                                0x08007851   Thumb Code    58  main.o(i.float2ESP)
    floatArray2ESP                           0x08007891   Thumb Code    96  main.o(i.floatArray2ESP)
    frame_loff_statn                         0x080078f5   Thumb Code    14  ads1299.o(i.frame_loff_statn)
    free                                     0x08007905   Thumb Code    76  malloc.o(i.free)
    main                                     0x08007955   Thumb Code   704  main.o(i.main)
    malloc                                   0x08007c39   Thumb Code    92  malloc.o(i.malloc)
    read_data_frame                          0x08007ca5   Thumb Code    36  ads1299.o(i.read_data_frame)
    update_bias_ref                          0x08007cc9   Thumb Code   108  ads1299.o(i.update_bias_ref)
    firCoeffs32                              0x08007d38   Data         116  main.o(.constdata)
    AHBPrescTable                            0x08007dac   Data          16  system_stm32f4xx.o(.constdata)
    APBPrescTable                            0x08007dbc   Data           8  system_stm32f4xx.o(.constdata)
    Region$$Table$$Base                      0x08007ddc   Number         0  anon$$obj.o(Region$$Table)
    Region$$Table$$Limit                     0x08007dfc   Number         0  anon$$obj.o(Region$$Table)
    command                                  0x20000000   Data           1  main.o(.data)
    data2ESP                                 0x20000004   Data           4  main.o(.data)
    blockSize                                0x20000008   Data           4  main.o(.data)
    numBlocks                                0x2000000c   Data           4  main.o(.data)
    Appli_state                              0x20000010   Data           1  usb_host.o(.data)
    testInput_f32_1kHz_15kHz                 0x2000001c   Data        1280  arm_fir_data.o(.data)
    uwTick                                   0x2000051c   Data           4  stm32f4xx_hal.o(.data)
    SystemCoreClock                          0x20000520   Data           4  system_stm32f4xx.o(.data)
    keybd_report_data                        0x20000524   Data           8  usbh_hid_keybd.o(.data)
    mouse_report_data                        0x2000052c   Data           4  usbh_hid_mouse.o(.data)
    mouse_info                               0x20000530   Data           5  usbh_hid_mouse.o(.data)
    AUDIO_Class                              0x20000538   Data          32  usbh_audio.o(.data)
    MTP_Class                                0x20000558   Data          32  usbh_mtp.o(.data)
    HID_Class                                0x20000578   Data          32  usbh_hid.o(.data)
    USBH_msc                                 0x20000598   Data          32  usbh_msc.o(.data)
    CDC_Class                                0x200005b8   Data          32  usbh_cdc.o(.data)
    __microlib_freelist                      0x200005d8   Data           4  mvars.o(.data)
    __microlib_freelist_initialised          0x200005dc   Data           4  mvars.o(.data)
    hadc1                                    0x200005e0   Data          72  main.o(.bss)
    hspi1                                    0x20000628   Data          88  main.o(.bss)
    hspi2                                    0x20000680   Data          88  main.o(.bss)
    huart4                                   0x200006d8   Data          64  main.o(.bss)
    channel_1                                0x20000718   Data        1000  main.o(.bss)
    data                                     0x20000b00   Data          27  main.o(.bss)
    hhcd_USB_OTG_FS                          0x2000110c   Data         664  usbh_conf.o(.bss)
    hUsbHostFS                               0x200013a4   Data        1432  usb_host.o(.bss)
    keybd_info                               0x2000193c   Data          15  usbh_hid_keybd.o(.bss)
    __heap_base                              0x20001950   Data           0  startup_stm32f405xx.o(HEAP)
    __heap_limit                             0x20001b50   Data           0  startup_stm32f405xx.o(HEAP)
    __initial_sp                             0x20001f50   Data           0  startup_stm32f405xx.o(STACK)



==============================================================================

Memory Map of the image

  Image Entry point : 0x08000189

  Load Region LR_IROM1 (Base: 0x08000000, Size: 0x000083dc, Max: 0x00100000, ABSOLUTE, COMPRESSED[0x00007f28])

    Execution Region ER_IROM1 (Base: 0x08000000, Size: 0x00007dfc, Max: 0x00100000, ABSOLUTE)

    Base Addr    Size         Type   Attr      Idx    E Section Name        Object

    0x08000000   0x00000188   Data   RO         3540    RESET               startup_stm32f405xx.o
    0x08000188   0x00000000   Code   RO         5008  * .ARM.Collect$$$$00000000  mc_w.l(entry.o)
    0x08000188   0x00000004   Code   RO         5348    .ARM.Collect$$$$00000001  mc_w.l(entry2.o)
    0x0800018c   0x00000004   Code   RO         5351    .ARM.Collect$$$$00000004  mc_w.l(entry5.o)
    0x08000190   0x00000000   Code   RO         5353    .ARM.Collect$$$$00000008  mc_w.l(entry7b.o)
    0x08000190   0x00000000   Code   RO         5355    .ARM.Collect$$$$0000000A  mc_w.l(entry8b.o)
    0x08000190   0x00000008   Code   RO         5356    .ARM.Collect$$$$0000000B  mc_w.l(entry9a.o)
    0x08000198   0x00000000   Code   RO         5358    .ARM.Collect$$$$0000000D  mc_w.l(entry10a.o)
    0x08000198   0x00000000   Code   RO         5360    .ARM.Collect$$$$0000000F  mc_w.l(entry11a.o)
    0x08000198   0x00000004   Code   RO         5349    .ARM.Collect$$$$00002712  mc_w.l(entry2.o)
    0x0800019c   0x00000024   Code   RO         3541    .text               startup_stm32f405xx.o
    0x080001c0   0x00000062   Code   RO         5011    .text               mc_w.l(uldiv.o)
    0x08000222   0x00000024   Code   RO         5013    .text               mc_w.l(memcpya.o)
    0x08000246   0x00000024   Code   RO         5015    .text               mc_w.l(memseta.o)
    0x0800026a   0x0000014e   Code   RO         5308    .text               mf_w.l(dadd.o)
    0x080003b8   0x000000e4   Code   RO         5310    .text               mf_w.l(dmul.o)
    0x0800049c   0x0000002c   Code   RO         5365    .text               mc_w.l(uidiv.o)
    0x080004c8   0x0000001e   Code   RO         5367    .text               mc_w.l(llshl.o)
    0x080004e6   0x00000020   Code   RO         5369    .text               mc_w.l(llushr.o)
    0x08000506   0x00000024   Code   RO         5371    .text               mc_w.l(llsshr.o)
    0x0800052a   0x00000000   Code   RO         5382    .text               mc_w.l(iusefp.o)
    0x0800052a   0x000000ba   Code   RO         5385    .text               mf_w.l(depilogue.o)
    0x080005e4   0x000000de   Code   RO         5387    .text               mf_w.l(ddiv.o)
    0x080006c2   0x00000030   Code   RO         5391    .text               mf_w.l(dfixul.o)
    0x080006f2   0x00000002   PAD
    0x080006f4   0x00000030   Code   RO         5393    .text               mf_w.l(cdrcmple.o)
    0x08000724   0x00000024   Code   RO         5398    .text               mc_w.l(init.o)
    0x08000748   0x00000056   Code   RO         5412    .text               mc_w.l(__dczerorl2.o)
    0x0800079e   0x00000002   PAD
    0x080007a0   0x00000124   Code   RO         3010    i.ADC_Init          stm32f4xx_hal_adc.o
    0x080008c4   0x00000002   Code   RO          169    i.BusFault_Handler  stm32f4xx_it.o
    0x080008c6   0x00000068   Code   RO         4661    i.CDC_ProcessReception  usbh_cdc.o
    0x0800092e   0x00000072   Code   RO         4662    i.CDC_ProcessTransmission  usbh_cdc.o
    0x080009a0   0x00000048   Code   RO         4780    i.DeInitStateMachine  usbh_core.o
    0x080009e8   0x00000002   Code   RO          170    i.DebugMon_Handler  stm32f4xx_it.o
    0x080009ea   0x00000016   Code   RO         4663    i.GetLineCoding     usbh_cdc.o
    0x08000a00   0x0000014c   Code   RO         3012    i.HAL_ADC_ConfigChannel  stm32f4xx_hal_adc.o
    0x08000b4c   0x00000054   Code   RO         3021    i.HAL_ADC_Init      stm32f4xx_hal_adc.o
    0x08000ba0   0x00000044   Code   RO            5    i.HAL_ADC_MspInit   stm32f4xx_hal_msp.o
    0x08000be4   0x0000001c   Code   RO         1094    i.HAL_Delay         stm32f4xx_hal.o
    0x08000c00   0x000001b0   Code   RO         1284    i.HAL_GPIO_Init     stm32f4xx_hal_gpio.o
    0x08000db0   0x0000000a   Code   RO         1286    i.HAL_GPIO_ReadPin  stm32f4xx_hal_gpio.o
    0x08000dba   0x00000008   Code   RO         1287    i.HAL_GPIO_TogglePin  stm32f4xx_hal_gpio.o
    0x08000dc2   0x0000000a   Code   RO         1288    i.HAL_GPIO_WritePin  stm32f4xx_hal_gpio.o
    0x08000dcc   0x0000000c   Code   RO         1100    i.HAL_GetTick       stm32f4xx_hal.o
    0x08000dd8   0x00000008   Code   RO          370    i.HAL_HCD_Connect_Callback  usbh_conf.o
    0x08000de0   0x00000008   Code   RO          371    i.HAL_HCD_Disconnect_Callback  usbh_conf.o
    0x08000de8   0x00000006   Code   RO         2458    i.HAL_HCD_GetCurrentFrame  stm32f4xx_hal_hcd.o
    0x08000dee   0x00000006   Code   RO         2459    i.HAL_HCD_GetCurrentSpeed  stm32f4xx_hal_hcd.o
    0x08000df4   0x0000000e   Code   RO         2462    i.HAL_HCD_HC_GetURBState  stm32f4xx_hal_hcd.o
    0x08000e02   0x0000000c   Code   RO         2463    i.HAL_HCD_HC_GetXferCount  stm32f4xx_hal_hcd.o
    0x08000e0e   0x00000024   Code   RO         2464    i.HAL_HCD_HC_Halt   stm32f4xx_hal_hcd.o
    0x08000e32   0x00000054   Code   RO         2465    i.HAL_HCD_HC_Init   stm32f4xx_hal_hcd.o
    0x08000e86   0x00000002   Code   RO          372    i.HAL_HCD_HC_NotifyURBChange_Callback  usbh_conf.o
    0x08000e88   0x000000b6   Code   RO         2467    i.HAL_HCD_HC_SubmitRequest  stm32f4xx_hal_hcd.o
    0x08000f3e   0x00000002   PAD
    0x08000f40   0x0000012e   Code   RO         2468    i.HAL_HCD_IRQHandler  stm32f4xx_hal_hcd.o
    0x0800106e   0x0000005a   Code   RO         2469    i.HAL_HCD_Init      stm32f4xx_hal_hcd.o
    0x080010c8   0x00000064   Code   RO          374    i.HAL_HCD_MspInit   usbh_conf.o
    0x0800112c   0x00000006   Code   RO         2472    i.HAL_HCD_ResetPort  stm32f4xx_hal_hcd.o
    0x08001132   0x00000008   Code   RO          375    i.HAL_HCD_SOF_Callback  usbh_conf.o
    0x0800113a   0x0000002c   Code   RO         2474    i.HAL_HCD_Start     stm32f4xx_hal_hcd.o
    0x08001166   0x00000024   Code   RO         2475    i.HAL_HCD_Stop      stm32f4xx_hal_hcd.o
    0x0800118a   0x00000002   PAD
    0x0800118c   0x00000010   Code   RO         1102    i.HAL_IncTick       stm32f4xx_hal.o
    0x0800119c   0x00000034   Code   RO         1103    i.HAL_Init          stm32f4xx_hal.o
    0x080011d0   0x00000028   Code   RO         1104    i.HAL_InitTick      stm32f4xx_hal.o
    0x080011f8   0x00000058   Code   RO            6    i.HAL_MspInit       stm32f4xx_hal_msp.o
    0x08001250   0x00000016   Code   RO         1518    i.HAL_NVIC_EnableIRQ  stm32f4xx_hal_cortex.o
    0x08001266   0x00000002   PAD
    0x08001268   0x00000040   Code   RO         1524    i.HAL_NVIC_SetPriority  stm32f4xx_hal_cortex.o
    0x080012a8   0x00000024   Code   RO         1525    i.HAL_NVIC_SetPriorityGrouping  stm32f4xx_hal_cortex.o
    0x080012cc   0x00000002   Code   RO         2257    i.HAL_RCC_CSSCallback  stm32f4xx_hal_rcc.o
    0x080012ce   0x00000002   PAD
    0x080012d0   0x00000130   Code   RO         2258    i.HAL_RCC_ClockConfig  stm32f4xx_hal_rcc.o
    0x08001400   0x0000000c   Code   RO         2261    i.HAL_RCC_EnableCSS  stm32f4xx_hal_rcc.o
    0x0800140c   0x0000000c   Code   RO         2263    i.HAL_RCC_GetHCLKFreq  stm32f4xx_hal_rcc.o
    0x08001418   0x00000020   Code   RO         2265    i.HAL_RCC_GetPCLK1Freq  stm32f4xx_hal_rcc.o
    0x08001438   0x00000020   Code   RO         2266    i.HAL_RCC_GetPCLK2Freq  stm32f4xx_hal_rcc.o
    0x08001458   0x00000060   Code   RO         2267    i.HAL_RCC_GetSysClockFreq  stm32f4xx_hal_rcc.o
    0x080014b8   0x0000001c   Code   RO         2269    i.HAL_RCC_NMI_IRQHandler  stm32f4xx_hal_rcc.o
    0x080014d4   0x000002f0   Code   RO         2270    i.HAL_RCC_OscConfig  stm32f4xx_hal_rcc.o
    0x080017c4   0x00000080   Code   RO         1659    i.HAL_SPI_Init      stm32f4xx_hal_spi.o
    0x08001844   0x00000080   Code   RO            8    i.HAL_SPI_MspInit   stm32f4xx_hal_msp.o
    0x080018c4   0x00000168   Code   RO         1667    i.HAL_SPI_Transmit  stm32f4xx_hal_spi.o
    0x08001a2c   0x000001d8   Code   RO         1668    i.HAL_SPI_TransmitReceive  stm32f4xx_hal_spi.o
    0x08001c04   0x00000018   Code   RO         1527    i.HAL_SYSTICK_CLKSourceConfig  stm32f4xx_hal_cortex.o
    0x08001c1c   0x00000002   Code   RO         1528    i.HAL_SYSTICK_Callback  stm32f4xx_hal_cortex.o
    0x08001c1e   0x00000028   Code   RO         1529    i.HAL_SYSTICK_Config  stm32f4xx_hal_cortex.o
    0x08001c46   0x00000008   Code   RO         1530    i.HAL_SYSTICK_IRQHandler  stm32f4xx_hal_cortex.o
    0x08001c4e   0x00000062   Code   RO         3202    i.HAL_UART_Init     stm32f4xx_hal_uart.o
    0x08001cb0   0x0000004c   Code   RO           10    i.HAL_UART_MspInit  stm32f4xx_hal_msp.o
    0x08001cfc   0x000000ba   Code   RO         3210    i.HAL_UART_Transmit  stm32f4xx_hal_uart.o
    0x08001db6   0x00000232   Code   RO         2476    i.HCD_HC_IN_IRQHandler  stm32f4xx_hal_hcd.o
    0x08001fe8   0x00000216   Code   RO         2477    i.HCD_HC_OUT_IRQHandler  stm32f4xx_hal_hcd.o
    0x080021fe   0x000000ac   Code   RO         2478    i.HCD_Port_IRQHandler  stm32f4xx_hal_hcd.o
    0x080022aa   0x00000002   PAD
    0x080022ac   0x00000070   Code   RO         2479    i.HCD_RXQLVL_IRQHandler  stm32f4xx_hal_hcd.o
    0x0800231c   0x00000002   Code   RO          171    i.HardFault_Handler  stm32f4xx_it.o
    0x0800231e   0x00000002   PAD
    0x08002320   0x00000054   Code   RO          251    i.MX_ADC1_Init      main.o
    0x08002374   0x000000f8   Code   RO          252    i.MX_GPIO_Init      main.o
    0x0800246c   0x00000038   Code   RO          253    i.MX_SPI1_Init      main.o
    0x080024a4   0x00000040   Code   RO          254    i.MX_SPI2_Init      main.o
    0x080024e4   0x0000005c   Code   RO          619    i.MX_USB_HOST_Init  usb_host.o
    0x08002540   0x0000000c   Code   RO          620    i.MX_USB_HOST_Process  usb_host.o
    0x0800254c   0x00000002   Code   RO          172    i.MemManage_Handler  stm32f4xx_it.o
    0x0800254e   0x00000004   Code   RO          173    i.NMI_Handler       stm32f4xx_it.o
    0x08002552   0x00000020   Code   RO         1531    i.NVIC_SetPriority  stm32f4xx_hal_cortex.o
    0x08002572   0x00000002   PAD
    0x08002574   0x0000000c   Code   RO          174    i.OTG_FS_IRQHandler  stm32f4xx_it.o
    0x08002580   0x00000070   Code   RO         4388    i.PTP_BufferFullCallback  usbh_mtp_ptp.o
    0x080025f0   0x00000138   Code   RO         4389    i.PTP_DecodeDeviceInfo  usbh_mtp_ptp.o
    0x08002728   0x0000003a   Code   RO         4390    i.PTP_GetArray16    usbh_mtp_ptp.o
    0x08002762   0x00000002   PAD
    0x08002764   0x00000046   Code   RO         4391    i.PTP_GetArray32    usbh_mtp_ptp.o
    0x080027aa   0x000000f8   Code   RO         4396    i.PTP_GetStorageInfo  usbh_mtp_ptp.o
    0x080028a2   0x00000024   Code   RO         4397    i.PTP_GetString     usbh_mtp_ptp.o
    0x080028c6   0x000000a6   Code   RO         3841    i.ParseCSDescriptors  usbh_audio.o
    0x0800296c   0x00000002   Code   RO          175    i.PendSV_Handler    stm32f4xx_it.o
    0x0800296e   0x00000020   Code   RO         1683    i.SPI_CheckFlag_BSY  stm32f4xx_hal_spi.o
    0x0800298e   0x00000096   Code   RO         1701    i.SPI_WaitFlagStateUntilTimeout  stm32f4xx_hal_spi.o
    0x08002a24   0x00000002   Code   RO          176    i.SVC_Handler       stm32f4xx_it.o
    0x08002a26   0x00000038   Code   RO          539    i.Serial_println    util.o
    0x08002a5e   0x00000002   PAD
    0x08002a60   0x00000034   Code   RO          540    i.Serial_println_N  util.o
    0x08002a94   0x0000000e   Code   RO          177    i.SysTick_Handler   stm32f4xx_it.o
    0x08002aa2   0x00000002   PAD
    0x08002aa4   0x000000a4   Code   RO          255    i.SystemClock_Config  main.o
    0x08002b48   0x00000054   Code   RO         3504    i.SystemInit        system_stm32f4xx.o
    0x08002b9c   0x000002ac   Code   RO         3228    i.UART_SetConfig    stm32f4xx_hal_uart.o
    0x08002e48   0x00000064   Code   RO         3230    i.UART_WaitOnFlagUntilTimeout  stm32f4xx_hal_uart.o
    0x08002eac   0x00000082   Code   RO         3842    i.USBH_AC_GetCur    usbh_audio.o
    0x08002f2e   0x00000082   Code   RO         3843    i.USBH_AC_GetMax    usbh_audio.o
    0x08002fb0   0x00000082   Code   RO         3844    i.USBH_AC_GetMin    usbh_audio.o
    0x08003032   0x00000082   Code   RO         3845    i.USBH_AC_GetRes    usbh_audio.o
    0x080030b4   0x00000002   Code   RO         3846    i.USBH_AUDIO_BufferEmptyCallback  usbh_audio.o
    0x080030b6   0x00000002   PAD
    0x080030b8   0x000000c6   Code   RO         3847    i.USBH_AUDIO_BuildHeadphonePath  usbh_audio.o
    0x0800317e   0x00000002   PAD
    0x08003180   0x00000086   Code   RO         3848    i.USBH_AUDIO_BuildMicrophonePath  usbh_audio.o
    0x08003206   0x000000d8   Code   RO         3849    i.USBH_AUDIO_CSRequest  usbh_audio.o
    0x080032de   0x000000e8   Code   RO         3851    i.USBH_AUDIO_ClassRequest  usbh_audio.o
    0x080033c6   0x000000c8   Code   RO         3852    i.USBH_AUDIO_Control  usbh_audio.o
    0x0800348e   0x00000074   Code   RO         3853    i.USBH_AUDIO_FindAudioStreamingIN  usbh_audio.o
    0x08003502   0x00000076   Code   RO         3854    i.USBH_AUDIO_FindAudioStreamingOUT  usbh_audio.o
    0x08003578   0x00000084   Code   RO         3855    i.USBH_AUDIO_FindHIDControl  usbh_audio.o
    0x080035fc   0x000000e0   Code   RO         3856    i.USBH_AUDIO_FindLinkedUnit  usbh_audio.o
    0x080036dc   0x00000002   Code   RO         3857    i.USBH_AUDIO_FrequencySet  usbh_audio.o
    0x080036de   0x00000070   Code   RO         3859    i.USBH_AUDIO_InterfaceDeInit  usbh_audio.o
    0x0800374e   0x000001b4   Code   RO         3860    i.USBH_AUDIO_InterfaceInit  usbh_audio.o
    0x08003902   0x00000086   Code   RO         3861    i.USBH_AUDIO_OutputStream  usbh_audio.o
    0x08003988   0x0000008c   Code   RO         3862    i.USBH_AUDIO_ParseCSDescriptors  usbh_audio.o
    0x08003a14   0x0000001a   Code   RO         3864    i.USBH_AUDIO_Process  usbh_audio.o
    0x08003a2e   0x00000004   Code   RO         3866    i.USBH_AUDIO_SOFProcess  usbh_audio.o
    0x08003a32   0x000000bc   Code   RO         3867    i.USBH_AUDIO_SetControlAttribute  usbh_audio.o
    0x08003aee   0x00000020   Code   RO         3868    i.USBH_AUDIO_SetEndpointControls  usbh_audio.o
    0x08003b0e   0x000000ce   Code   RO         3873    i.USBH_AUDIO_Transmit  usbh_audio.o
    0x08003bdc   0x00000034   Code   RO         3636    i.USBH_AllocPipe    usbh_pipes.o
    0x08003c10   0x00000020   Code   RO         3730    i.USBH_BulkReceiveData  usbh_ioreq.o
    0x08003c30   0x00000028   Code   RO         3731    i.USBH_BulkSendData  usbh_ioreq.o
    0x08003c58   0x00000024   Code   RO         4664    i.USBH_CDC_ClassRequest  usbh_cdc.o
    0x08003c7c   0x0000005e   Code   RO         4667    i.USBH_CDC_InterfaceDeInit  usbh_cdc.o
    0x08003cda   0x00000134   Code   RO         4668    i.USBH_CDC_InterfaceInit  usbh_cdc.o
    0x08003e0e   0x00000002   Code   RO         4669    i.USBH_CDC_LineCodingChanged  usbh_cdc.o
    0x08003e10   0x000000b8   Code   RO         4670    i.USBH_CDC_Process  usbh_cdc.o
    0x08003ec8   0x00000002   Code   RO         4672    i.USBH_CDC_ReceiveCallback  usbh_cdc.o
    0x08003eca   0x00000004   Code   RO         4673    i.USBH_CDC_SOFProcess  usbh_cdc.o
    0x08003ece   0x00000002   Code   RO         4677    i.USBH_CDC_TransmitCallback  usbh_cdc.o
    0x08003ed0   0x0000000a   Code   RO         3637    i.USBH_ClosePipe    usbh_pipes.o
    0x08003eda   0x0000001e   Code   RO         3548    i.USBH_ClrFeature   usbh_ctlreq.o
    0x08003ef8   0x0000001e   Code   RO         3732    i.USBH_CtlReceiveData  usbh_ioreq.o
    0x08003f16   0x00000036   Code   RO         3549    i.USBH_CtlReq       usbh_ctlreq.o
    0x08003f4c   0x00000028   Code   RO         3733    i.USBH_CtlSendData  usbh_ioreq.o
    0x08003f74   0x0000001e   Code   RO         3734    i.USBH_CtlSendSetup  usbh_ioreq.o
    0x08003f92   0x00000004   Code   RO          376    i.USBH_Delay        usbh_conf.o
    0x08003f96   0x00000044   Code   RO         4782    i.USBH_FindInterface  usbh_core.o
    0x08003fda   0x00000032   Code   RO         4783    i.USBH_FindInterfaceIndex  usbh_core.o
    0x0800400c   0x00000018   Code   RO         3638    i.USBH_FreePipe     usbh_pipes.o
    0x08004024   0x00000034   Code   RO         3550    i.USBH_GetDescriptor  usbh_ctlreq.o
    0x08004058   0x0000000e   Code   RO         3551    i.USBH_GetNextDesc  usbh_ctlreq.o
    0x08004066   0x0000002c   Code   RO         3552    i.USBH_Get_CfgDesc  usbh_ctlreq.o
    0x08004092   0x0000009a   Code   RO         3553    i.USBH_Get_DevDesc  usbh_ctlreq.o
    0x0800412c   0x00000048   Code   RO         3554    i.USBH_Get_StringDesc  usbh_ctlreq.o
    0x08004174   0x000000ac   Code   RO         4239    i.USBH_HID_ClassRequest  usbh_hid.o
    0x08004220   0x00000002   Code   RO         4240    i.USBH_HID_EventCallback  usbh_hid.o
    0x08004222   0x00000014   Code   RO         4242    i.USBH_HID_GetHIDDescriptor  usbh_hid.o
    0x08004236   0x00000014   Code   RO         4243    i.USBH_HID_GetHIDReportDescriptor  usbh_hid.o
    0x0800424a   0x00000022   Code   RO         4245    i.USBH_HID_GetReport  usbh_hid.o
    0x0800426c   0x00000044   Code   RO         4246    i.USBH_HID_InterfaceDeInit  usbh_hid.o
    0x080042b0   0x0000015c   Code   RO         4247    i.USBH_HID_InterfaceInit  usbh_hid.o
    0x0800440c   0x00000054   Code   RO         3681    i.USBH_HID_KeybdInit  usbh_hid_keybd.o
    0x08004460   0x0000003c   Code   RO         3804    i.USBH_HID_MouseInit  usbh_hid_mouse.o
    0x0800449c   0x000000bc   Code   RO         4248    i.USBH_HID_Process  usbh_hid.o
    0x08004558   0x00000022   Code   RO         4249    i.USBH_HID_SOFProcess  usbh_hid.o
    0x0800457a   0x0000001a   Code   RO         4250    i.USBH_HID_SetIdle  usbh_hid.o
    0x08004594   0x0000001e   Code   RO         4251    i.USBH_HID_SetProtocol  usbh_hid.o
    0x080045b2   0x0000017e   Code   RO         3555    i.USBH_HandleControl  usbh_ctlreq.o
    0x08004730   0x000000f2   Code   RO         4785    i.USBH_HandleEnum   usbh_core.o
    0x08004822   0x00000030   Code   RO         4786    i.USBH_Init         usbh_core.o
    0x08004852   0x00000020   Code   RO         3735    i.USBH_InterruptReceiveData  usbh_ioreq.o
    0x08004872   0x00000022   Code   RO         3738    i.USBH_IsocSendData  usbh_ioreq.o
    0x08004894   0x00000020   Code   RO          377    i.USBH_LL_ClosePipe  usbh_conf.o
    0x080048b4   0x00000028   Code   RO         4787    i.USBH_LL_Connect   usbh_core.o
    0x080048dc   0x00000038   Code   RO         4788    i.USBH_LL_Disconnect  usbh_core.o
    0x08004914   0x0000000c   Code   RO          379    i.USBH_LL_DriverVBUS  usbh_conf.o
    0x08004920   0x00000008   Code   RO          380    i.USBH_LL_GetLastXferSize  usbh_conf.o
    0x08004928   0x00000022   Code   RO          381    i.USBH_LL_GetSpeed  usbh_conf.o
    0x0800494a   0x0000001e   Code   RO          382    i.USBH_LL_GetToggle  usbh_conf.o
    0x08004968   0x00000008   Code   RO          383    i.USBH_LL_GetURBState  usbh_conf.o
    0x08004970   0x0000001e   Code   RO         4789    i.USBH_LL_IncTimer  usbh_core.o
    0x0800498e   0x00000002   PAD
    0x08004990   0x00000068   Code   RO          384    i.USBH_LL_Init      usbh_conf.o
    0x080049f8   0x0000002a   Code   RO          385    i.USBH_LL_OpenPipe  usbh_conf.o
    0x08004a22   0x00000020   Code   RO          386    i.USBH_LL_ResetPort  usbh_conf.o
    0x08004a42   0x00000006   Code   RO         4790    i.USBH_LL_SetTimer  usbh_core.o
    0x08004a48   0x00000020   Code   RO          387    i.USBH_LL_SetToggle  usbh_conf.o
    0x08004a68   0x00000020   Code   RO          388    i.USBH_LL_Start     usbh_conf.o
    0x08004a88   0x00000020   Code   RO          389    i.USBH_LL_Stop      usbh_conf.o
    0x08004aa8   0x00000030   Code   RO          390    i.USBH_LL_SubmitURB  usbh_conf.o
    0x08004ad8   0x0000001e   Code   RO         4192    i.USBH_MSC_BOT_Abort  usbh_msc_bot.o
    0x08004af6   0x00000002   PAD
    0x08004af8   0x00000024   Code   RO         4193    i.USBH_MSC_BOT_Init  usbh_msc_bot.o
    0x08004b1c   0x000001dc   Code   RO         4194    i.USBH_MSC_BOT_Process  usbh_msc_bot.o
    0x08004cf8   0x00000016   Code   RO         4195    i.USBH_MSC_BOT_REQ_GetMaxLUN  usbh_msc_bot.o
    0x08004d0e   0x00000016   Code   RO         4196    i.USBH_MSC_BOT_REQ_Reset  usbh_msc_bot.o
    0x08004d24   0x0000006c   Code   RO         4570    i.USBH_MSC_ClassRequest  usbh_msc.o
    0x08004d90   0x0000004a   Code   RO         4573    i.USBH_MSC_InterfaceDeInit  usbh_msc.o
    0x08004dda   0x0000014c   Code   RO         4574    i.USBH_MSC_InterfaceInit  usbh_msc.o
    0x08004f26   0x00000290   Code   RO         4576    i.USBH_MSC_Process  usbh_msc.o
    0x080051b6   0x000000c0   Code   RO         4897    i.USBH_MSC_SCSI_Inquiry  usbh_msc_scsi.o
    0x08005276   0x0000007a   Code   RO         4899    i.USBH_MSC_SCSI_ReadCapacity  usbh_msc_scsi.o
    0x080052f0   0x00000092   Code   RO         4900    i.USBH_MSC_SCSI_RequestSense  usbh_msc_scsi.o
    0x08005382   0x0000004c   Code   RO         4901    i.USBH_MSC_SCSI_TestUnitReady  usbh_msc_scsi.o
    0x080053ce   0x00000004   Code   RO         4579    i.USBH_MSC_SOFProcess  usbh_msc.o
    0x080053d2   0x00000004   Code   RO         4041    i.USBH_MTP_ClassRequest  usbh_mtp.o
    0x080053d6   0x000000a4   Code   RO         4043    i.USBH_MTP_Events   usbh_mtp.o
    0x0800547a   0x00000002   Code   RO         4044    i.USBH_MTP_EventsCallback  usbh_mtp.o
    0x0800547c   0x00000074   Code   RO         4056    i.USBH_MTP_InterfaceDeInit  usbh_mtp.o
    0x080054f0   0x0000021c   Code   RO         4057    i.USBH_MTP_InterfaceInit  usbh_mtp.o
    0x0800570c   0x000000d8   Code   RO         4059    i.USBH_MTP_Process  usbh_mtp.o
    0x080057e4   0x00000004   Code   RO         4060    i.USBH_MTP_SOFProcess  usbh_mtp.o
    0x080057e8   0x00000014   Code   RO         3639    i.USBH_OpenPipe     usbh_pipes.o
    0x080057fc   0x0000008e   Code   RO         4399    i.USBH_PTP_GetDeviceInfo  usbh_mtp_ptp.o
    0x0800588a   0x00000036   Code   RO         4409    i.USBH_PTP_GetResponse  usbh_mtp_ptp.o
    0x080058c0   0x0000009c   Code   RO         4410    i.USBH_PTP_GetStorageIds  usbh_mtp_ptp.o
    0x0800595c   0x0000009a   Code   RO         4411    i.USBH_PTP_GetStorageInfo  usbh_mtp_ptp.o
    0x080059f6   0x0000001a   Code   RO         4412    i.USBH_PTP_Init     usbh_mtp_ptp.o
    0x08005a10   0x00000068   Code   RO         4413    i.USBH_PTP_OpenSession  usbh_mtp_ptp.o
    0x08005a78   0x00000236   Code   RO         4414    i.USBH_PTP_Process  usbh_mtp_ptp.o
    0x08005cae   0x00000056   Code   RO         4416    i.USBH_PTP_SendRequest  usbh_mtp_ptp.o
    0x08005d04   0x000000e8   Code   RO         3556    i.USBH_ParseCfgDesc  usbh_ctlreq.o
    0x08005dec   0x00000168   Code   RO         4791    i.USBH_Process      usbh_core.o
    0x08005f54   0x00000024   Code   RO         4793    i.USBH_RegisterClass  usbh_core.o
    0x08005f78   0x00000016   Code   RO         4794    i.USBH_SelectInterface  usbh_core.o
    0x08005f8e   0x0000001c   Code   RO         3557    i.USBH_SetAddress   usbh_ctlreq.o
    0x08005faa   0x0000001c   Code   RO         3558    i.USBH_SetCfg       usbh_ctlreq.o
    0x08005fc6   0x0000001c   Code   RO         3559    i.USBH_SetInterface  usbh_ctlreq.o
    0x08005fe2   0x00000014   Code   RO         4795    i.USBH_Start        usbh_core.o
    0x08005ff6   0x00000002   PAD
    0x08005ff8   0x00000020   Code   RO          621    i.USBH_UserProcess  usb_host.o
    0x08006018   0x0000006c   Code   RO         2623    i.USB_CoreInit      stm32f4xx_ll_usb.o
    0x08006084   0x00000038   Code   RO         2624    i.USB_CoreReset     stm32f4xx_ll_usb.o
    0x080060bc   0x0000000c   Code   RO         2630    i.USB_DisableGlobalInt  stm32f4xx_ll_usb.o
    0x080060c8   0x00000040   Code   RO         2631    i.USB_DoPing        stm32f4xx_ll_usb.o
    0x08006108   0x0000002c   Code   RO         2632    i.USB_DriveVbus     stm32f4xx_ll_usb.o
    0x08006134   0x0000000c   Code   RO         2638    i.USB_EnableGlobalInt  stm32f4xx_ll_usb.o
    0x08006140   0x00000020   Code   RO         2639    i.USB_FlushRxFifo   stm32f4xx_ll_usb.o
    0x08006160   0x00000024   Code   RO         2640    i.USB_FlushTxFifo   stm32f4xx_ll_usb.o
    0x08006184   0x00000008   Code   RO         2641    i.USB_GetCurrentFrame  stm32f4xx_ll_usb.o
    0x0800618c   0x0000000e   Code   RO         2643    i.USB_GetHostSpeed  stm32f4xx_ll_usb.o
    0x0800619a   0x00000008   Code   RO         2644    i.USB_GetMode       stm32f4xx_ll_usb.o
    0x080061a2   0x00000148   Code   RO         2645    i.USB_HC_Halt       stm32f4xx_ll_usb.o
    0x080062ea   0x00000002   PAD
    0x080062ec   0x000000ea   Code   RO         2646    i.USB_HC_Init       stm32f4xx_ll_usb.o
    0x080063d6   0x0000000c   Code   RO         2647    i.USB_HC_ReadInterrupt  stm32f4xx_ll_usb.o
    0x080063e2   0x00000002   PAD
    0x080063e4   0x00000188   Code   RO         2648    i.USB_HC_StartXfer  stm32f4xx_ll_usb.o
    0x0800656c   0x000000d4   Code   RO         2649    i.USB_HostInit      stm32f4xx_ll_usb.o
    0x08006640   0x00000036   Code   RO         2650    i.USB_InitFSLSPClkSel  stm32f4xx_ll_usb.o
    0x08006676   0x00000008   Code   RO         2655    i.USB_ReadInterrupts  stm32f4xx_ll_usb.o
    0x0800667e   0x00000020   Code   RO         2656    i.USB_ReadPacket    stm32f4xx_ll_usb.o
    0x0800669e   0x0000002c   Code   RO         2657    i.USB_ResetPort     stm32f4xx_ll_usb.o
    0x080066ca   0x0000002c   Code   RO         2658    i.USB_SetCurrentMode  stm32f4xx_ll_usb.o
    0x080066f6   0x000000b2   Code   RO         2662    i.USB_StopHost      stm32f4xx_ll_usb.o
    0x080067a8   0x00000028   Code   RO         2663    i.USB_WritePacket   stm32f4xx_ll_usb.o
    0x080067d0   0x00000002   Code   RO          178    i.UsageFault_Handler  stm32f4xx_it.o
    0x080067d2   0x00000002   Code   RO          256    i._Error_Handler    main.o
    0x080067d4   0x00000028   Code   RO         5254    i.__0sprintf        mc_w.l(printfa.o)
    0x080067fc   0x0000000e   Code   RO         5406    i.__scatterload_copy  mc_w.l(handlers.o)
    0x0800680a   0x00000002   Code   RO         5407    i.__scatterload_null  mc_w.l(handlers.o)
    0x0800680c   0x0000000e   Code   RO         5408    i.__scatterload_zeroinit  mc_w.l(handlers.o)
    0x0800681a   0x00000002   PAD
    0x0800681c   0x00000184   Code   RO         5259    i._fp_digits        mc_w.l(printfa.o)
    0x080069a0   0x000006dc   Code   RO         5260    i._printf_core      mc_w.l(printfa.o)
    0x0800707c   0x00000024   Code   RO         5261    i._printf_post_padding  mc_w.l(printfa.o)
    0x080070a0   0x0000002e   Code   RO         5262    i._printf_pre_padding  mc_w.l(printfa.o)
    0x080070ce   0x0000000a   Code   RO         5264    i._sputc            mc_w.l(printfa.o)
    0x080070d8   0x00000044   Code   RO          695    i.adc_send_command  ads1299.o
    0x0800711c   0x00000070   Code   RO          696    i.adc_wreg          ads1299.o
    0x0800718c   0x00000060   Code   RO          698    i.adquire_single_data  ads1299.o
    0x080071ec   0x0000043e   Code   RO         4951    i.arm_fir_f32       arm_fir_f32.o
    0x0800762a   0x0000001c   Code   RO         4975    i.arm_fir_init_f32  arm_fir_init_f32.o
    0x08007646   0x00000002   PAD
    0x08007648   0x00000060   Code   RO          699    i.byte2float        ads1299.o
    0x080076a8   0x00000032   Code   RO          700    i.calcular_ganancia  ads1299.o
    0x080076da   0x00000002   PAD
    0x080076dc   0x0000004c   Code   RO          257    i.commandFromESP    main.o
    0x08007728   0x000000c8   Code   RO          701    i.configADS         ads1299.o
    0x080077f0   0x0000000e   Code   RO         4253    i.fifo_init         usbh_hid.o
    0x080077fe   0x00000050   Code   RO         4255    i.fifo_write        usbh_hid.o
    0x0800784e   0x00000002   PAD
    0x08007850   0x00000040   Code   RO          258    i.float2ESP         main.o
    0x08007890   0x00000064   Code   RO          259    i.floatArray2ESP    main.o
    0x080078f4   0x0000000e   Code   RO          702    i.frame_loff_statn  ads1299.o
    0x08007902   0x00000002   PAD
    0x08007904   0x00000050   Code   RO         5280    i.free              mc_w.l(malloc.o)
    0x08007954   0x000002e4   Code   RO          260    i.main              main.o
    0x08007c38   0x0000006c   Code   RO         5281    i.malloc            mc_w.l(malloc.o)
    0x08007ca4   0x00000024   Code   RO          708    i.read_data_frame   ads1299.o
    0x08007cc8   0x00000070   Code   RO          709    i.update_bias_ref   ads1299.o
    0x08007d38   0x00000074   Data   RO          262    .constdata          main.o
    0x08007dac   0x00000010   Data   RO         3505    .constdata          system_stm32f4xx.o
    0x08007dbc   0x00000008   Data   RO         3506    .constdata          system_stm32f4xx.o
    0x08007dc4   0x00000006   Data   RO         3874    .conststring        usbh_audio.o
    0x08007dca   0x00000002   PAD
    0x08007dcc   0x00000004   Data   RO         4063    .conststring        usbh_mtp.o
    0x08007dd0   0x00000004   Data   RO         4256    .conststring        usbh_hid.o
    0x08007dd4   0x00000004   Data   RO         4582    .conststring        usbh_msc.o
    0x08007dd8   0x00000004   Data   RO         4678    .conststring        usbh_cdc.o
    0x08007ddc   0x00000020   Data   RO         5404    Region$$Table       anon$$obj.o


    Execution Region RW_IRAM1 (Base: 0x20000000, Size: 0x00001f50, Max: 0x00020000, ABSOLUTE, COMPRESSED[0x0000012c])

    Base Addr    Size         Type   Attr      Idx    E Section Name        Object

    0x20000000   0x00000010   Data   RW          270    .data               main.o
    0x20000010   0x00000001   Data   RW          623    .data               usb_host.o
    0x20000011   0x00000003   PAD
    0x20000014   0x00000008   Data   RW          727    .data               ads1299.o
    0x2000001c   0x00000500   Data   RW         1066    .data               arm_fir_data.o
    0x2000051c   0x00000004   Data   RW         1109    .data               stm32f4xx_hal.o
    0x20000520   0x00000004   Data   RW         3507    .data               system_stm32f4xx.o
    0x20000524   0x00000008   Data   RW         3684    .data               usbh_hid_keybd.o
    0x2000052c   0x00000009   Data   RW         3806    .data               usbh_hid_mouse.o
    0x20000535   0x00000003   PAD
    0x20000538   0x00000020   Data   RW         3875    .data               usbh_audio.o
    0x20000558   0x00000020   Data   RW         4064    .data               usbh_mtp.o
    0x20000578   0x00000020   Data   RW         4257    .data               usbh_hid.o
    0x20000598   0x00000020   Data   RW         4583    .data               usbh_msc.o
    0x200005b8   0x00000020   Data   RW         4679    .data               usbh_cdc.o
    0x200005d8   0x00000004   Data   RW         5373    .data               mc_w.l(mvars.o)
    0x200005dc   0x00000004   Data   RW         5374    .data               mc_w.l(mvars.o)
    0x200005e0   0x00000b2c   Zero   RW          261    .bss                main.o
    0x2000110c   0x00000298   Zero   RW          391    .bss                usbh_conf.o
    0x200013a4   0x00000598   Zero   RW          622    .bss                usb_host.o
    0x2000193c   0x0000000f   Zero   RW         3682    .bss                usbh_hid_keybd.o
    0x2000194b   0x00000005   PAD
    0x20001950   0x00000200   Zero   RW         3539    HEAP                startup_stm32f405xx.o
    0x20001b50   0x00000400   Zero   RW         3538    STACK               startup_stm32f405xx.o


==============================================================================

Image component sizes


      Code (inc. data)   RO Data    RW Data    ZI Data      Debug   Object Name

       784         34          0          8          0     560866   ads1299.o
         0          0          0       1280          0        543   arm_fir_data.o
      1086          4          0          0          0       3074   arm_fir_f32.o
        28          0          0          0          0       1131   arm_fir_init_f32.o
      1598        110        116         16       2860      23236   main.o
        36          8        392          0       1536        820   startup_stm32f405xx.o
       148         22          0          4          0       4519   stm32f4xx_hal.o
       708         28          0          0          0       2943   stm32f4xx_hal_adc.o
       228         14          0          0          0      32325   stm32f4xx_hal_cortex.o
       460         44          0          0          0       3788   stm32f4xx_hal_gpio.o
      2198          4          0          0          0      13669   stm32f4xx_hal_hcd.o
       360         46          0          0          0     628161   stm32f4xx_hal_msp.o
      1270         86          0          0          0       7363   stm32f4xx_hal_rcc.o
      1142          0          0          0          0       5812   stm32f4xx_hal_spi.o
      1068          8          0          0          0       4216   stm32f4xx_hal_uart.o
        44          6          0          0          0       4770   stm32f4xx_it.o
      1972         48          0          0          0      17635   stm32f4xx_ll_usb.o
        84         18         24          4          0       1207   system_stm32f4xx.o
       136         40          0          1       1432      39925   usb_host.o
      3538         28          6         32          0      33242   usbh_audio.o
       872          6          4         32          0      12936   usbh_cdc.o
       576         34          0          0        664      19884   usbh_conf.o
      1050         20          0          0          0      10866   usbh_core.o
      1118         12          0          0          0      10884   usbh_ctlreq.o
      1036         24          4         32          0      14689   usbh_hid.o
        84          8          0          8         15       2824   usbh_hid_keybd.o
        60          4          0          9          0       1760   usbh_hid_mouse.o
       238          0          0          0          0       6056   usbh_ioreq.o
      1174         10          4         32          0       6391   usbh_msc.o
       586         28          0          0          0       4933   usbh_msc_bot.o
       536          0          0          0          0       4380   usbh_msc_scsi.o
      1046          6          4         32          0       8606   usbh_mtp.o
      2124         10          0          0          0      12928   usbh_mtp_ptp.o
       106          0          0          0          0       3450   usbh_pipes.o
       108          6          0          0          0       2013   util.o

    ----------------------------------------------------------------------
     27644        716        588       1496       6512    1511845   Object Totals
         0          0         32          0          0          0   (incl. Generated)
        42          0          2          6          5          0   (incl. Padding)

    ----------------------------------------------------------------------

      Code (inc. data)   RO Data    RW Data    ZI Data      Debug   Library Member Name

        86          0          0          0          0          0   __dczerorl2.o
         0          0          0          0          0          0   entry.o
         0          0          0          0          0          0   entry10a.o
         0          0          0          0          0          0   entry11a.o
         8          4          0          0          0          0   entry2.o
         4          0          0          0          0          0   entry5.o
         0          0          0          0          0          0   entry7b.o
         0          0          0          0          0          0   entry8b.o
         8          4          0          0          0          0   entry9a.o
        30          0          0          0          0          0   handlers.o
        36          8          0          0          0         68   init.o
         0          0          0          0          0          0   iusefp.o
        30          0          0          0          0         68   llshl.o
        36          0          0          0          0         68   llsshr.o
        32          0          0          0          0         68   llushr.o
       188         20          0          0          0        160   malloc.o
        36          0          0          0          0         68   memcpya.o
        36          0          0          0          0        108   memseta.o
         0          0          0          8          0          0   mvars.o
      2276         86          0          0          0        520   printfa.o
        44          0          0          0          0         80   uidiv.o
        98          0          0          0          0         92   uldiv.o
        48          0          0          0          0         68   cdrcmple.o
       334          0          0          0          0        148   dadd.o
       222          0          0          0          0        100   ddiv.o
       186          0          0          0          0        176   depilogue.o
        48          0          0          0          0         68   dfixul.o
       228          0          0          0          0         96   dmul.o

    ----------------------------------------------------------------------
      4020        122          0          8          0       1956   Library Totals
         6          0          0          0          0          0   (incl. Padding)

    ----------------------------------------------------------------------

      Code (inc. data)   RO Data    RW Data    ZI Data      Debug   Library Name

      2948        122          0          8          0       1300   mc_w.l
      1066          0          0          0          0        656   mf_w.l

    ----------------------------------------------------------------------
      4020        122          0          8          0       1956   Library Totals

    ----------------------------------------------------------------------

==============================================================================


      Code (inc. data)   RO Data    RW Data    ZI Data      Debug   

     31664        838        588       1504       6512    1488145   Grand Totals
     31664        838        588        300       6512    1488145   ELF Image Totals (compressed)
     31664        838        588        300          0          0   ROM Totals

==============================================================================

    Total RO  Size (Code + RO Data)                32252 (  31.50kB)
    Total RW  Size (RW Data + ZI Data)              8016 (   7.83kB)
    Total ROM Size (Code + RO Data + RW Data)      32552 (  31.79kB)

==============================================================================

